
> sored-backend@2.0.0 dev
> nodemon src/index.ts

[33m[nodemon] 3.1.14[39m
[33m[nodemon] to restart at any time, enter `rs`[39m
[33m[nodemon] watching path(s): *.*[39m
[33m[nodemon] watching extensions: ts,json[39m
[32m[nodemon] starting `ts-node src/index.ts`[39m
[32m[32minfo[32m[39m: [32mMercado Pago configurado com sucesso (SDK v2)[39m {"timestamp":"2026-03-23 21:13:51:1351"}
[32m[32minfo[32m[39m: [32mSORED Backend de pagamentos iniciado[39m {"environment":"development","port":"3001","timestamp":"2026-03-23 21:13:52:1352"}
[32m[32minfo[32m[39m: [32mPagamento PIX criado[39m {"orderId":"test_789","paymentId":150922350873,"timestamp":"2026-03-23 21:14:21:1421"}
prisma:warn Attempt 1/3 failed for querying: Cannot fetch data from service:
fetch failed
prisma:warn Retrying after 66ms
prisma:warn Attempt 2/3 failed for querying: Cannot fetch data from service:
fetch failed
prisma:warn Retrying after 109ms
prisma:warn Attempt 3/3 failed for querying: Cannot fetch data from service:
fetch failed
prisma:warn Retrying after 128ms
prisma:error 
Invalid `prisma.payment.create()` invocation in
C:\Users\gilmar dutra\Documents\sored-novo-main\backend\src\payments\services\paymentService.ts:72:42

  69   preferenceId?: string;
  70   mercadoPagoPaymentId?: string;
  71 }) {
→ 72   const payment = await prisma.payment.create(
Cannot fetch data from service:
fetch failed
[33m[33mwarn[33m[39m: [33mFalha ao persistir pagamento PIX internamente; retornando dados do Mercado Pago mesmo assim[39m {"error":"\nInvalid `prisma.payment.create()` invocation in\nC:\\Users\\gilmar dutra\\Documents\\sored-novo-main\\backend\\src\\payments\\services\\paymentService.ts:72:42\n\n  69   preferenceId?: string;\n  70   mercadoPagoPaymentId?: string;\n  71 }) {\n→ 72   const payment = await prisma.payment.create(\nCannot fetch data from service:\nfetch failed","mercadoPagoPaymentId":"150922350873","orderId":"test_789","timestamp":"2026-03-23 21:14:21:1421"}
[32m[32minfo[32m[39m: [32mResposta da criação de pagamento PIX do MP:[39m {"id":150922350873,"status":"pending","timestamp":"2026-03-23 21:14:21:1421"}
[35m[35mhttp[35m[39m: [35mRequisicao HTTP[39m {"duration":"2111ms","ip":"::1","method":"POST","status":200,"timestamp":"2026-03-23 21:14:21:1421","url":"/pix/create","userAgent":"node"}
[32m[32minfo[32m[39m: [32mPagamento PIX criado[39m {"orderId":"plan_monthly_1774311318897","paymentId":150922217073,"timestamp":"2026-03-23 21:15:20:1520"}
prisma:warn Attempt 1/3 failed for querying: Cannot fetch data from service:
fetch failed
prisma:warn Retrying after 32ms
prisma:warn Attempt 2/3 failed for querying: Cannot fetch data from service:
fetch failed
prisma:warn Retrying after 145ms
prisma:warn Attempt 3/3 failed for querying: Cannot fetch data from service:
fetch failed
prisma:warn Retrying after 278ms
prisma:error 
Invalid `prisma.payment.create()` invocation in
C:\Users\gilmar dutra\Documents\sored-novo-main\backend\src\payments\services\paymentService.ts:72:42

  69   preferenceId?: string;
  70   mercadoPagoPaymentId?: string;
  71 }) {
→ 72   const payment = await prisma.payment.create(
Cannot fetch data from service:
fetch failed
[33m[33mwarn[33m[39m: [33mFalha ao persistir pagamento PIX internamente; retornando dados do Mercado Pago mesmo assim[39m {"error":"\nInvalid `prisma.payment.create()` invocation in\nC:\\Users\\gilmar dutra\\Documents\\sored-novo-main\\backend\\src\\payments\\services\\paymentService.ts:72:42\n\n  69   preferenceId?: string;\n  70   mercadoPagoPaymentId?: string;\n  71 }) {\n→ 72   const payment = await prisma.payment.create(\nCannot fetch data from service:\nfetch failed","mercadoPagoPaymentId":"150922217073","orderId":"plan_monthly_1774311318897","timestamp":"2026-03-23 21:15:20:1520"}
[32m[32minfo[32m[39m: [32mResposta da criação de pagamento PIX do MP:[39m {"id":150922217073,"status":"pending","timestamp":"2026-03-23 21:15:20:1520"}
[35m[35mhttp[35m[39m: [35mRequisicao HTTP[39m {"duration":"1666ms","ip":"::1","method":"POST","status":200,"timestamp":"2026-03-23 21:15:20:1520","url":"/pix/create","userAgent":"node"}
[32m[32minfo[[32m[nodemon] restarting due to changes...[39m
[32m[nodemon] starting `ts-node src/index.ts`[39m
[32m[32minfo[32m[39m: [32mMercado Pago configurado com sucesso (SDK v2)[39m {"timestamp":"2026-03-23 21:37:33:3733"}
[32m[32minfo[32m[39m: [32mSORED Backend de pagamentos iniciado[39m {"environment":"development","port":"3001","timestamp":"2026-03-23 21:37:43:3743"}
[37m[37mdebug[37m[39m: [37mAUTH: header inválido ou nulo (null)[39m {"timestamp":"2026-03-23 21:39:24:3924"}
[35m[35mhttp[35m[39m: [35mRequisicao HTTP[39m {"duration":"17ms","ip":"::1","method":"POST","status":401,"timestamp":"2026-03-23 21:39:24:3924","url":"/","userAgent":"node"}
[31m[31merror[31m[39m: [31mErro ao criar PreApproval no Mercado Pago[39m {"error":"Invalid value for back_url, must be a valid URL","orderId":"subscription_monthly_1774313282217","timestamp":"2026-03-23 21:48:03:483"}
[31m[31merror[31m[39m: [31mErro ao criar PreApproval[39m {"error":"Invalid value for back_url, must be a valid URL","timestamp":"2026-03-23 21:48:03:483"}
[35m[35mhttp[35m[39m: [35mRequisicao HTTP[39m {"duration":"772ms","ip":"::1","method":"POST","status":500,"timestamp":"2026-03-23 21:48:03:483","url":"/preapproval/create","userAgent":"node"}
[32m[nodemon] restarting due to changes...[39m
[32m[nodemon] starting `ts-node src/index.ts`[39m
[32m[32minfo[32m[39m: [32mMercado Pago configurado com sucesso (SDK v2)[39m {"timestamp":"2026-03-23 21:49:09:499"}
[32m[32minfo[32m[39m: [32mSORED Backend de pagamentos iniciado[39m {"environment":"development","port":"3001","timestamp":"2026-03-23 21:49:18:4918"}
[32m[32minfo[32m[39m: [32mPreApproval (Assinatura) criada no Mercado Pago[39m {"orderId":"subscription_monthly_1774313455977","preApprovalId":"b6872e96415a4d0899c39c236ca9fe38","timestamp":"2026-03-23 21:50:57:5057"}
[35m[35mhttp[35m[39m: [35mRequisicao HTTP[39m {"duration":"982ms","ip":"::1","method":"POST","status":200,"timestamp":"2026-03-23 21:50:57:5057","url":"/preapproval/create","userAgent":"node"}
[32m[32minfo[32m[39m: [32mCreating checkout session with body:[39m {"amount":97,"description":"Assinatura Plano Mensal","orderId":"plan_monthly_1774313730695","payerEmail":"gilmar40dutra@gmail.com","payerFirstName":"gilmar","payerLastName":"dutra","payerPhone":"54996767613","paymentMethod":"credit_card","resolvedReturnUrl":"http://localhost:3000/payment-success","returnUrl":"http://localhost:3000/payment-success","timestamp":"2026-03-23 21:55:30:5530"}
[32m[32minfo[32m[39m: [32mPreferência de pagamento criada[39m {"orderId":"plan_monthly_1774313730695","preferenceId":"194511733-dab890cd-5bce-4779-8796-4585cd1932c2","timestamp":"2026-03-23 21:55:31:5531"}
prisma:warn Attempt 1/3 failed for querying: Cannot fetch data from service:
fetch failed
prisma:warn Retrying after 56ms
prisma:warn Attempt 2/3 failed for querying: Cannot fetch data from service:
fetch failed
prisma:warn Retrying after 79ms
prisma:warn Attempt 3/3 failed for querying: Cannot fetch data from service:
fetch failed
prisma:warn Retrying after 173ms
prisma:error 
Invalid `prisma.payment.create()` invocation in
C:\Users\gilmar dutra\Documents\sored-novo-main\backend\src\payments\services\paymentService.ts:72:42

  69   preferenceId?: string;
  70   mercadoPagoPaymentId?: string;
  71 }) {
→ 72   const payment = await prisma.payment.create(
Cannot fetch data from service:
fetch failed
[33m[33mwarn[33m[39m: [33mFalha ao persistir checkout internamente; retornando sessao do Mercado Pago mesmo assim[39m {"error":"\nInvalid `prisma.payment.create()` invocation in\nC:\\Users\\gilmar dutra\\Documents\\sored-novo-main\\backend\\src\\payments\\services\\paymentService.ts:72:42\n\n  69   preferenceId?: string;\n  70   mercadoPagoPaymentId?: string;\n  71 }) {\n→ 72   const payment = await prisma.payment.create(\nCannot fetch data from service:\nfetch failed","orderId":"plan_monthly_1774313730695","timestamp":"2026-03-23 21:55:32:5532"}
[35m[35mhttp[35m[39m: [35mRequisicao HTTP[39m {"duration":"1140ms","ip":"::1","method":"POST","status":200,"timestamp":"2026-03-23 21:55:32:5532","url":"/checkout","userAgent":"node"}
[32m[32minfo[32m[39m: [32mCreating checkout session with body:[39m {"amount":97,"description":"Assinatura Plano Mensal","orderId":"plan_monthly_1774313949457","payerEmail":"gilmar40dutra@gmail.com","payerFirstName":"gilmar","payerLastName":"dutra","payerPhone":"54996767613","paymentMethod":"credit_card","resolvedReturnUrl":"http://localhost:3000/payment-success","returnUrl":"http://localhost:3000/payment-success","timestamp":"2026-03-23 21:59:09:599"}
[32m[32minfo[32m[39m: [32mPreferência de pagamento criada[39m {"orderId":"plan_monthly_1774313949457","preferenceId":"194511733-d8a1710c-d8da-4cb0-8cc7-95290cedcd17","timestamp":"2026-03-23 21:59:10:5910"}
prisma:warn Attempt 1/3 failed for querying: Cannot fetch data from service:
fetch failed
prisma:warn Retrying after 31ms
prisma:warn Attempt 2/3 failed for querying: Cannot fetch data from service:
fetch failed
prisma:warn Retrying after 87ms
prisma:warn Attempt 3/3 failed for querying: Cannot fetch data from service:
fetch failed
prisma:warn Retrying after 221ms
prisma:error 
Invalid `prisma.payment.create()` invocation in
C:\Users\gilmar dutra\Documents\sored-novo-main\backend\src\payments\services\paymentService.ts:72:42

  69   preferenceId?: string;
  70   mercadoPagoPaymentId?: string;
  71 }) {
→ 72   const payment = await prisma.payment.create(
Cannot fetch data from service:
fetch failed
[33m[33mwarn[33m[39m: [33mFalha ao persistir checkout internamente; retornando sessao do Mercado Pago mesmo assim[39m {"error":"\nInvalid `prisma.payment.create()` invocation in\nC:\\Users\\gilmar dutra\\Documents\\sored-novo-main\\backend\\src\\payments\\services\\paymentService.ts:72:42\n\n  69   preferenceId?: string;\n  70   mercadoPagoPaymentId?: string;\n  71 }) {\n→ 72   const payment = await prisma.payment.create(\nCannot fetch data from service:\nfetch failed","orderId":"plan_monthly_1774313949457","timestamp":"2026-03-23 21:59:10:5910"}
[35m[35mhttp[35m[39m: [35mRequisicao HTTP[39m {"duration":"1040ms","ip":"::1","method":"POST","status":200,"timestamp":"2026-03-23 21:59:10:5910","url":"/checkout","userAgent":"node"}
[32m[32minfo[32m[39m: [32mPagamento PIX criado[39m {"orderId":"subscription_annual_1774314082427","paymentId":151658614280,"timestamp":"2026-03-23 22:01:23:123"}
prisma:warn Attempt 1/3 failed for querying: Cannot fetch data from service:
fetch failed
prisma:warn Retrying after 28ms
prisma:warn Attempt 2/3 failed for querying: Cannot fetch data from service:
fetch failed
prisma:warn Retrying after 91ms
prisma:warn Attempt 3/3 failed for querying: Cannot fetch data from service:
fetch failed
prisma:warn Retrying after 121ms
prisma:error 
Invalid `prisma.payment.create()` invocation in
C:\Users\gilmar dutra\Documents\sored-novo-main\backend\src\payments\services\paymentService.ts:72:42

  69   preferenceId?: string;
  70   mercadoPagoPaymentId?: string;
  71 }) {
→ 72   const payment = await prisma.payment.create(
Cannot fetch data from service:
fetch failed
[33m[33mwarn[33m[39m: [33mFalha ao persistir pagamento PIX internamente; retornando dados do Mercado Pago mesmo assim[39m {"error":"\nInvalid `prisma.payment.create()` invocation in\nC:\\Users\\gilmar dutra\\Documents\\sored-novo-main\\backend\\src\\payments\\services\\paymentService.ts:72:42\n\n  69   preferenceId?: string;\n  70   mercadoPagoPaymentId?: string;\n  71 }) {\n→ 72   const payment = await prisma.payment.create(\nCannot fetch data from service:\nfetch failed","mercadoPagoPaymentId":"151658614280","orderId":"subscription_annual_1774314082427","timestamp":"2026-03-23 22:01:24:124"}
[32m[32minfo[32m[39m: [32mResposta da criação de pagamento PIX do MP:[39m {"id":151658614280,"status":"pending","timestamp":"2026-03-23 22:01:24:124"}
[35m[35mhttp[35m[39m: [35mRequisicao HTTP[39m {"duration":"1467ms","ip":"::1","method":"POST","status":200,"timestamp":"2026-03-23 22:01:24:124","url":"/pix/create","userAgent":"node"}
[32m[32minfo[32m[39m: [32mSolicitando QR Code para paymentId:[39m {"paymentId":"151658614280","timestamp":"2026-03-23 22:01:24:124"}
[32m[32minfo[32m[39m: [32mQR Code PIX obtido[39m {"paymentId":"151658614280","timestamp":"2026-03-23 22:01:24:124"}
[32m[32minfo[32m[39m: [32mQR Code obtido com sucesso para paymentId:[39m {"paymentId":"151658614280","timestamp":"2026-03-23 22:01:24:124"}
[35m[35mhttp[35m[39m: [35mRequisicao HTTP[39m {"duration":"220ms","ip":"::1","method":"GET","status":200,"timestamp":"2026-03-23 22:01:24:124","url":"/pix/qrcode/151658614280","userAgent":"node"}
