{"environment":"development","hasCredentials":true,"isSandbox":false,"level":"\u001b[32minfo\u001b[39m","message":"\u001b[32mMercado Pago configurado para pagamento real\u001b[39m","mode":"real-payment","timestamp":"2026-03-16 21:56:48:5648"}
{"environment":"development","level":"\u001b[32minfo\u001b[39m","message":"\u001b[32mSORED Backend iniciado\u001b[39m","port":"3001","timestamp":"2026-03-16 21:56:48:5648"}
{"level":"\u001b[32minfo\u001b[39m","message":"\u001b[32mMongoDB conectado com sucesso\u001b[39m","timestamp":"2026-03-16 21:56:48:5648","uri":"mongodb://localhost:27017/sored"}
{"duration":"13ms","ip":"::1","level":"\u001b[35mhttp\u001b[39m","message":"\u001b[35mHTTP Request\u001b[39m","method":"GET","status":404,"timestamp":"2026-03-16 21:58:26:5826","url":"/api/api/payments/public-key","userAgent":"node"}
{"duration":"6ms","ip":"::1","level":"\u001b[35mhttp\u001b[39m","message":"\u001b[35mHTTP Request\u001b[39m","method":"GET","status":404,"timestamp":"2026-03-16 21:58:26:5826","url":"/api/api/payments/public-key","userAgent":"node"}
{"duration":"8ms","ip":"::1","level":"\u001b[35mhttp\u001b[39m","message":"\u001b[35mHTTP Request\u001b[39m","method":"GET","status":200,"timestamp":"2026-03-16 22:01:50:150","url":"/public-key","userAgent":"curl/8.18.0"}
{"duration":"2ms","ip":"::1","level":"\u001b[35mhttp\u001b[39m","message":"\u001b[35mHTTP Request\u001b[39m","method":"GET","status":200,"timestamp":"2026-03-16 22:02:01:21","url":"/public-key","userAgent":"node"}
{"duration":"1ms","ip":"::1","level":"\u001b[35mhttp\u001b[39m","message":"\u001b[35mHTTP Request\u001b[39m","method":"GET","status":200,"timestamp":"2026-03-16 22:02:36:236","url":"/public-key","userAgent":"node"}
{"duration":"1ms","ip":"::1","level":"\u001b[35mhttp\u001b[39m","message":"\u001b[35mHTTP Request\u001b[39m","method":"GET","status":200,"timestamp":"2026-03-16 22:02:36:236","url":"/public-key","userAgent":"node"}
{"duration":"1ms","ip":"::1","level":"\u001b[35mhttp\u001b[39m","message":"\u001b[35mHTTP Request\u001b[39m","method":"GET","status":200,"timestamp":"2026-03-16 22:02:47:247","url":"/public-key","userAgent":"node"}
{"duration":"2ms","ip":"::1","level":"\u001b[35mhttp\u001b[39m","message":"\u001b[35mHTTP Request\u001b[39m","method":"GET","status":200,"timestamp":"2026-03-16 22:02:47:247","url":"/public-key","userAgent":"node"}
{"duration":"2ms","ip":"::1","level":"\u001b[35mhttp\u001b[39m","message":"\u001b[35mHTTP Request\u001b[39m","method":"GET","status":200,"timestamp":"2026-03-16 22:02:59:259","url":"/public-key","userAgent":"node"}
{"duration":"1ms","ip":"::1","level":"\u001b[35mhttp\u001b[39m","message":"\u001b[35mHTTP Request\u001b[39m","method":"GET","status":200,"timestamp":"2026-03-16 22:02:59:259","url":"/public-key","userAgent":"node"}
{"level":"\u001b[32minfo\u001b[39m","message":"\u001b[32mIniciando criação de pagamento PIX\u001b[39m","timestamp":"2026-03-16 22:04:38:438"}
{"amount":10.5,"level":"\u001b[32minfo\u001b[39m","message":"\u001b[32mDados do pagamento PIX\u001b[39m","orderId":"test_order_123","payerEmail":"test@example.com","timestamp":"2026-03-16 22:04:38:438"}
{"level":"\u001b[32minfo\u001b[39m","message":"\u001b[32mPagamento PIX criado\u001b[39m","orderId":"test_order_123","paymentId":150670764874,"timestamp":"2026-03-16 22:04:40:440"}
{"level":"\u001b[32minfo\u001b[39m","message":"\u001b[32mPagamento PIX criado com sucesso\u001b[39m","paymentId":150670764874,"timestamp":"2026-03-16 22:04:40:440"}
{"level":"\u001b[32minfo\u001b[39m","message":"\u001b[32mPagamento interno criado para rastreamento\u001b[39m","paymentId":"69b8a8a82806f82e7a099a9e","preferenceId":"150670764874","timestamp":"2026-03-16 22:04:40:440"}
{"level":"\u001b[32minfo\u001b[39m","message":"\u001b[32mPagamento interno criado\u001b[39m","paymentId":"69b8a8a82806f82e7a099a9e","timestamp":"2026-03-16 22:04:40:440"}
{"isTest":false,"level":"\u001b[32minfo\u001b[39m","message":"\u001b[32mPagamento PIX processado com sucesso\u001b[39m","paymentId":150670764874,"status":"pending","timestamp":"2026-03-16 22:04:40:440"}
{"dateOfExpiration":"2026-03-17T21:04:41.110-04:00","level":"\u001b[32minfo\u001b[39m","message":"\u001b[32mEnviando resposta PIX\u001b[39m","paymentId":150670764874,"status":"pending","timestamp":"2026-03-16 22:04:40:440","transactionAmount":10.5}
{"duration":"1473ms","ip":"::1","level":"\u001b[35mhttp\u001b[39m","message":"\u001b[35mHTTP Request\u001b[39m","method":"POST","status":200,"timestamp":"2026-03-16 22:04:40:440","url":"/pix/create","userAgent":"Mozilla/5.0 (Windows NT 10.0; Microsoft Windows 10.0.26100; pt-BR) PowerShell/7.5.5"}
{"environment":"development","hasCredentials":true,"isSandbox":false,"level":"\u001b[32minfo\u001b[39m","message":"\u001b[32mMercado Pago configurado para pagamento real\u001b[39m","mode":"real-payment","timestamp":"2026-03-16 22:05:20:520"}
{"environment":"development","level":"\u001b[32minfo\u001b[39m","message":"\u001b[32mSORED Backend iniciado\u001b[39m","port":"3001","timestamp":"2026-03-16 22:05:20:520"}
{"level":"\u001b[32minfo\u001b[39m","message":"\u001b[32mMongoDB conectado com sucesso\u001b[39m","timestamp":"2026-03-16 22:05:20:520","uri":"mongodb://localhost:27017/sored"}
{"environment":"development","hasCredentials":true,"isSandbox":false,"level":"\u001b[32minfo\u001b[39m","message":"\u001b[32mMercado Pago configurado para pagamento real\u001b[39m","mode":"real-payment","timestamp":"2026-03-16 22:05:33:533"}
{"environment":"development","level":"\u001b[32minfo\u001b[39m","message":"\u001b[32mSORED Backend iniciado\u001b[39m","port":"3001","timestamp":"2026-03-16 22:05:33:533"}
{"level":"\u001b[32minfo\u001b[39m","message":"\u001b[32mMongoDB conectado com sucesso\u001b[39m","timestamp":"2026-03-16 22:05:33:533","uri":"mongodb://localhost:27017/sored"}
{"duration":"11ms","ip":"::1","level":"\u001b[35mhttp\u001b[39m","message":"\u001b[35mHTTP Request\u001b[39m","method":"GET","status":200,"timestamp":"2026-03-16 22:09:19:919","url":"/public-key","userAgent":"node"}
{"duration":"4ms","ip":"::1","level":"\u001b[35mhttp\u001b[39m","message":"\u001b[35mHTTP Request\u001b[39m","method":"GET","status":200,"timestamp":"2026-03-16 22:09:19:919","url":"/public-key","userAgent":"node"}
{"duration":"1ms","ip":"::1","level":"\u001b[35mhttp\u001b[39m","message":"\u001b[35mHTTP Request\u001b[39m","method":"GET","status":200,"timestamp":"2026-03-16 22:09:28:928","url":"/public-key","userAgent":"node"}
{"duration":"1ms","ip":"::1","level":"\u001b[35mhttp\u001b[39m","message":"\u001b[35mHTTP Request\u001b[39m","method":"GET","status":200,"timestamp":"2026-03-16 22:09:28:928","url":"/public-key","userAgent":"node"}
{"duration":"0ms","ip":"::1","level":"\u001b[35mhttp\u001b[39m","message":"\u001b[35mHTTP Request\u001b[39m","method":"GET","status":200,"timestamp":"2026-03-16 22:12:22:1222","url":"/public-key","userAgent":"node"}
{"duration":"2ms","ip":"::1","level":"\u001b[35mhttp\u001b[39m","message":"\u001b[35mHTTP Request\u001b[39m","method":"GET","status":200,"timestamp":"2026-03-16 22:12:22:1222","url":"/public-key","userAgent":"node"}
{"duration":"1ms","ip":"::1","level":"\u001b[35mhttp\u001b[39m","message":"\u001b[35mHTTP Request\u001b[39m","method":"GET","status":200,"timestamp":"2026-03-16 22:14:25:1425","url":"/public-key","userAgent":"node"}
{"duration":"1ms","ip":"::1","level":"\u001b[35mhttp\u001b[39m","message":"\u001b[35mHTTP Request\u001b[39m","method":"GET","status":200,"timestamp":"2026-03-16 22:14:25:1425","url":"/public-key","userAgent":"node"}
{"level":"\u001b[32minfo\u001b[39m","message":"\u001b[32mIniciando criação de pagamento PIX\u001b[39m","timestamp":"2026-03-16 22:15:02:152"}
{"amount":100,"level":"\u001b[32minfo\u001b[39m","message":"\u001b[32mDados do pagamento PIX\u001b[39m","orderId":"plan_monthly_1773710102607","payerEmail":"gilmar40dutra@gmail.com","timestamp":"2026-03-16 22:15:02:152"}
{"level":"\u001b[32minfo\u001b[39m","message":"\u001b[32mPagamento PIX criado\u001b[39m","orderId":"plan_monthly_1773710102607","paymentId":150670913606,"timestamp":"2026-03-16 22:15:03:153"}
{"level":"\u001b[32minfo\u001b[39m","message":"\u001b[32mPagamento PIX criado com sucesso\u001b[39m","paymentId":150670913606,"timestamp":"2026-03-16 22:15:03:153"}
{"level":"\u001b[32minfo\u001b[39m","message":"\u001b[32mPagamento interno criado para rastreamento\u001b[39m","paymentId":"69b8ab17da5091fa054b377b","preferenceId":"150670913606","timestamp":"2026-03-16 22:15:03:153"}
{"level":"\u001b[32minfo\u001b[39m","message":"\u001b[32mPagamento interno criado\u001b[39m","paymentId":"69b8ab17da5091fa054b377b","timestamp":"2026-03-16 22:15:03:153"}
{"isTest":false,"level":"\u001b[32minfo\u001b[39m","message":"\u001b[32mPagamento PIX processado com sucesso\u001b[39m","paymentId":150670913606,"status":"pending","timestamp":"2026-03-16 22:15:03:153"}
{"dateOfExpiration":"2026-03-17T21:15:04.928-04:00","level":"\u001b[32minfo\u001b[39m","message":"\u001b[32mEnviando resposta PIX\u001b[39m","paymentId":150670913606,"status":"pending","timestamp":"2026-03-16 22:15:03:153","transactionAmount":100}
{"duration":"1258ms","ip":"::1","level":"\u001b[35mhttp\u001b[39m","message":"\u001b[35mHTTP Request\u001b[39m","method":"POST","status":200,"timestamp":"2026-03-16 22:15:03:153","url":"/pix/create","userAgent":"Mozilla/5.0 (Windows NT 10.0; Win64; x64; rv:148.0) Gecko/20100101 Firefox/148.0"}
{"level":"\u001b[32minfo\u001b[39m","message":"\u001b[32mObtendo QR Code PIX\u001b[39m","paymentId":"150670913606","timestamp":"2026-03-16 22:15:05:155"}
{"level":"\u001b[32minfo\u001b[39m","message":"\u001b[32mQR Code PIX obtido\u001b[39m","paymentId":"150670913606","timestamp":"2026-03-16 22:15:05:155"}
{"level":"\u001b[32minfo\u001b[39m","message":"\u001b[32mQR Code PIX obtido com sucesso\u001b[39m","paymentId":"150670913606","timestamp":"2026-03-16 22:15:05:155"}
{"duration":"227ms","ip":"::1","level":"\u001b[35mhttp\u001b[39m","message":"\u001b[35mHTTP Request\u001b[39m","method":"GET","status":200,"timestamp":"2026-03-16 22:15:05:155","url":"/pix/qrcode/150670913606","userAgent":"Mozilla/5.0 (Windows NT 10.0; Win64; x64; rv:148.0) Gecko/20100101 Firefox/148.0"}
{"duration":"2ms","ip":"::1","level":"\u001b[35mhttp\u001b[39m","message":"\u001b[35mHTTP Request\u001b[39m","method":"POST","status":401,"timestamp":"2026-03-16 22:16:15:1615","url":"/checkout-enhanced","userAgent":"node"}
{"environment":"development","hasCredentials":true,"isSandbox":false,"level":"\u001b[32minfo\u001b[39m","message":"\u001b[32mMercado Pago configurado para pagamento real\u001b[39m","mode":"real-payment","timestamp":"2026-03-16 22:20:00:200"}
{"environment":"development","level":"\u001b[32minfo\u001b[39m","message":"\u001b[32mSORED Backend iniciado\u001b[39m","port":"3001","timestamp":"2026-03-16 22:20:00:200"}
{"level":"\u001b[32minfo\u001b[39m","message":"\u001b[32mMongoDB conectado com sucesso\u001b[39m","timestamp":"2026-03-16 22:20:00:200","uri":"mongodb://localhost:27017/sored"}
{"environment":"development","hasCredentials":true,"isSandbox":false,"level":"\u001b[32minfo\u001b[39m","message":"\u001b[32mMercado Pago configurado para pagamento real\u001b[39m","mode":"real-payment","timestamp":"2026-03-16 22:26:05:265"}
{"environment":"development","level":"\u001b[32minfo\u001b[39m","message":"\u001b[32mSORED Backend iniciado\u001b[39m","port":"3001","timestamp":"2026-03-16 22:26:06:266"}
{"level":"\u001b[32minfo\u001b[39m","message":"\u001b[32mMongoDB conectado com sucesso\u001b[39m","timestamp":"2026-03-16 22:26:06:266","uri":"mongodb://localhost:27017/sored"}
{"duration":"9ms","ip":"::1","level":"\u001b[35mhttp\u001b[39m","message":"\u001b[35mHTTP Request\u001b[39m","method":"GET","status":200,"timestamp":"2026-03-16 22:26:20:2620","url":"/public-key","userAgent":"curl/8.18.0"}
{"duration":"2ms","ip":"::1","level":"\u001b[35mhttp\u001b[39m","message":"\u001b[35mHTTP Request\u001b[39m","method":"GET","status":200,"timestamp":"2026-03-16 22:26:49:2649","url":"/public-key","userAgent":"node"}
{"duration":"1ms","ip":"::1","level":"\u001b[35mhttp\u001b[39m","message":"\u001b[35mHTTP Request\u001b[39m","method":"GET","status":200,"timestamp":"2026-03-16 22:26:49:2649","url":"/public-key","userAgent":"node"}
{"amount":100,"description":"Plano Mensal - month","level":"\u001b[32minfo\u001b[39m","message":"\u001b[32mCreating checkout session with body:\u001b[39m","orderId":"plan_monthly_1773710841439","payerEmail":"gilmar40dutra@gmail.com","payerFirstName":"gilmar","payerLastName":"dutra","payerPhone":"54996767613","paymentMethod":"credit_card","resolvedReturnUrl":"http://localhost:3000/subscription?success=true","returnUrl":"http://localhost:3000/subscription?success=true","timestamp":"2026-03-16 22:27:21:2721"}
{"forcedUrl":"https://www.mercadopago.com.br/checkout/v1/redirect?pref_id=194511733-473c9834-08f7-4525-be22-7e07abc4a97d&installments=1&disable_coupon=true&exclude_payment_type=atm,ticket,debit_card&binary_mode=false","isSandbox":false,"level":"\u001b[32minfo\u001b[39m","message":"\u001b[32mPreferência de pagamento criada com Mercado Pago real\u001b[39m","orderId":"plan_monthly_1773710841439","preferenceId":"194511733-473c9834-08f7-4525-be22-7e07abc4a97d","timestamp":"2026-03-16 22:27:22:2722"}
{"level":"\u001b[32minfo\u001b[39m","message":"\u001b[32mPagamento interno criado para rastreamento\u001b[39m","paymentId":"69b8adfa8a388e4928d9c82d","preferenceId":"194511733-473c9834-08f7-4525-be22-7e07abc4a97d","timestamp":"2026-03-16 22:27:22:2722"}
{"duration":"706ms","ip":"::1","level":"\u001b[35mhttp\u001b[39m","message":"\u001b[35mHTTP Request\u001b[39m","method":"POST","status":200,"timestamp":"2026-03-16 22:27:22:2722","url":"/checkout-enhanced","userAgent":"node"}
{"environment":"development","hasCredentials":true,"isSandbox":false,"level":"\u001b[32minfo\u001b[39m","message":"\u001b[32mMercado Pago configurado para pagamento real\u001b[39m","mode":"real-payment","timestamp":"2026-03-16 22:32:12:3212"}
{"environment":"development","level":"\u001b[32minfo\u001b[39m","message":"\u001b[32mSORED Backend iniciado\u001b[39m","port":"3001","timestamp":"2026-03-16 22:32:12:3212"}
{"level":"\u001b[32minfo\u001b[39m","message":"\u001b[32mMongoDB conectado com sucesso\u001b[39m","timestamp":"2026-03-16 22:32:13:3213","uri":"mongodb://localhost:27017/sored"}
{"duration":"12ms","ip":"::1","level":"\u001b[35mhttp\u001b[39m","message":"\u001b[35mHTTP Request\u001b[39m","method":"GET","status":200,"timestamp":"2026-03-16 22:32:51:3251","url":"/public-key","userAgent":"node"}
{"duration":"2ms","ip":"::1","level":"\u001b[35mhttp\u001b[39m","message":"\u001b[35mHTTP Request\u001b[39m","method":"GET","status":200,"timestamp":"2026-03-16 22:32:51:3251","url":"/public-key","userAgent":"node"}
{"duration":"0ms","ip":"::1","level":"\u001b[35mhttp\u001b[39m","message":"\u001b[35mHTTP Request\u001b[39m","method":"GET","status":200,"timestamp":"2026-03-16 22:32:57:3257","url":"/public-key","userAgent":"node"}
{"duration":"1ms","ip":"::1","level":"\u001b[35mhttp\u001b[39m","message":"\u001b[35mHTTP Request\u001b[39m","method":"GET","status":200,"timestamp":"2026-03-16 22:32:57:3257","url":"/public-key","userAgent":"node"}
{"amount":100,"description":"Plano Mensal - month","level":"\u001b[32minfo\u001b[39m","message":"\u001b[32mCreating checkout session with body:\u001b[39m","orderId":"plan_monthly_1773711212584","payerEmail":"gilmar40dutra@gmail.com","payerFirstName":"gilmar","payerLastName":"dutra","payerPhone":"54996767613","paymentMethod":"credit_card","resolvedReturnUrl":"http://localhost:3000/subscription?success=true","returnUrl":"http://localhost:3000/subscription?success=true","timestamp":"2026-03-16 22:33:32:3332"}
{"forcedUrl":"https://www.mercadopago.com.br/checkout/v1/redirect?pref_id=194511733-318ba0e8-b5ae-49c1-a56b-c54d76b9b30f&installments=1&disable_coupon=true","isSandbox":false,"level":"\u001b[32minfo\u001b[39m","message":"\u001b[32mPreferência de pagamento criada com Mercado Pago real\u001b[39m","orderId":"plan_monthly_1773711212584","preferenceId":"194511733-318ba0e8-b5ae-49c1-a56b-c54d76b9b30f","timestamp":"2026-03-16 22:33:33:3333"}
{"level":"\u001b[32minfo\u001b[39m","message":"\u001b[32mPagamento interno criado para rastreamento\u001b[39m","paymentId":"69b8af6dc3c2093ba8fa5f07","preferenceId":"194511733-318ba0e8-b5ae-49c1-a56b-c54d76b9b30f","timestamp":"2026-03-16 22:33:33:3333"}
{"duration":"729ms","ip":"::1","level":"\u001b[35mhttp\u001b[39m","message":"\u001b[35mHTTP Request\u001b[39m","method":"POST","status":200,"timestamp":"2026-03-16 22:33:33:3333","url":"/checkout-enhanced","userAgent":"node"}
{"environment":"development","hasCredentials":true,"isSandbox":false,"level":"\u001b[32minfo\u001b[39m","message":"\u001b[32mMercado Pago configurado para pagamento real\u001b[39m","mode":"real-payment","timestamp":"2026-03-16 22:36:05:365"}
{"environment":"development","level":"\u001b[32minfo\u001b[39m","message":"\u001b[32mSORED Backend iniciado\u001b[39m","port":"3001","timestamp":"2026-03-16 22:36:07:367"}
{"level":"\u001b[32minfo\u001b[39m","message":"\u001b[32mMongoDB conectado com sucesso\u001b[39m","timestamp":"2026-03-16 22:36:07:367","uri":"mongodb://localhost:27017/sored"}
{"environment":"development","hasCredentials":true,"isSandbox":false,"level":"\u001b[32minfo\u001b[39m","message":"\u001b[32mMercado Pago configurado para pagamento real\u001b[39m","mode":"real-payment","timestamp":"2026-03-16 22:37:03:373"}
{"environment":"development","level":"\u001b[32minfo\u001b[39m","message":"\u001b[32mSORED Backend iniciado\u001b[39m","port":"3001","timestamp":"2026-03-16 22:37:04:374"}
{"level":"\u001b[32minfo\u001b[39m","message":"\u001b[32mMongoDB conectado com sucesso\u001b[39m","timestamp":"2026-03-16 22:37:04:374","uri":"mongodb://localhost:27017/sored"}
{"duration":"10ms","ip":"::1","level":"\u001b[35mhttp\u001b[39m","message":"\u001b[35mHTTP Request\u001b[39m","method":"GET","status":200,"timestamp":"2026-03-16 22:39:25:3925","url":"/public-key","userAgent":"node"}
{"duration":"2ms","ip":"::1","level":"\u001b[35mhttp\u001b[39m","message":"\u001b[35mHTTP Request\u001b[39m","method":"GET","status":200,"timestamp":"2026-03-16 22:39:25:3925","url":"/public-key","userAgent":"node"}
{"amount":100,"description":"Plano Mensal - month","level":"\u001b[32minfo\u001b[39m","message":"\u001b[32mCreating checkout session with body:\u001b[39m","orderId":"plan_monthly_1773711602346","payerCpf":"91314844091","payerEmail":"gilmar40dutra@gmail.com","payerFirstName":"gilmar","payerLastName":"dutra","payerPhone":"54996767613","paymentMethod":"credit_card","resolvedReturnUrl":"http://localhost:3000/subscription?success=true","returnUrl":"http://localhost:3000/subscription?success=true","timestamp":"2026-03-16 22:40:02:402"}
{"initPoint":"https://www.mercadopago.com.br/checkout/v1/redirect?pref_id=194511733-dc06ef91-76f6-43c7-bc50-ffbd7e63c2b2","isSandbox":false,"level":"\u001b[32minfo\u001b[39m","message":"\u001b[32mPreferência de pagamento criada com Mercado Pago real\u001b[39m","orderId":"plan_monthly_1773711602346","preferenceId":"194511733-dc06ef91-76f6-43c7-bc50-ffbd7e63c2b2","timestamp":"2026-03-16 22:40:03:403"}
{"level":"\u001b[32minfo\u001b[39m","message":"\u001b[32mPagamento interno criado para rastreamento\u001b[39m","paymentId":"69b8b0f31a74a21c37642c05","preferenceId":"194511733-dc06ef91-76f6-43c7-bc50-ffbd7e63c2b2","timestamp":"2026-03-16 22:40:03:403"}
{"duration":"720ms","ip":"::1","level":"\u001b[35mhttp\u001b[39m","message":"\u001b[35mHTTP Request\u001b[39m","method":"POST","status":200,"timestamp":"2026-03-16 22:40:03:403","url":"/checkout-enhanced","userAgent":"node"}
{"environment":"development","hasCredentials":true,"isSandbox":false,"level":"\u001b[32minfo\u001b[39m","message":"\u001b[32mMercado Pago configurado para pagamento real\u001b[39m","mode":"real-payment","timestamp":"2026-03-16 22:41:33:4133"}
{"environment":"development","level":"\u001b[32minfo\u001b[39m","message":"\u001b[32mSORED Backend iniciado\u001b[39m","port":"3001","timestamp":"2026-03-16 22:41:33:4133"}
{"level":"\u001b[32minfo\u001b[39m","message":"\u001b[32mMongoDB conectado com sucesso\u001b[39m","timestamp":"2026-03-16 22:41:33:4133","uri":"mongodb://localhost:27017/sored"}
{"duration":"10ms","ip":"::1","level":"\u001b[35mhttp\u001b[39m","message":"\u001b[35mHTTP Request\u001b[39m","method":"GET","status":200,"timestamp":"2026-03-16 22:41:55:4155","url":"/public-key","userAgent":"node"}
{"duration":"3ms","ip":"::1","level":"\u001b[35mhttp\u001b[39m","message":"\u001b[35mHTTP Request\u001b[39m","method":"GET","status":200,"timestamp":"2026-03-16 22:41:55:4155","url":"/public-key","userAgent":"node"}
{"amount":100,"description":"Plano Mensal - month","level":"\u001b[32minfo\u001b[39m","message":"\u001b[32mCreating checkout session with body:\u001b[39m","orderId":"plan_monthly_1773711749907","payerCpf":"91314844091","payerEmail":"gilmar40dutra@gmail.com","payerFirstName":"gilmar","payerLastName":"dutra","payerPhone":"54996767613","paymentMethod":"credit_card","resolvedReturnUrl":"http://localhost:3000/subscription?success=true","returnUrl":"http://localhost:3000/subscription?success=true","timestamp":"2026-03-16 22:42:29:4229"}
{"initPoint":"https://www.mercadopago.com.br/checkout/v1/redirect?pref_id=194511733-6a5103b8-3f14-4dc3-8413-9b35785eeb06","isSandbox":false,"level":"\u001b[32minfo\u001b[39m","message":"\u001b[32mPreferência de pagamento criada com Mercado Pago real\u001b[39m","orderId":"plan_monthly_1773711749907","preferenceId":"194511733-6a5103b8-3f14-4dc3-8413-9b35785eeb06","timestamp":"2026-03-16 22:42:30:4230"}
{"level":"\u001b[32minfo\u001b[39m","message":"\u001b[32mPagamento interno criado para rastreamento\u001b[39m","paymentId":"69b8b186ac9b0562cdeddef8","preferenceId":"194511733-6a5103b8-3f14-4dc3-8413-9b35785eeb06","timestamp":"2026-03-16 22:42:30:4230"}
{"duration":"781ms","ip":"::1","level":"\u001b[35mhttp\u001b[39m","message":"\u001b[35mHTTP Request\u001b[39m","method":"POST","status":200,"timestamp":"2026-03-16 22:42:30:4230","url":"/checkout-enhanced","userAgent":"node"}
{"environment":"development","hasCredentials":true,"isSandbox":false,"level":"\u001b[32minfo\u001b[39m","message":"\u001b[32mMercado Pago configurado para pagamento real\u001b[39m","mode":"real-payment","timestamp":"2026-03-16 22:46:47:4647"}
{"environment":"development","level":"\u001b[32minfo\u001b[39m","message":"\u001b[32mSORED Backend iniciado\u001b[39m","port":"3001","timestamp":"2026-03-16 22:46:47:4647"}
{"level":"\u001b[32minfo\u001b[39m","message":"\u001b[32mMongoDB conectado com sucesso\u001b[39m","timestamp":"2026-03-16 22:46:47:4647","uri":"mongodb://localhost:27017/sored"}
{"duration":"12ms","ip":"::1","level":"\u001b[35mhttp\u001b[39m","message":"\u001b[35mHTTP Request\u001b[39m","method":"GET","status":200,"timestamp":"2026-03-16 22:47:30:4730","url":"/public-key","userAgent":"node"}
{"duration":"2ms","ip":"::1","level":"\u001b[35mhttp\u001b[39m","message":"\u001b[35mHTTP Request\u001b[39m","method":"GET","status":200,"timestamp":"2026-03-16 22:47:30:4730","url":"/public-key","userAgent":"node"}
{"amount":100,"description":"Plano Mensal - month","level":"\u001b[32minfo\u001b[39m","message":"\u001b[32mCreating checkout session with body:\u001b[39m","orderId":"plan_monthly_1773712078728","payerCpf":"91314844091","payerEmail":"gilmar40dutra@gmail.com","payerFirstName":"gilmar","payerLastName":"dutra","payerPhone":"54996767613","paymentMethod":"credit_card","resolvedReturnUrl":"http://localhost:3000/subscription?success=true","returnUrl":"http://localhost:3000/subscription?success=true","timestamp":"2026-03-16 22:47:58:4758"}
{"initPoint":"https://www.mercadopago.com.br/checkout/v1/redirect?pref_id=194511733-9d50917a-36bd-437c-901d-99191c3182d3","isSandbox":false,"level":"\u001b[32minfo\u001b[39m","message":"\u001b[32mPreferência de pagamento criada com Mercado Pago real\u001b[39m","orderId":"plan_monthly_1773712078728","preferenceId":"194511733-9d50917a-36bd-437c-901d-99191c3182d3","timestamp":"2026-03-16 22:47:59:4759"}
{"level":"\u001b[32minfo\u001b[39m","message":"\u001b[32mPagamento interno criado para rastreamento\u001b[39m","paymentId":"69b8b2cf64fc07781a83d316","preferenceId":"194511733-9d50917a-36bd-437c-901d-99191c3182d3","timestamp":"2026-03-16 22:47:59:4759"}
{"duration":"755ms","ip":"::1","level":"\u001b[35mhttp\u001b[39m","message":"\u001b[35mHTTP Request\u001b[39m","method":"POST","status":200,"timestamp":"2026-03-16 22:47:59:4759","url":"/checkout-enhanced","userAgent":"node"}
{"environment":"development","hasCredentials":true,"isSandbox":false,"level":"\u001b[32minfo\u001b[39m","message":"\u001b[32mMercado Pago configurado para pagamento real\u001b[39m","mode":"real-payment","timestamp":"2026-03-16 22:49:11:4911"}
{"environment":"development","level":"\u001b[32minfo\u001b[39m","message":"\u001b[32mSORED Backend iniciado\u001b[39m","port":"3001","timestamp":"2026-03-16 22:49:11:4911"}
{"level":"\u001b[32minfo\u001b[39m","message":"\u001b[32mMongoDB conectado com sucesso\u001b[39m","timestamp":"2026-03-16 22:49:11:4911","uri":"mongodb://localhost:27017/sored"}
{"environment":"development","hasCredentials":true,"isSandbox":false,"level":"\u001b[32minfo\u001b[39m","message":"\u001b[32mMercado Pago configurado para pagamento real\u001b[39m","mode":"real-payment","timestamp":"2026-03-16 22:50:56:5056"}
{"environment":"development","level":"\u001b[32minfo\u001b[39m","message":"\u001b[32mSORED Backend iniciado\u001b[39m","port":"3001","timestamp":"2026-03-16 22:50:57:5057"}
{"level":"\u001b[32minfo\u001b[39m","message":"\u001b[32mMongoDB conectado com sucesso\u001b[39m","timestamp":"2026-03-16 22:50:57:5057","uri":"mongodb://localhost:27017/sored"}
{"duration":"7ms","ip":"::1","level":"\u001b[35mhttp\u001b[39m","message":"\u001b[35mHTTP Request\u001b[39m","method":"GET","status":200,"timestamp":"2026-03-16 22:54:55:5455","url":"/public-key","userAgent":"node"}
{"duration":"1ms","ip":"::1","level":"\u001b[35mhttp\u001b[39m","message":"\u001b[35mHTTP Request\u001b[39m","method":"GET","status":200,"timestamp":"2026-03-16 22:54:55:5455","url":"/public-key","userAgent":"node"}
{"amount":100,"description":"Plano Mensal - month","level":"\u001b[32minfo\u001b[39m","message":"\u001b[32mCreating checkout session with body:\u001b[39m","orderId":"plan_monthly_1773712526760","payerCpf":"91314844091","payerEmail":"gilmar40dutra@gmail.com","payerFirstName":"gilmar","payerLastName":"dutra","payerPhone":"54996767613","paymentMethod":"credit_card","resolvedReturnUrl":"http://localhost:3000/subscription?success=true","returnUrl":"http://localhost:3000/subscription?success=true","timestamp":"2026-03-16 22:55:26:5526"}
{"initPoint":"https://www.mercadopago.com.br/checkout/v1/redirect?pref_id=194511733-1e347713-17fa-425b-b1af-a9cbcbc4ba86","isSandbox":false,"level":"\u001b[32minfo\u001b[39m","message":"\u001b[32mPreferência de pagamento criada com Mercado Pago real\u001b[39m","orderId":"plan_monthly_1773712526760","preferenceId":"194511733-1e347713-17fa-425b-b1af-a9cbcbc4ba86","timestamp":"2026-03-16 22:55:27:5527"}
{"level":"\u001b[32minfo\u001b[39m","message":"\u001b[32mPagamento interno criado para rastreamento\u001b[39m","paymentId":"69b8b48fedb7ce5fff4632a1","preferenceId":"194511733-1e347713-17fa-425b-b1af-a9cbcbc4ba86","timestamp":"2026-03-16 22:55:27:5527"}
{"duration":"710ms","ip":"::1","level":"\u001b[35mhttp\u001b[39m","message":"\u001b[35mHTTP Request\u001b[39m","method":"POST","status":200,"timestamp":"2026-03-16 22:55:27:5527","url":"/checkout-enhanced","userAgent":"node"}
{"environment":"development","hasCredentials":true,"isSandbox":false,"level":"\u001b[32minfo\u001b[39m","message":"\u001b[32mMercado Pago configurado para pagamento real\u001b[39m","mode":"real-payment","timestamp":"2026-03-16 22:58:02:582"}
{"environment":"development","level":"\u001b[32minfo\u001b[39m","message":"\u001b[32mSORED Backend iniciado\u001b[39m","port":"3001","timestamp":"2026-03-16 22:58:04:584"}
{"level":"\u001b[32minfo\u001b[39m","message":"\u001b[32mMongoDB conectado com sucesso\u001b[39m","timestamp":"2026-03-16 22:58:04:584","uri":"mongodb://localhost:27017/sored"}
{"environment":"development","hasCredentials":true,"isSandbox":false,"level":"\u001b[32minfo\u001b[39m","message":"\u001b[32mMercado Pago configurado para pagamento real\u001b[39m","mode":"real-payment","timestamp":"2026-03-16 22:59:11:5911"}
{"environment":"development","level":"\u001b[32minfo\u001b[39m","message":"\u001b[32mSORED Backend iniciado\u001b[39m","port":"3001","timestamp":"2026-03-16 22:59:12:5912"}
{"level":"\u001b[32minfo\u001b[39m","message":"\u001b[32mMongoDB conectado com sucesso\u001b[39m","timestamp":"2026-03-16 22:59:12:5912","uri":"mongodb://localhost:27017/sored"}
{"environment":"development","hasCredentials":true,"isSandbox":false,"level":"\u001b[32minfo\u001b[39m","message":"\u001b[32mMercado Pago configurado para pagamento real\u001b[39m","mode":"real-payment","timestamp":"2026-03-16 23:04:27:427"}
{"environment":"development","level":"\u001b[32minfo\u001b[39m","message":"\u001b[32mSORED Backend iniciado\u001b[39m","port":"3001","timestamp":"2026-03-16 23:04:28:428"}
{"level":"\u001b[32minfo\u001b[39m","message":"\u001b[32mMongoDB conectado com sucesso\u001b[39m","timestamp":"2026-03-16 23:04:28:428","uri":"mongodb://localhost:27017/sored"}
{"duration":"8ms","ip":"::1","level":"\u001b[35mhttp\u001b[39m","message":"\u001b[35mHTTP Request\u001b[39m","method":"GET","status":200,"timestamp":"2026-03-16 23:05:37:537","url":"/public-key","userAgent":"node"}
{"duration":"2ms","ip":"::1","level":"\u001b[35mhttp\u001b[39m","message":"\u001b[35mHTTP Request\u001b[39m","method":"GET","status":200,"timestamp":"2026-03-16 23:05:37:537","url":"/public-key","userAgent":"node"}
{"amount":100,"description":"Plano Mensal - month","level":"\u001b[32minfo\u001b[39m","message":"\u001b[32mCreating checkout session with body:\u001b[39m","orderId":"plan_monthly_1773713165776","payerCpf":"91314844091","payerEmail":"gilmar40dutra@gmail.com","payerFirstName":"gilmar","payerLastName":"dutra","payerPhone":"54996767613","paymentMethod":"credit_card","resolvedReturnUrl":"http://localhost:3000/subscription?success=true","returnUrl":"http://localhost:3000/subscription?success=true","timestamp":"2026-03-16 23:06:06:66"}
{"initPoint":"https://www.mercadopago.com.br/checkout/v1/redirect?pref_id=194511733-4d4e9e52-3553-412c-8ef2-b8086da235fe","isSandbox":false,"level":"\u001b[32minfo\u001b[39m","message":"\u001b[32mPreferência de pagamento criada com Mercado Pago real\u001b[39m","orderId":"plan_monthly_1773713165776","preferenceId":"194511733-4d4e9e52-3553-412c-8ef2-b8086da235fe","timestamp":"2026-03-16 23:06:06:66"}
{"level":"\u001b[32minfo\u001b[39m","message":"\u001b[32mPagamento interno criado para rastreamento\u001b[39m","paymentId":"69b8b70e976dc8e0563f697e","preferenceId":"194511733-4d4e9e52-3553-412c-8ef2-b8086da235fe","timestamp":"2026-03-16 23:06:06:66"}
{"duration":"785ms","ip":"::1","level":"\u001b[35mhttp\u001b[39m","message":"\u001b[35mHTTP Request\u001b[39m","method":"POST","status":200,"timestamp":"2026-03-16 23:06:06:66","url":"/checkout-enhanced","userAgent":"node"}
{"environment":"development","hasCredentials":true,"isSandbox":false,"level":"\u001b[32minfo\u001b[39m","message":"\u001b[32mMercado Pago configurado para pagamento real\u001b[39m","mode":"real-payment","timestamp":"2026-03-16 23:08:07:87"}
{"environment":"development","level":"\u001b[32minfo\u001b[39m","message":"\u001b[32mSORED Backend iniciado\u001b[39m","port":"3001","timestamp":"2026-03-16 23:08:08:88"}
{"level":"\u001b[32minfo\u001b[39m","message":"\u001b[32mMongoDB conectado com sucesso\u001b[39m","timestamp":"2026-03-16 23:08:08:88","uri":"mongodb://localhost:27017/sored"}
