{"level":"\u001b[32minfo\u001b[39m","message":"\u001b[32mMercado Pago configurado com sucesso (SDK v2)\u001b[39m","timestamp":"2026-03-12 20:20:08:208"}
{"environment":"development","level":"\u001b[32minfo\u001b[39m","message":"\u001b[32mSORED Backend iniciado\u001b[39m","port":"3001","timestamp":"2026-03-12 20:20:08:208"}
{"level":"\u001b[32minfo\u001b[39m","message":"\u001b[32mMongoDB conectado com sucesso\u001b[39m","timestamp":"2026-03-12 20:20:08:208","uri":"mongodb://localhost:27017/sored"}
{"duration":"12ms","ip":"::1","level":"\u001b[35mhttp\u001b[39m","message":"\u001b[35mHTTP Request\u001b[39m","method":"GET","status":304,"timestamp":"2026-03-12 20:20:54:2054","url":"/plans","userAgent":"Mozilla/5.0 (Windows NT 10.0; Win64; x64; rv:148.0) Gecko/20100101 Firefox/148.0"}
{"duration":"3ms","ip":"::1","level":"\u001b[35mhttp\u001b[39m","message":"\u001b[35mHTTP Request\u001b[39m","method":"GET","status":200,"timestamp":"2026-03-12 20:20:59:2059","url":"/status","userAgent":"Mozilla/5.0 (Windows NT 10.0; Win64; x64; rv:148.0) Gecko/20100101 Firefox/148.0"}
{"duration":"1ms","ip":"::1","level":"\u001b[35mhttp\u001b[39m","message":"\u001b[35mHTTP Request\u001b[39m","method":"GET","status":200,"timestamp":"2026-03-12 20:20:59:2059","url":"/status","userAgent":"Mozilla/5.0 (Windows NT 10.0; Win64; x64; rv:148.0) Gecko/20100101 Firefox/148.0"}
{"duration":"2ms","ip":"::1","level":"\u001b[35mhttp\u001b[39m","message":"\u001b[35mHTTP Request\u001b[39m","method":"GET","status":304,"timestamp":"2026-03-12 20:20:59:2059","url":"/plans","userAgent":"Mozilla/5.0 (Windows NT 10.0; Win64; x64; rv:148.0) Gecko/20100101 Firefox/148.0"}
{"duration":"1ms","ip":"::1","level":"\u001b[35mhttp\u001b[39m","message":"\u001b[35mHTTP Request\u001b[39m","method":"GET","status":304,"timestamp":"2026-03-12 20:20:59:2059","url":"/plans","userAgent":"Mozilla/5.0 (Windows NT 10.0; Win64; x64; rv:148.0) Gecko/20100101 Firefox/148.0"}
{"duration":"1ms","ip":"::ffff:127.0.0.1","level":"\u001b[35mhttp\u001b[39m","message":"\u001b[35mHTTP Request\u001b[39m","method":"GET","status":304,"timestamp":"2026-03-12 20:21:02:212","url":"/public-key","userAgent":"Mozilla/5.0 (Windows NT 10.0; Win64; x64; rv:148.0) Gecko/20100101 Firefox/148.0"}
{"duration":"0ms","ip":"::ffff:127.0.0.1","level":"\u001b[35mhttp\u001b[39m","message":"\u001b[35mHTTP Request\u001b[39m","method":"GET","status":304,"timestamp":"2026-03-12 20:21:02:212","url":"/public-key","userAgent":"Mozilla/5.0 (Windows NT 10.0; Win64; x64; rv:148.0) Gecko/20100101 Firefox/148.0"}
{"error":"auto_return invalid. back_url.success must be defined","level":"\u001b[31merror\u001b[39m","message":"\u001b[31mErro ao criar preferência de pagamento\u001b[39m","orderId":"plan_monthly_1773357696152","timestamp":"2026-03-12 20:21:36:2136"}
{"error":"auto_return invalid. back_url.success must be defined","level":"\u001b[31merror\u001b[39m","message":"\u001b[31mErro ao criar sessão de checkout\u001b[39m","timestamp":"2026-03-12 20:21:36:2136"}
{"duration":"480ms","ip":"::ffff:127.0.0.1","level":"\u001b[35mhttp\u001b[39m","message":"\u001b[35mHTTP Request\u001b[39m","method":"POST","status":500,"timestamp":"2026-03-12 20:21:36:2136","url":"/checkout","userAgent":"Mozilla/5.0 (Windows NT 10.0; Win64; x64; rv:148.0) Gecko/20100101 Firefox/148.0"}
{"duration":"2ms","ip":"::1","level":"\u001b[35mhttp\u001b[39m","message":"\u001b[35mHTTP Request\u001b[39m","method":"GET","status":304,"timestamp":"2026-03-12 20:22:13:2213","url":"/plans","userAgent":"Mozilla/5.0 (Windows NT 10.0; Win64; x64; rv:148.0) Gecko/20100101 Firefox/148.0"}
{"duration":"2ms","ip":"::1","level":"\u001b[35mhttp\u001b[39m","message":"\u001b[35mHTTP Request\u001b[39m","method":"GET","status":304,"timestamp":"2026-03-12 20:22:13:2213","url":"/plans","userAgent":"Mozilla/5.0 (Windows NT 10.0; Win64; x64; rv:148.0) Gecko/20100101 Firefox/148.0"}
{"level":"\u001b[32minfo\u001b[39m","message":"\u001b[32mMercado Pago configurado com sucesso (SDK v2)\u001b[39m","timestamp":"2026-03-12 20:24:07:247"}
{"environment":"development","level":"\u001b[32minfo\u001b[39m","message":"\u001b[32mSORED Backend iniciado\u001b[39m","port":"3001","timestamp":"2026-03-12 20:24:07:247"}
{"level":"\u001b[32minfo\u001b[39m","message":"\u001b[32mMongoDB conectado com sucesso\u001b[39m","timestamp":"2026-03-12 20:24:07:247","uri":"mongodb://localhost:27017/sored"}
{"amount":100,"description":"Test","level":"\u001b[32minfo\u001b[39m","message":"\u001b[32mCreating checkout session with body:\u001b[39m","paymentMethod":"credit_card","resolvedReturnUrl":"http://localhost:3000/subscription?success=true","timestamp":"2026-03-12 20:24:08:248"}
{"error":"auto_return invalid. back_url.success must be defined","level":"\u001b[31merror\u001b[39m","message":"\u001b[31mErro ao criar preferência de pagamento\u001b[39m","timestamp":"2026-03-12 20:24:08:248"}
{"error":"auto_return invalid. back_url.success must be defined","level":"\u001b[31merror\u001b[39m","message":"\u001b[31mErro ao criar sessão de checkout\u001b[39m","timestamp":"2026-03-12 20:24:08:248"}
{"duration":"499ms","ip":"::1","level":"\u001b[35mhttp\u001b[39m","message":"\u001b[35mHTTP Request\u001b[39m","method":"POST","status":500,"timestamp":"2026-03-12 20:24:08:248","url":"/checkout","userAgent":"curl/8.18.0"}
{"level":"\u001b[32minfo\u001b[39m","message":"\u001b[32mMercado Pago configurado com sucesso (SDK v2)\u001b[39m","timestamp":"2026-03-12 20:25:43:2543"}
{"environment":"development","level":"\u001b[32minfo\u001b[39m","message":"\u001b[32mSORED Backend iniciado\u001b[39m","port":"3001","timestamp":"2026-03-12 20:25:44:2544"}
{"level":"\u001b[32minfo\u001b[39m","message":"\u001b[32mMongoDB conectado com sucesso\u001b[39m","timestamp":"2026-03-12 20:25:44:2544","uri":"mongodb://localhost:27017/sored"}
{"level":"\u001b[32minfo\u001b[39m","message":"\u001b[32mMercado Pago configurado com sucesso (SDK v2)\u001b[39m","timestamp":"2026-03-12 20:26:11:2611"}
{"environment":"development","level":"\u001b[32minfo\u001b[39m","message":"\u001b[32mSORED Backend iniciado\u001b[39m","port":"3001","timestamp":"2026-03-12 20:26:11:2611"}
{"level":"\u001b[32minfo\u001b[39m","message":"\u001b[32mMongoDB conectado com sucesso\u001b[39m","timestamp":"2026-03-12 20:26:11:2611","uri":"mongodb://localhost:27017/sored"}
{"level":"\u001b[32minfo\u001b[39m","message":"\u001b[32mMercado Pago configurado com sucesso (SDK v2)\u001b[39m","timestamp":"2026-03-12 20:26:39:2639"}
{"environment":"development","level":"\u001b[32minfo\u001b[39m","message":"\u001b[32mSORED Backend iniciado\u001b[39m","port":"3001","timestamp":"2026-03-12 20:26:39:2639"}
{"level":"\u001b[32minfo\u001b[39m","message":"\u001b[32mMongoDB conectado com sucesso\u001b[39m","timestamp":"2026-03-12 20:26:39:2639","uri":"mongodb://localhost:27017/sored"}
{"level":"\u001b[32minfo\u001b[39m","message":"\u001b[32mMercado Pago configurado com sucesso (SDK v2)\u001b[39m","timestamp":"2026-03-12 20:26:49:2649"}
{"environment":"development","level":"\u001b[32minfo\u001b[39m","message":"\u001b[32mSORED Backend iniciado\u001b[39m","port":"3001","timestamp":"2026-03-12 20:26:50:2650"}
{"level":"\u001b[32minfo\u001b[39m","message":"\u001b[32mMongoDB conectado com sucesso\u001b[39m","timestamp":"2026-03-12 20:26:50:2650","uri":"mongodb://localhost:27017/sored"}
{"level":"\u001b[32minfo\u001b[39m","message":"\u001b[32mMercado Pago configurado com sucesso (SDK v2)\u001b[39m","timestamp":"2026-03-12 20:27:02:272"}
{"environment":"development","level":"\u001b[32minfo\u001b[39m","message":"\u001b[32mSORED Backend iniciado\u001b[39m","port":"3001","timestamp":"2026-03-12 20:27:02:272"}
{"level":"\u001b[32minfo\u001b[39m","message":"\u001b[32mMongoDB conectado com sucesso\u001b[39m","timestamp":"2026-03-12 20:27:02:272","uri":"mongodb://localhost:27017/sored"}
{"level":"\u001b[32minfo\u001b[39m","message":"\u001b[32mMercado Pago configurado com sucesso (SDK v2)\u001b[39m","timestamp":"2026-03-12 20:27:21:2721"}
{"environment":"development","level":"\u001b[32minfo\u001b[39m","message":"\u001b[32mSORED Backend iniciado\u001b[39m","port":"3001","timestamp":"2026-03-12 20:27:22:2722"}
{"level":"\u001b[32minfo\u001b[39m","message":"\u001b[32mMongoDB conectado com sucesso\u001b[39m","timestamp":"2026-03-12 20:27:22:2722","uri":"mongodb://localhost:27017/sored"}
{"duration":"11ms","ip":"::1","level":"\u001b[35mhttp\u001b[39m","message":"\u001b[35mHTTP Request\u001b[39m","method":"GET","status":304,"timestamp":"2026-03-12 20:27:45:2745","url":"/status","userAgent":"Mozilla/5.0 (Windows NT 10.0; Win64; x64; rv:148.0) Gecko/20100101 Firefox/148.0"}
{"duration":"2ms","ip":"::1","level":"\u001b[35mhttp\u001b[39m","message":"\u001b[35mHTTP Request\u001b[39m","method":"GET","status":304,"timestamp":"2026-03-12 20:27:45:2745","url":"/plans","userAgent":"Mozilla/5.0 (Windows NT 10.0; Win64; x64; rv:148.0) Gecko/20100101 Firefox/148.0"}
{"duration":"1ms","ip":"::1","level":"\u001b[35mhttp\u001b[39m","message":"\u001b[35mHTTP Request\u001b[39m","method":"GET","status":304,"timestamp":"2026-03-12 20:27:45:2745","url":"/plans","userAgent":"Mozilla/5.0 (Windows NT 10.0; Win64; x64; rv:148.0) Gecko/20100101 Firefox/148.0"}
{"duration":"1ms","ip":"::ffff:127.0.0.1","level":"\u001b[35mhttp\u001b[39m","message":"\u001b[35mHTTP Request\u001b[39m","method":"GET","status":304,"timestamp":"2026-03-12 20:27:48:2748","url":"/public-key","userAgent":"Mozilla/5.0 (Windows NT 10.0; Win64; x64; rv:148.0) Gecko/20100101 Firefox/148.0"}
{"duration":"2ms","ip":"::ffff:127.0.0.1","level":"\u001b[35mhttp\u001b[39m","message":"\u001b[35mHTTP Request\u001b[39m","method":"GET","status":200,"timestamp":"2026-03-12 20:27:48:2748","url":"/public-key","userAgent":"Mozilla/5.0 (Windows NT 10.0; Win64; x64; rv:148.0) Gecko/20100101 Firefox/148.0"}
{"amount":100,"description":"Plano Mensal - month","level":"\u001b[32minfo\u001b[39m","message":"\u001b[32mCreating checkout session with body:\u001b[39m","orderId":"plan_monthly_1773358098672","paymentMethod":"credit_card","resolvedReturnUrl":"http://localhost:3000/subscription?success=true","returnUrl":"http://localhost:3000/subscription?success=true","timestamp":"2026-03-12 20:28:18:2818"}
{"error":"auto_return invalid. back_url.success must be defined","level":"\u001b[31merror\u001b[39m","message":"\u001b[31mErro ao criar preferência de pagamento\u001b[39m","orderId":"plan_monthly_1773358098672","timestamp":"2026-03-12 20:28:19:2819"}
{"error":"auto_return invalid. back_url.success must be defined","level":"\u001b[31merror\u001b[39m","message":"\u001b[31mErro ao criar sessão de checkout\u001b[39m","timestamp":"2026-03-12 20:28:19:2819"}
{"duration":"511ms","ip":"::ffff:127.0.0.1","level":"\u001b[35mhttp\u001b[39m","message":"\u001b[35mHTTP Request\u001b[39m","method":"POST","status":500,"timestamp":"2026-03-12 20:28:19:2819","url":"/checkout","userAgent":"Mozilla/5.0 (Windows NT 10.0; Win64; x64; rv:148.0) Gecko/20100101 Firefox/148.0"}
{"duration":"2ms","ip":"::ffff:127.0.0.1","level":"\u001b[35mhttp\u001b[39m","message":"\u001b[35mHTTP Request\u001b[39m","method":"GET","status":304,"timestamp":"2026-03-12 20:28:21:2821","url":"/public-key","userAgent":"Mozilla/5.0 (Windows NT 10.0; Win64; x64; rv:148.0) Gecko/20100101 Firefox/148.0"}
{"duration":"2ms","ip":"::ffff:127.0.0.1","level":"\u001b[35mhttp\u001b[39m","message":"\u001b[35mHTTP Request\u001b[39m","method":"GET","status":200,"timestamp":"2026-03-12 20:28:21:2821","url":"/public-key","userAgent":"Mozilla/5.0 (Windows NT 10.0; Win64; x64; rv:148.0) Gecko/20100101 Firefox/148.0"}
{"level":"\u001b[32minfo\u001b[39m","message":"\u001b[32mMercado Pago configurado com sucesso (SDK v2)\u001b[39m","timestamp":"2026-03-12 20:29:19:2919"}
{"environment":"development","level":"\u001b[32minfo\u001b[39m","message":"\u001b[32mSORED Backend iniciado\u001b[39m","port":"3001","timestamp":"2026-03-12 20:29:20:2920"}
{"level":"\u001b[32minfo\u001b[39m","message":"\u001b[32mMongoDB conectado com sucesso\u001b[39m","timestamp":"2026-03-12 20:29:20:2920","uri":"mongodb://localhost:27017/sored"}
{"amount":100,"description":"Test","level":"\u001b[32minfo\u001b[39m","message":"\u001b[32mCreating checkout session with body:\u001b[39m","paymentMethod":"credit_card","resolvedReturnUrl":"http://localhost:3000/subscription?success=true","timestamp":"2026-03-12 20:29:20:2920"}
{"level":"\u001b[32minfo\u001b[39m","message":"\u001b[32mPreferência de pagamento criada\u001b[39m","preferenceId":"194511733-82362299-4f94-4a12-8d14-d999cc7cee07","timestamp":"2026-03-12 20:29:21:2921"}
{"duration":"687ms","ip":"::1","level":"\u001b[35mhttp\u001b[39m","message":"\u001b[35mHTTP Request\u001b[39m","method":"POST","status":200,"timestamp":"2026-03-12 20:29:21:2921","url":"/checkout","userAgent":"curl/8.18.0"}
{"duration":"5ms","ip":"::1","level":"\u001b[35mhttp\u001b[39m","message":"\u001b[35mHTTP Request\u001b[39m","method":"GET","status":304,"timestamp":"2026-03-12 20:29:43:2943","url":"/status","userAgent":"Mozilla/5.0 (Windows NT 10.0; Win64; x64; rv:148.0) Gecko/20100101 Firefox/148.0"}
{"duration":"2ms","ip":"::1","level":"\u001b[35mhttp\u001b[39m","message":"\u001b[35mHTTP Request\u001b[39m","method":"GET","status":304,"timestamp":"2026-03-12 20:29:43:2943","url":"/plans","userAgent":"Mozilla/5.0 (Windows NT 10.0; Win64; x64; rv:148.0) Gecko/20100101 Firefox/148.0"}
{"duration":"1ms","ip":"::1","level":"\u001b[35mhttp\u001b[39m","message":"\u001b[35mHTTP Request\u001b[39m","method":"GET","status":304,"timestamp":"2026-03-12 20:29:43:2943","url":"/plans","userAgent":"Mozilla/5.0 (Windows NT 10.0; Win64; x64; rv:148.0) Gecko/20100101 Firefox/148.0"}
{"duration":"1ms","ip":"::ffff:127.0.0.1","level":"\u001b[35mhttp\u001b[39m","message":"\u001b[35mHTTP Request\u001b[39m","method":"GET","status":304,"timestamp":"2026-03-12 20:29:46:2946","url":"/public-key","userAgent":"Mozilla/5.0 (Windows NT 10.0; Win64; x64; rv:148.0) Gecko/20100101 Firefox/148.0"}
{"duration":"1ms","ip":"::ffff:127.0.0.1","level":"\u001b[35mhttp\u001b[39m","message":"\u001b[35mHTTP Request\u001b[39m","method":"GET","status":200,"timestamp":"2026-03-12 20:29:46:2946","url":"/public-key","userAgent":"Mozilla/5.0 (Windows NT 10.0; Win64; x64; rv:148.0) Gecko/20100101 Firefox/148.0"}
{"amount":100,"description":"Plano Mensal - month","level":"\u001b[32minfo\u001b[39m","message":"\u001b[32mCreating checkout session with body:\u001b[39m","orderId":"plan_monthly_1773358218671","paymentMethod":"credit_card","resolvedReturnUrl":"http://localhost:3000/subscription?success=true","returnUrl":"http://localhost:3000/subscription?success=true","timestamp":"2026-03-12 20:30:18:3018"}
{"level":"\u001b[32minfo\u001b[39m","message":"\u001b[32mPreferência de pagamento criada\u001b[39m","orderId":"plan_monthly_1773358218671","preferenceId":"194511733-41247441-c7b7-4665-b993-e1b740901cbc","timestamp":"2026-03-12 20:30:19:3019"}
{"duration":"545ms","ip":"::ffff:127.0.0.1","level":"\u001b[35mhttp\u001b[39m","message":"\u001b[35mHTTP Request\u001b[39m","method":"POST","status":200,"timestamp":"2026-03-12 20:30:19:3019","url":"/checkout","userAgent":"Mozilla/5.0 (Windows NT 10.0; Win64; x64; rv:148.0) Gecko/20100101 Firefox/148.0"}
{"level":"\u001b[32minfo\u001b[39m","message":"\u001b[32mMercado Pago configurado com sucesso (SDK v2)\u001b[39m","timestamp":"2026-03-12 20:38:31:3831"}
{"environment":"development","level":"\u001b[32minfo\u001b[39m","message":"\u001b[32mSORED Backend iniciado\u001b[39m","port":"3001","timestamp":"2026-03-12 20:38:31:3831"}
{"level":"\u001b[32minfo\u001b[39m","message":"\u001b[32mMongoDB conectado com sucesso\u001b[39m","timestamp":"2026-03-12 20:38:31:3831","uri":"mongodb://localhost:27017/sored"}
{"level":"\u001b[32minfo\u001b[39m","message":"\u001b[32mMercado Pago configurado com sucesso (SDK v2)\u001b[39m","timestamp":"2026-03-12 20:39:08:398"}
{"environment":"development","level":"\u001b[32minfo\u001b[39m","message":"\u001b[32mSORED Backend iniciado\u001b[39m","port":"3001","timestamp":"2026-03-12 20:39:09:399"}
{"level":"\u001b[32minfo\u001b[39m","message":"\u001b[32mMongoDB conectado com sucesso\u001b[39m","timestamp":"2026-03-12 20:39:09:399","uri":"mongodb://localhost:27017/sored"}
{"level":"\u001b[32minfo\u001b[39m","message":"\u001b[32mMercado Pago configurado com sucesso (SDK v2)\u001b[39m","timestamp":"2026-03-12 20:40:01:401"}
{"environment":"development","level":"\u001b[32minfo\u001b[39m","message":"\u001b[32mSORED Backend iniciado\u001b[39m","port":"3001","timestamp":"2026-03-12 20:40:01:401"}
{"level":"\u001b[32minfo\u001b[39m","message":"\u001b[32mMongoDB conectado com sucesso\u001b[39m","timestamp":"2026-03-12 20:40:01:401","uri":"mongodb://localhost:27017/sored"}
{"level":"\u001b[32minfo\u001b[39m","message":"\u001b[32mPagamento PIX criado\u001b[39m","orderId":"plan_monthly_1773359275999","paymentId":150103221686,"timestamp":"2026-03-12 20:47:57:4757"}
{"level":"\u001b[32minfo\u001b[39m","message":"\u001b[32mPreferência Mercado Pago criada\u001b[39m","preferenceId":"194511733-b18dc91b-be8e-474e-b8c4-022556d288e8","timestamp":"2026-03-12 20:47:57:4757"}
{"level":"\u001b[32minfo\u001b[39m","message":"\u001b[32mPagamento criado\u001b[39m","paymentId":"69b350adfeb07a7af3afd248","preferenceId":"194511733-b18dc91b-be8e-474e-b8c4-022556d288e8","timestamp":"2026-03-12 20:47:57:4757"}
{"duration":"1630ms","ip":"::ffff:127.0.0.1","level":"\u001b[35mhttp\u001b[39m","message":"\u001b[35mHTTP Request\u001b[39m","method":"POST","status":200,"timestamp":"2026-03-12 20:47:57:4757","url":"/pix/create","userAgent":"Mozilla/5.0 (Windows NT 10.0; Win64; x64; rv:148.0) Gecko/20100101 Firefox/148.0"}
{"level":"\u001b[32minfo\u001b[39m","message":"\u001b[32mQR Code PIX obtido\u001b[39m","paymentId":"150103221686","timestamp":"2026-03-12 20:47:57:4757"}
{"duration":"200ms","ip":"::ffff:127.0.0.1","level":"\u001b[35mhttp\u001b[39m","message":"\u001b[35mHTTP Request\u001b[39m","method":"GET","status":200,"timestamp":"2026-03-12 20:47:57:4757","url":"/pix/qrcode/150103221686","userAgent":"Mozilla/5.0 (Windows NT 10.0; Win64; x64; rv:148.0) Gecko/20100101 Firefox/148.0"}
{"amount":100,"description":"Plano Mensal - month","level":"\u001b[32minfo\u001b[39m","message":"\u001b[32mCreating checkout session with body:\u001b[39m","orderId":"plan_monthly_1773359334567","paymentMethod":"credit_card","resolvedReturnUrl":"http://localhost:3000/subscription?success=true","returnUrl":"http://localhost:3000/subscription?success=true","timestamp":"2026-03-12 20:48:54:4854"}
{"level":"\u001b[32minfo\u001b[39m","message":"\u001b[32mPreferência de pagamento criada\u001b[39m","orderId":"plan_monthly_1773359334567","preferenceId":"194511733-b80ca529-0560-4bce-ac98-81b7c4d82307","timestamp":"2026-03-12 20:48:55:4855"}
{"level":"\u001b[32minfo\u001b[39m","message":"\u001b[32mPagamento interno criado para rastreamento\u001b[39m","paymentId":"69b350e7feb07a7af3afd24a","preferenceId":"194511733-b80ca529-0560-4bce-ac98-81b7c4d82307","timestamp":"2026-03-12 20:48:55:4855"}
{"duration":"569ms","ip":"::ffff:127.0.0.1","level":"\u001b[35mhttp\u001b[39m","message":"\u001b[35mHTTP Request\u001b[39m","method":"POST","status":200,"timestamp":"2026-03-12 20:48:55:4855","url":"/checkout","userAgent":"Mozilla/5.0 (Windows NT 10.0; Win64; x64; rv:148.0) Gecko/20100101 Firefox/148.0"}
{"error":"Si quieres conocer los recursos de la API que se encuentran disponibles visita el Sitio de Desarrolladores de MercadoLibre (https://developers.mercadopago.com)","level":"\u001b[31merror\u001b[39m","message":"\u001b[31mErro ao consultar pagamento Mercado Pago\u001b[39m","paymentId":"69b350e7feb07a7af3afd24a","timestamp":"2026-03-12 20:48:57:4857"}
{"error":"Si quieres conocer los recursos de la API que se encuentran disponibles visita el Sitio de Desarrolladores de MercadoLibre (https://developers.mercadopago.com)","level":"\u001b[31merror\u001b[39m","message":"\u001b[31mErro ao consultar status do pagamento\u001b[39m","timestamp":"2026-03-12 20:48:57:4857"}
{"duration":"2338ms","ip":"::1","level":"\u001b[35mhttp\u001b[39m","message":"\u001b[35mHTTP Request\u001b[39m","method":"GET","status":500,"timestamp":"2026-03-12 20:48:57:4857","url":"/status/69b350e7feb07a7af3afd24a","userAgent":"Mozilla/5.0 (Windows NT 10.0; Win64; x64; rv:148.0) Gecko/20100101 Firefox/148.0"}
{"error":"Si quieres conocer los recursos de la API que se encuentran disponibles visita el Sitio de Desarrolladores de MercadoLibre (https://developers.mercadopago.com)","level":"\u001b[31merror\u001b[39m","message":"\u001b[31mErro ao consultar pagamento Mercado Pago\u001b[39m","paymentId":"69b350e7feb07a7af3afd24a","timestamp":"2026-03-12 20:49:00:490"}
{"error":"Si quieres conocer los recursos de la API que se encuentran disponibles visita el Sitio de Desarrolladores de MercadoLibre (https://developers.mercadopago.com)","level":"\u001b[31merror\u001b[39m","message":"\u001b[31mErro ao consultar status do pagamento\u001b[39m","timestamp":"2026-03-12 20:49:00:490"}
{"duration":"2293ms","ip":"::1","level":"\u001b[35mhttp\u001b[39m","message":"\u001b[35mHTTP Request\u001b[39m","method":"GET","status":500,"timestamp":"2026-03-12 20:49:00:490","url":"/status/69b350e7feb07a7af3afd24a","userAgent":"Mozilla/5.0 (Windows NT 10.0; Win64; x64; rv:148.0) Gecko/20100101 Firefox/148.0"}
{"error":"Si quieres conocer los recursos de la API que se encuentran disponibles visita el Sitio de Desarrolladores de MercadoLibre (https://developers.mercadopago.com)","level":"\u001b[31merror\u001b[39m","message":"\u001b[31mErro ao consultar pagamento Mercado Pago\u001b[39m","paymentId":"69b350e7feb07a7af3afd24a","timestamp":"2026-03-12 20:49:03:493"}
{"error":"Si quieres conocer los recursos de la API que se encuentran disponibles visita el Sitio de Desarrolladores de MercadoLibre (https://developers.mercadopago.com)","level":"\u001b[31merror\u001b[39m","message":"\u001b[31mErro ao consultar status do pagamento\u001b[39m","timestamp":"2026-03-12 20:49:03:493"}
{"duration":"2312ms","ip":"::1","level":"\u001b[35mhttp\u001b[39m","message":"\u001b[35mHTTP Request\u001b[39m","method":"GET","status":500,"timestamp":"2026-03-12 20:49:03:493","url":"/status/69b350e7feb07a7af3afd24a","userAgent":"Mozilla/5.0 (Windows NT 10.0; Win64; x64; rv:148.0) Gecko/20100101 Firefox/148.0"}
{"error":"Si quieres conocer los recursos de la API que se encuentran disponibles visita el Sitio de Desarrolladores de MercadoLibre (https://developers.mercadopago.com)","level":"\u001b[31merror\u001b[39m","message":"\u001b[31mErro ao consultar pagamento Mercado Pago\u001b[39m","paymentId":"69b350e7feb07a7af3afd24a","timestamp":"2026-03-12 20:49:08:498"}
{"error":"Si quieres conocer los recursos de la API que se encuentran disponibles visita el Sitio de Desarrolladores de MercadoLibre (https://developers.mercadopago.com)","level":"\u001b[31merror\u001b[39m","message":"\u001b[31mErro ao consultar status do pagamento\u001b[39m","timestamp":"2026-03-12 20:49:08:498"}
{"duration":"2304ms","ip":"::1","level":"\u001b[35mhttp\u001b[39m","message":"\u001b[35mHTTP Request\u001b[39m","method":"GET","status":500,"timestamp":"2026-03-12 20:49:08:498","url":"/status/69b350e7feb07a7af3afd24a","userAgent":"Mozilla/5.0 (Windows NT 10.0; Win64; x64; rv:148.0) Gecko/20100101 Firefox/148.0"}
{"error":"Si quieres conocer los recursos de la API que se encuentran disponibles visita el Sitio de Desarrolladores de MercadoLibre (https://developers.mercadopago.com)","level":"\u001b[31merror\u001b[39m","message":"\u001b[31mErro ao consultar pagamento Mercado Pago\u001b[39m","paymentId":"69b350e7feb07a7af3afd24a","timestamp":"2026-03-12 20:49:13:4913"}
{"error":"Si quieres conocer los recursos de la API que se encuentran disponibles visita el Sitio de Desarrolladores de MercadoLibre (https://developers.mercadopago.com)","level":"\u001b[31merror\u001b[39m","message":"\u001b[31mErro ao consultar status do pagamento\u001b[39m","timestamp":"2026-03-12 20:49:13:4913"}
{"duration":"2318ms","ip":"::1","level":"\u001b[35mhttp\u001b[39m","message":"\u001b[35mHTTP Request\u001b[39m","method":"GET","status":500,"timestamp":"2026-03-12 20:49:13:4913","url":"/status/69b350e7feb07a7af3afd24a","userAgent":"Mozilla/5.0 (Windows NT 10.0; Win64; x64; rv:148.0) Gecko/20100101 Firefox/148.0"}
{"error":"Si quieres conocer los recursos de la API que se encuentran disponibles visita el Sitio de Desarrolladores de MercadoLibre (https://developers.mercadopago.com)","level":"\u001b[31merror\u001b[39m","message":"\u001b[31mErro ao consultar pagamento Mercado Pago\u001b[39m","paymentId":"69b350e7feb07a7af3afd24a","timestamp":"2026-03-12 20:49:19:4919"}
{"error":"Si quieres conocer los recursos de la API que se encuentran disponibles visita el Sitio de Desarrolladores de MercadoLibre (https://developers.mercadopago.com)","level":"\u001b[31merror\u001b[39m","message":"\u001b[31mErro ao consultar status do pagamento\u001b[39m","timestamp":"2026-03-12 20:49:19:4919"}
{"duration":"2300ms","ip":"::1","level":"\u001b[35mhttp\u001b[39m","message":"\u001b[35mHTTP Request\u001b[39m","method":"GET","status":500,"timestamp":"2026-03-12 20:49:19:4919","url":"/status/69b350e7feb07a7af3afd24a","userAgent":"Mozilla/5.0 (Windows NT 10.0; Win64; x64; rv:148.0) Gecko/20100101 Firefox/148.0"}
{"error":"Si quieres conocer los recursos de la API que se encuentran disponibles visita el Sitio de Desarrolladores de MercadoLibre (https://developers.mercadopago.com)","level":"\u001b[31merror\u001b[39m","message":"\u001b[31mErro ao consultar pagamento Mercado Pago\u001b[39m","paymentId":"69b350e7feb07a7af3afd24a","timestamp":"2026-03-12 20:49:24:4924"}
{"error":"Si quieres conocer los recursos de la API que se encuentran disponibles visita el Sitio de Desarrolladores de MercadoLibre (https://developers.mercadopago.com)","level":"\u001b[31merror\u001b[39m","message":"\u001b[31mErro ao consultar status do pagamento\u001b[39m","timestamp":"2026-03-12 20:49:24:4924"}
{"duration":"2306ms","ip":"::1","level":"\u001b[35mhttp\u001b[39m","message":"\u001b[35mHTTP Request\u001b[39m","method":"GET","status":500,"timestamp":"2026-03-12 20:49:24:4924","url":"/status/69b350e7feb07a7af3afd24a","userAgent":"Mozilla/5.0 (Windows NT 10.0; Win64; x64; rv:148.0) Gecko/20100101 Firefox/148.0"}
{"error":"Si quieres conocer los recursos de la API que se encuentran disponibles visita el Sitio de Desarrolladores de MercadoLibre (https://developers.mercadopago.com)","level":"\u001b[31merror\u001b[39m","message":"\u001b[31mErro ao consultar pagamento Mercado Pago\u001b[39m","paymentId":"69b350e7feb07a7af3afd24a","timestamp":"2026-03-12 20:49:30:4930"}
{"error":"Si quieres conocer los recursos de la API que se encuentran disponibles visita el Sitio de Desarrolladores de MercadoLibre (https://developers.mercadopago.com)","level":"\u001b[31merror\u001b[39m","message":"\u001b[31mErro ao consultar status do pagamento\u001b[39m","timestamp":"2026-03-12 20:49:30:4930"}
{"duration":"2302ms","ip":"::1","level":"\u001b[35mhttp\u001b[39m","message":"\u001b[35mHTTP Request\u001b[39m","method":"GET","status":500,"timestamp":"2026-03-12 20:49:30:4930","url":"/status/69b350e7feb07a7af3afd24a","userAgent":"Mozilla/5.0 (Windows NT 10.0; Win64; x64; rv:148.0) Gecko/20100101 Firefox/148.0"}
{"error":"Si quieres conocer los recursos de la API que se encuentran disponibles visita el Sitio de Desarrolladores de MercadoLibre (https://developers.mercadopago.com)","level":"\u001b[31merror\u001b[39m","message":"\u001b[31mErro ao consultar pagamento Mercado Pago\u001b[39m","paymentId":"69b350e7feb07a7af3afd24a","timestamp":"2026-03-12 20:49:35:4935"}
{"error":"Si quieres conocer los recursos de la API que se encuentran disponibles visita el Sitio de Desarrolladores de MercadoLibre (https://developers.mercadopago.com)","level":"\u001b[31merror\u001b[39m","message":"\u001b[31mErro ao consultar status do pagamento\u001b[39m","timestamp":"2026-03-12 20:49:35:4935"}
{"duration":"2302ms","ip":"::1","level":"\u001b[35mhttp\u001b[39m","message":"\u001b[35mHTTP Request\u001b[39m","method":"GET","status":500,"timestamp":"2026-03-12 20:49:35:4935","url":"/status/69b350e7feb07a7af3afd24a","userAgent":"Mozilla/5.0 (Windows NT 10.0; Win64; x64; rv:148.0) Gecko/20100101 Firefox/148.0"}
{"error":"Si quieres conocer los recursos de la API que se encuentran disponibles visita el Sitio de Desarrolladores de MercadoLibre (https://developers.mercadopago.com)","level":"\u001b[31merror\u001b[39m","message":"\u001b[31mErro ao consultar pagamento Mercado Pago\u001b[39m","paymentId":"69b350e7feb07a7af3afd24a","timestamp":"2026-03-12 20:49:40:4940"}
{"error":"Si quieres conocer los recursos de la API que se encuentran disponibles visita el Sitio de Desarrolladores de MercadoLibre (https://developers.mercadopago.com)","level":"\u001b[31merror\u001b[39m","message":"\u001b[31mErro ao consultar status do pagamento\u001b[39m","timestamp":"2026-03-12 20:49:40:4940"}
{"duration":"2297ms","ip":"::1","level":"\u001b[35mhttp\u001b[39m","message":"\u001b[35mHTTP Request\u001b[39m","method":"GET","status":500,"timestamp":"2026-03-12 20:49:40:4940","url":"/status/69b350e7feb07a7af3afd24a","userAgent":"Mozilla/5.0 (Windows NT 10.0; Win64; x64; rv:148.0) Gecko/20100101 Firefox/148.0"}
{"error":"Si quieres conocer los recursos de la API que se encuentran disponibles visita el Sitio de Desarrolladores de MercadoLibre (https://developers.mercadopago.com)","level":"\u001b[31merror\u001b[39m","message":"\u001b[31mErro ao consultar pagamento Mercado Pago\u001b[39m","paymentId":"69b350e7feb07a7af3afd24a","timestamp":"2026-03-12 20:49:46:4946"}
{"error":"Si quieres conocer los recursos de la API que se encuentran disponibles visita el Sitio de Desarrolladores de MercadoLibre (https://developers.mercadopago.com)","level":"\u001b[31merror\u001b[39m","message":"\u001b[31mErro ao consultar status do pagamento\u001b[39m","timestamp":"2026-03-12 20:49:46:4946"}
{"duration":"2302ms","ip":"::1","level":"\u001b[35mhttp\u001b[39m","message":"\u001b[35mHTTP Request\u001b[39m","method":"GET","status":500,"timestamp":"2026-03-12 20:49:46:4946","url":"/status/69b350e7feb07a7af3afd24a","userAgent":"Mozilla/5.0 (Windows NT 10.0; Win64; x64; rv:148.0) Gecko/20100101 Firefox/148.0"}
{"error":"Si quieres conocer los recursos de la API que se encuentran disponibles visita el Sitio de Desarrolladores de MercadoLibre (https://developers.mercadopago.com)","level":"\u001b[31merror\u001b[39m","message":"\u001b[31mErro ao consultar pagamento Mercado Pago\u001b[39m","paymentId":"69b350e7feb07a7af3afd24a","timestamp":"2026-03-12 20:49:51:4951"}
{"error":"Si quieres conocer los recursos de la API que se encuentran disponibles visita el Sitio de Desarrolladores de MercadoLibre (https://developers.mercadopago.com)","level":"\u001b[31merror\u001b[39m","message":"\u001b[31mErro ao consultar status do pagamento\u001b[39m","timestamp":"2026-03-12 20:49:51:4951"}
{"duration":"2305ms","ip":"::1","level":"\u001b[35mhttp\u001b[39m","message":"\u001b[35mHTTP Request\u001b[39m","method":"GET","status":500,"timestamp":"2026-03-12 20:49:51:4951","url":"/status/69b350e7feb07a7af3afd24a","userAgent":"Mozilla/5.0 (Windows NT 10.0; Win64; x64; rv:148.0) Gecko/20100101 Firefox/148.0"}
{"error":"Si quieres conocer los recursos de la API que se encuentran disponibles visita el Sitio de Desarrolladores de MercadoLibre (https://developers.mercadopago.com)","level":"\u001b[31merror\u001b[39m","message":"\u001b[31mErro ao consultar pagamento Mercado Pago\u001b[39m","paymentId":"69b350e7feb07a7af3afd24a","timestamp":"2026-03-12 20:49:56:4956"}
{"error":"Si quieres conocer los recursos de la API que se encuentran disponibles visita el Sitio de Desarrolladores de MercadoLibre (https://developers.mercadopago.com)","level":"\u001b[31merror\u001b[39m","message":"\u001b[31mErro ao consultar status do pagamento\u001b[39m","timestamp":"2026-03-12 20:49:56:4956"}
{"duration":"2296ms","ip":"::1","level":"\u001b[35mhttp\u001b[39m","message":"\u001b[35mHTTP Request\u001b[39m","method":"GET","status":500,"timestamp":"2026-03-12 20:49:56:4956","url":"/status/69b350e7feb07a7af3afd24a","userAgent":"Mozilla/5.0 (Windows NT 10.0; Win64; x64; rv:148.0) Gecko/20100101 Firefox/148.0"}
{"error":"Si quieres conocer los recursos de la API que se encuentran disponibles visita el Sitio de Desarrolladores de MercadoLibre (https://developers.mercadopago.com)","level":"\u001b[31merror\u001b[39m","message":"\u001b[31mErro ao consultar pagamento Mercado Pago\u001b[39m","paymentId":"69b350e7feb07a7af3afd24a","timestamp":"2026-03-12 20:50:02:502"}
{"error":"Si quieres conocer los recursos de la API que se encuentran disponibles visita el Sitio de Desarrolladores de MercadoLibre (https://developers.mercadopago.com)","level":"\u001b[31merror\u001b[39m","message":"\u001b[31mErro ao consultar status do pagamento\u001b[39m","timestamp":"2026-03-12 20:50:02:502"}
{"duration":"2299ms","ip":"::1","level":"\u001b[35mhttp\u001b[39m","message":"\u001b[35mHTTP Request\u001b[39m","method":"GET","status":500,"timestamp":"2026-03-12 20:50:02:502","url":"/status/69b350e7feb07a7af3afd24a","userAgent":"Mozilla/5.0 (Windows NT 10.0; Win64; x64; rv:148.0) Gecko/20100101 Firefox/148.0"}
{"error":"Si quieres conocer los recursos de la API que se encuentran disponibles visita el Sitio de Desarrolladores de MercadoLibre (https://developers.mercadopago.com)","level":"\u001b[31merror\u001b[39m","message":"\u001b[31mErro ao consultar pagamento Mercado Pago\u001b[39m","paymentId":"69b350e7feb07a7af3afd24a","timestamp":"2026-03-12 20:50:07:507"}
{"error":"Si quieres conocer los recursos de la API que se encuentran disponibles visita el Sitio de Desarrolladores de MercadoLibre (https://developers.mercadopago.com)","level":"\u001b[31merror\u001b[39m","message":"\u001b[31mErro ao consultar status do pagamento\u001b[39m","timestamp":"2026-03-12 20:50:07:507"}
{"duration":"2291ms","ip":"::1","level":"\u001b[35mhttp\u001b[39m","message":"\u001b[35mHTTP Request\u001b[39m","method":"GET","status":500,"timestamp":"2026-03-12 20:50:07:507","url":"/status/69b350e7feb07a7af3afd24a","userAgent":"Mozilla/5.0 (Windows NT 10.0; Win64; x64; rv:148.0) Gecko/20100101 Firefox/148.0"}
{"error":"Si quieres conocer los recursos de la API que se encuentran disponibles visita el Sitio de Desarrolladores de MercadoLibre (https://developers.mercadopago.com)","level":"\u001b[31merror\u001b[39m","message":"\u001b[31mErro ao consultar pagamento Mercado Pago\u001b[39m","paymentId":"69b350e7feb07a7af3afd24a","timestamp":"2026-03-12 20:50:12:5012"}
{"error":"Si quieres conocer los recursos de la API que se encuentran disponibles visita el Sitio de Desarrolladores de MercadoLibre (https://developers.mercadopago.com)","level":"\u001b[31merror\u001b[39m","message":"\u001b[31mErro ao consultar status do pagamento\u001b[39m","timestamp":"2026-03-12 20:50:12:5012"}
{"duration":"2302ms","ip":"::1","level":"\u001b[35mhttp\u001b[39m","message":"\u001b[35mHTTP Request\u001b[39m","method":"GET","status":500,"timestamp":"2026-03-12 20:50:12:5012","url":"/status/69b350e7feb07a7af3afd24a","userAgent":"Mozilla/5.0 (Windows NT 10.0; Win64; x64; rv:148.0) Gecko/20100101 Firefox/148.0"}
{"error":"Si quieres conocer los recursos de la API que se encuentran disponibles visita el Sitio de Desarrolladores de MercadoLibre (https://developers.mercadopago.com)","level":"\u001b[31merror\u001b[39m","message":"\u001b[31mErro ao consultar pagamento Mercado Pago\u001b[39m","paymentId":"69b350e7feb07a7af3afd24a","timestamp":"2026-03-12 20:50:18:5018"}
{"error":"Si quieres conocer los recursos de la API que se encuentran disponibles visita el Sitio de Desarrolladores de MercadoLibre (https://developers.mercadopago.com)","level":"\u001b[31merror\u001b[39m","message":"\u001b[31mErro ao consultar status do pagamento\u001b[39m","timestamp":"2026-03-12 20:50:18:5018"}
{"duration":"2300ms","ip":"::1","level":"\u001b[35mhttp\u001b[39m","message":"\u001b[35mHTTP Request\u001b[39m","method":"GET","status":500,"timestamp":"2026-03-12 20:50:18:5018","url":"/status/69b350e7feb07a7af3afd24a","userAgent":"Mozilla/5.0 (Windows NT 10.0; Win64; x64; rv:148.0) Gecko/20100101 Firefox/148.0"}
{"error":"Si quieres conocer los recursos de la API que se encuentran disponibles visita el Sitio de Desarrolladores de MercadoLibre (https://developers.mercadopago.com)","level":"\u001b[31merror\u001b[39m","message":"\u001b[31mErro ao consultar pagamento Mercado Pago\u001b[39m","paymentId":"69b350e7feb07a7af3afd24a","timestamp":"2026-03-12 20:50:23:5023"}
{"error":"Si quieres conocer los recursos de la API que se encuentran disponibles visita el Sitio de Desarrolladores de MercadoLibre (https://developers.mercadopago.com)","level":"\u001b[31merror\u001b[39m","message":"\u001b[31mErro ao consultar status do pagamento\u001b[39m","timestamp":"2026-03-12 20:50:23:5023"}
{"duration":"2318ms","ip":"::1","level":"\u001b[35mhttp\u001b[39m","message":"\u001b[35mHTTP Request\u001b[39m","method":"GET","status":500,"timestamp":"2026-03-12 20:50:23:5023","url":"/status/69b350e7feb07a7af3afd24a","userAgent":"Mozilla/5.0 (Windows NT 10.0; Win64; x64; rv:148.0) Gecko/20100101 Firefox/148.0"}
{"error":"Si quieres conocer los recursos de la API que se encuentran disponibles visita el Sitio de Desarrolladores de MercadoLibre (https://developers.mercadopago.com)","level":"\u001b[31merror\u001b[39m","message":"\u001b[31mErro ao consultar pagamento Mercado Pago\u001b[39m","paymentId":"69b350e7feb07a7af3afd24a","timestamp":"2026-03-12 20:50:29:5029"}
{"error":"Si quieres conocer los recursos de la API que se encuentran disponibles visita el Sitio de Desarrolladores de MercadoLibre (https://developers.mercadopago.com)","level":"\u001b[31merror\u001b[39m","message":"\u001b[31mErro ao consultar status do pagamento\u001b[39m","timestamp":"2026-03-12 20:50:29:5029"}
{"duration":"2390ms","ip":"::1","level":"\u001b[35mhttp\u001b[39m","message":"\u001b[35mHTTP Request\u001b[39m","method":"GET","status":500,"timestamp":"2026-03-12 20:50:29:5029","url":"/status/69b350e7feb07a7af3afd24a","userAgent":"Mozilla/5.0 (Windows NT 10.0; Win64; x64; rv:148.0) Gecko/20100101 Firefox/148.0"}
{"error":"Si quieres conocer los recursos de la API que se encuentran disponibles visita el Sitio de Desarrolladores de MercadoLibre (https://developers.mercadopago.com)","level":"\u001b[31merror\u001b[39m","message":"\u001b[31mErro ao consultar pagamento Mercado Pago\u001b[39m","paymentId":"69b350e7feb07a7af3afd24a","timestamp":"2026-03-12 20:50:34:5034"}
{"error":"Si quieres conocer los recursos de la API que se encuentran disponibles visita el Sitio de Desarrolladores de MercadoLibre (https://developers.mercadopago.com)","level":"\u001b[31merror\u001b[39m","message":"\u001b[31mErro ao consultar status do pagamento\u001b[39m","timestamp":"2026-03-12 20:50:34:5034"}
{"duration":"2407ms","ip":"::1","level":"\u001b[35mhttp\u001b[39m","message":"\u001b[35mHTTP Request\u001b[39m","method":"GET","status":500,"timestamp":"2026-03-12 20:50:34:5034","url":"/status/69b350e7feb07a7af3afd24a","userAgent":"Mozilla/5.0 (Windows NT 10.0; Win64; x64; rv:148.0) Gecko/20100101 Firefox/148.0"}
{"error":"Si quieres conocer los recursos de la API que se encuentran disponibles visita el Sitio de Desarrolladores de MercadoLibre (https://developers.mercadopago.com)","level":"\u001b[31merror\u001b[39m","message":"\u001b[31mErro ao consultar pagamento Mercado Pago\u001b[39m","paymentId":"69b350e7feb07a7af3afd24a","timestamp":"2026-03-12 20:50:39:5039"}
{"error":"Si quieres conocer los recursos de la API que se encuentran disponibles visita el Sitio de Desarrolladores de MercadoLibre (https://developers.mercadopago.com)","level":"\u001b[31merror\u001b[39m","message":"\u001b[31mErro ao consultar status do pagamento\u001b[39m","timestamp":"2026-03-12 20:50:39:5039"}
{"duration":"2295ms","ip":"::1","level":"\u001b[35mhttp\u001b[39m","message":"\u001b[35mHTTP Request\u001b[39m","method":"GET","status":500,"timestamp":"2026-03-12 20:50:39:5039","url":"/status/69b350e7feb07a7af3afd24a","userAgent":"Mozilla/5.0 (Windows NT 10.0; Win64; x64; rv:148.0) Gecko/20100101 Firefox/148.0"}
{"error":"Si quieres conocer los recursos de la API que se encuentran disponibles visita el Sitio de Desarrolladores de MercadoLibre (https://developers.mercadopago.com)","level":"\u001b[31merror\u001b[39m","message":"\u001b[31mErro ao consultar pagamento Mercado Pago\u001b[39m","paymentId":"69b350e7feb07a7af3afd24a","timestamp":"2026-03-12 20:50:45:5045"}
{"error":"Si quieres conocer los recursos de la API que se encuentran disponibles visita el Sitio de Desarrolladores de MercadoLibre (https://developers.mercadopago.com)","level":"\u001b[31merror\u001b[39m","message":"\u001b[31mErro ao consultar status do pagamento\u001b[39m","timestamp":"2026-03-12 20:50:45:5045"}
{"duration":"2304ms","ip":"::1","level":"\u001b[35mhttp\u001b[39m","message":"\u001b[35mHTTP Request\u001b[39m","method":"GET","status":500,"timestamp":"2026-03-12 20:50:45:5045","url":"/status/69b350e7feb07a7af3afd24a","userAgent":"Mozilla/5.0 (Windows NT 10.0; Win64; x64; rv:148.0) Gecko/20100101 Firefox/148.0"}
{"error":"Si quieres conocer los recursos de la API que se encuentran disponibles visita el Sitio de Desarrolladores de MercadoLibre (https://developers.mercadopago.com)","level":"\u001b[31merror\u001b[39m","message":"\u001b[31mErro ao consultar pagamento Mercado Pago\u001b[39m","paymentId":"69b350e7feb07a7af3afd24a","timestamp":"2026-03-12 20:50:50:5050"}
{"error":"Si quieres conocer los recursos de la API que se encuentran disponibles visita el Sitio de Desarrolladores de MercadoLibre (https://developers.mercadopago.com)","level":"\u001b[31merror\u001b[39m","message":"\u001b[31mErro ao consultar status do pagamento\u001b[39m","timestamp":"2026-03-12 20:50:50:5050"}
{"duration":"2298ms","ip":"::1","level":"\u001b[35mhttp\u001b[39m","message":"\u001b[35mHTTP Request\u001b[39m","method":"GET","status":500,"timestamp":"2026-03-12 20:50:50:5050","url":"/status/69b350e7feb07a7af3afd24a","userAgent":"Mozilla/5.0 (Windows NT 10.0; Win64; x64; rv:148.0) Gecko/20100101 Firefox/148.0"}
{"error":"Si quieres conocer los recursos de la API que se encuentran disponibles visita el Sitio de Desarrolladores de MercadoLibre (https://developers.mercadopago.com)","level":"\u001b[31merror\u001b[39m","message":"\u001b[31mErro ao consultar pagamento Mercado Pago\u001b[39m","paymentId":"69b350e7feb07a7af3afd24a","timestamp":"2026-03-12 20:50:56:5056"}
{"error":"Si quieres conocer los recursos de la API que se encuentran disponibles visita el Sitio de Desarrolladores de MercadoLibre (https://developers.mercadopago.com)","level":"\u001b[31merror\u001b[39m","message":"\u001b[31mErro ao consultar status do pagamento\u001b[39m","timestamp":"2026-03-12 20:50:56:5056"}
{"duration":"2298ms","ip":"::1","level":"\u001b[35mhttp\u001b[39m","message":"\u001b[35mHTTP Request\u001b[39m","method":"GET","status":500,"timestamp":"2026-03-12 20:50:56:5056","url":"/status/69b350e7feb07a7af3afd24a","userAgent":"Mozilla/5.0 (Windows NT 10.0; Win64; x64; rv:148.0) Gecko/20100101 Firefox/148.0"}
{"error":"Si quieres conocer los recursos de la API que se encuentran disponibles visita el Sitio de Desarrolladores de MercadoLibre (https://developers.mercadopago.com)","level":"\u001b[31merror\u001b[39m","message":"\u001b[31mErro ao consultar pagamento Mercado Pago\u001b[39m","paymentId":"69b350e7feb07a7af3afd24a","timestamp":"2026-03-12 20:51:01:511"}
{"error":"Si quieres conocer los recursos de la API que se encuentran disponibles visita el Sitio de Desarrolladores de MercadoLibre (https://developers.mercadopago.com)","level":"\u001b[31merror\u001b[39m","message":"\u001b[31mErro ao consultar status do pagamento\u001b[39m","timestamp":"2026-03-12 20:51:01:511"}
{"duration":"2309ms","ip":"::1","level":"\u001b[35mhttp\u001b[39m","message":"\u001b[35mHTTP Request\u001b[39m","method":"GET","status":500,"timestamp":"2026-03-12 20:51:01:511","url":"/status/69b350e7feb07a7af3afd24a","userAgent":"Mozilla/5.0 (Windows NT 10.0; Win64; x64; rv:148.0) Gecko/20100101 Firefox/148.0"}
{"error":"Si quieres conocer los recursos de la API que se encuentran disponibles visita el Sitio de Desarrolladores de MercadoLibre (https://developers.mercadopago.com)","level":"\u001b[31merror\u001b[39m","message":"\u001b[31mErro ao consultar pagamento Mercado Pago\u001b[39m","paymentId":"69b350e7feb07a7af3afd24a","timestamp":"2026-03-12 20:51:07:517"}
{"error":"Si quieres conocer los recursos de la API que se encuentran disponibles visita el Sitio de Desarrolladores de MercadoLibre (https://developers.mercadopago.com)","level":"\u001b[31merror\u001b[39m","message":"\u001b[31mErro ao consultar status do pagamento\u001b[39m","timestamp":"2026-03-12 20:51:07:517"}
{"duration":"2407ms","ip":"::1","level":"\u001b[35mhttp\u001b[39m","message":"\u001b[35mHTTP Request\u001b[39m","method":"GET","status":500,"timestamp":"2026-03-12 20:51:07:517","url":"/status/69b350e7feb07a7af3afd24a","userAgent":"Mozilla/5.0 (Windows NT 10.0; Win64; x64; rv:148.0) Gecko/20100101 Firefox/148.0"}
{"error":"Si quieres conocer los recursos de la API que se encuentran disponibles visita el Sitio de Desarrolladores de MercadoLibre (https://developers.mercadopago.com)","level":"\u001b[31merror\u001b[39m","message":"\u001b[31mErro ao consultar pagamento Mercado Pago\u001b[39m","paymentId":"69b350e7feb07a7af3afd24a","timestamp":"2026-03-12 20:51:12:5112"}
{"error":"Si quieres conocer los recursos de la API que se encuentran disponibles visita el Sitio de Desarrolladores de MercadoLibre (https://developers.mercadopago.com)","level":"\u001b[31merror\u001b[39m","message":"\u001b[31mErro ao consultar status do pagamento\u001b[39m","timestamp":"2026-03-12 20:51:12:5112"}
{"duration":"2302ms","ip":"::1","level":"\u001b[35mhttp\u001b[39m","message":"\u001b[35mHTTP Request\u001b[39m","method":"GET","status":500,"timestamp":"2026-03-12 20:51:12:5112","url":"/status/69b350e7feb07a7af3afd24a","userAgent":"Mozilla/5.0 (Windows NT 10.0; Win64; x64; rv:148.0) Gecko/20100101 Firefox/148.0"}
{"error":"Si quieres conocer los recursos de la API que se encuentran disponibles visita el Sitio de Desarrolladores de MercadoLibre (https://developers.mercadopago.com)","level":"\u001b[31merror\u001b[39m","message":"\u001b[31mErro ao consultar pagamento Mercado Pago\u001b[39m","paymentId":"69b350e7feb07a7af3afd24a","timestamp":"2026-03-12 20:51:18:5118"}
{"error":"Si quieres conocer los recursos de la API que se encuentran disponibles visita el Sitio de Desarrolladores de MercadoLibre (https://developers.mercadopago.com)","level":"\u001b[31merror\u001b[39m","message":"\u001b[31mErro ao consultar status do pagamento\u001b[39m","timestamp":"2026-03-12 20:51:18:5118"}
{"duration":"2486ms","ip":"::1","level":"\u001b[35mhttp\u001b[39m","message":"\u001b[35mHTTP Request\u001b[39m","method":"GET","status":500,"timestamp":"2026-03-12 20:51:18:5118","url":"/status/69b350e7feb07a7af3afd24a","userAgent":"Mozilla/5.0 (Windows NT 10.0; Win64; x64; rv:148.0) Gecko/20100101 Firefox/148.0"}
{"error":"Si quieres conocer los recursos de la API que se encuentran disponibles visita el Sitio de Desarrolladores de MercadoLibre (https://developers.mercadopago.com)","level":"\u001b[31merror\u001b[39m","message":"\u001b[31mErro ao consultar pagamento Mercado Pago\u001b[39m","paymentId":"69b350e7feb07a7af3afd24a","timestamp":"2026-03-12 20:51:23:5123"}
{"error":"Si quieres conocer los recursos de la API que se encuentran disponibles visita el Sitio de Desarrolladores de MercadoLibre (https://developers.mercadopago.com)","level":"\u001b[31merror\u001b[39m","message":"\u001b[31mErro ao consultar status do pagamento\u001b[39m","timestamp":"2026-03-12 20:51:23:5123"}
{"duration":"2292ms","ip":"::1","level":"\u001b[35mhttp\u001b[39m","message":"\u001b[35mHTTP Request\u001b[39m","method":"GET","status":500,"timestamp":"2026-03-12 20:51:23:5123","url":"/status/69b350e7feb07a7af3afd24a","userAgent":"Mozilla/5.0 (Windows NT 10.0; Win64; x64; rv:148.0) Gecko/20100101 Firefox/148.0"}
{"error":"Si quieres conocer los recursos de la API que se encuentran disponibles visita el Sitio de Desarrolladores de MercadoLibre (https://developers.mercadopago.com)","level":"\u001b[31merror\u001b[39m","message":"\u001b[31mErro ao consultar pagamento Mercado Pago\u001b[39m","paymentId":"69b350e7feb07a7af3afd24a","timestamp":"2026-03-12 20:51:29:5129"}
{"error":"Si quieres conocer los recursos de la API que se encuentran disponibles visita el Sitio de Desarrolladores de MercadoLibre (https://developers.mercadopago.com)","level":"\u001b[31merror\u001b[39m","message":"\u001b[31mErro ao consultar status do pagamento\u001b[39m","timestamp":"2026-03-12 20:51:29:5129"}
{"duration":"2299ms","ip":"::1","level":"\u001b[35mhttp\u001b[39m","message":"\u001b[35mHTTP Request\u001b[39m","method":"GET","status":500,"timestamp":"2026-03-12 20:51:29:5129","url":"/status/69b350e7feb07a7af3afd24a","userAgent":"Mozilla/5.0 (Windows NT 10.0; Win64; x64; rv:148.0) Gecko/20100101 Firefox/148.0"}
{"error":"Si quieres conocer los recursos de la API que se encuentran disponibles visita el Sitio de Desarrolladores de MercadoLibre (https://developers.mercadopago.com)","level":"\u001b[31merror\u001b[39m","message":"\u001b[31mErro ao consultar pagamento Mercado Pago\u001b[39m","paymentId":"69b350e7feb07a7af3afd24a","timestamp":"2026-03-12 20:51:34:5134"}
{"error":"Si quieres conocer los recursos de la API que se encuentran disponibles visita el Sitio de Desarrolladores de MercadoLibre (https://developers.mercadopago.com)","level":"\u001b[31merror\u001b[39m","message":"\u001b[31mErro ao consultar status do pagamento\u001b[39m","timestamp":"2026-03-12 20:51:34:5134"}
{"duration":"2303ms","ip":"::1","level":"\u001b[35mhttp\u001b[39m","message":"\u001b[35mHTTP Request\u001b[39m","method":"GET","status":500,"timestamp":"2026-03-12 20:51:34:5134","url":"/status/69b350e7feb07a7af3afd24a","userAgent":"Mozilla/5.0 (Windows NT 10.0; Win64; x64; rv:148.0) Gecko/20100101 Firefox/148.0"}
{"error":"Si quieres conocer los recursos de la API que se encuentran disponibles visita el Sitio de Desarrolladores de MercadoLibre (https://developers.mercadopago.com)","level":"\u001b[31merror\u001b[39m","message":"\u001b[31mErro ao consultar pagamento Mercado Pago\u001b[39m","paymentId":"69b350e7feb07a7af3afd24a","timestamp":"2026-03-12 20:51:39:5139"}
{"error":"Si quieres conocer los recursos de la API que se encuentran disponibles visita el Sitio de Desarrolladores de MercadoLibre (https://developers.mercadopago.com)","level":"\u001b[31merror\u001b[39m","message":"\u001b[31mErro ao consultar status do pagamento\u001b[39m","timestamp":"2026-03-12 20:51:39:5139"}
{"duration":"2296ms","ip":"::1","level":"\u001b[35mhttp\u001b[39m","message":"\u001b[35mHTTP Request\u001b[39m","method":"GET","status":500,"timestamp":"2026-03-12 20:51:39:5139","url":"/status/69b350e7feb07a7af3afd24a","userAgent":"Mozilla/5.0 (Windows NT 10.0; Win64; x64; rv:148.0) Gecko/20100101 Firefox/148.0"}
{"error":"Si quieres conocer los recursos de la API que se encuentran disponibles visita el Sitio de Desarrolladores de MercadoLibre (https://developers.mercadopago.com)","level":"\u001b[31merror\u001b[39m","message":"\u001b[31mErro ao consultar pagamento Mercado Pago\u001b[39m","paymentId":"69b350e7feb07a7af3afd24a","timestamp":"2026-03-12 20:51:45:5145"}
{"error":"Si quieres conocer los recursos de la API que se encuentran disponibles visita el Sitio de Desarrolladores de MercadoLibre (https://developers.mercadopago.com)","level":"\u001b[31merror\u001b[39m","message":"\u001b[31mErro ao consultar status do pagamento\u001b[39m","timestamp":"2026-03-12 20:51:45:5145"}
{"duration":"2309ms","ip":"::1","level":"\u001b[35mhttp\u001b[39m","message":"\u001b[35mHTTP Request\u001b[39m","method":"GET","status":500,"timestamp":"2026-03-12 20:51:45:5145","url":"/status/69b350e7feb07a7af3afd24a","userAgent":"Mozilla/5.0 (Windows NT 10.0; Win64; x64; rv:148.0) Gecko/20100101 Firefox/148.0"}
{"error":"Si quieres conocer los recursos de la API que se encuentran disponibles visita el Sitio de Desarrolladores de MercadoLibre (https://developers.mercadopago.com)","level":"\u001b[31merror\u001b[39m","message":"\u001b[31mErro ao consultar pagamento Mercado Pago\u001b[39m","paymentId":"69b350e7feb07a7af3afd24a","timestamp":"2026-03-12 20:51:50:5150"}
{"error":"Si quieres conocer los recursos de la API que se encuentran disponibles visita el Sitio de Desarrolladores de MercadoLibre (https://developers.mercadopago.com)","level":"\u001b[31merror\u001b[39m","message":"\u001b[31mErro ao consultar status do pagamento\u001b[39m","timestamp":"2026-03-12 20:51:50:5150"}
{"duration":"2305ms","ip":"::1","level":"\u001b[35mhttp\u001b[39m","message":"\u001b[35mHTTP Request\u001b[39m","method":"GET","status":500,"timestamp":"2026-03-12 20:51:50:5150","url":"/status/69b350e7feb07a7af3afd24a","userAgent":"Mozilla/5.0 (Windows NT 10.0; Win64; x64; rv:148.0) Gecko/20100101 Firefox/148.0"}
{"level":"\u001b[32minfo\u001b[39m","message":"\u001b[32mMercado Pago configurado com sucesso (SDK v2)\u001b[39m","timestamp":"2026-03-12 20:52:00:520"}
{"environment":"development","level":"\u001b[32minfo\u001b[39m","message":"\u001b[32mSORED Backend iniciado\u001b[39m","port":"3001","timestamp":"2026-03-12 20:52:00:520"}
{"level":"\u001b[32minfo\u001b[39m","message":"\u001b[32mMongoDB conectado com sucesso\u001b[39m","timestamp":"2026-03-12 20:52:00:520","uri":"mongodb://localhost:27017/sored"}
{"duration":"44ms","ip":"::1","level":"\u001b[35mhttp\u001b[39m","message":"\u001b[35mHTTP Request\u001b[39m","method":"GET","status":200,"timestamp":"2026-03-12 20:52:05:525","url":"/status/69b350e7feb07a7af3afd24a","userAgent":"Mozilla/5.0 (Windows NT 10.0; Win64; x64; rv:148.0) Gecko/20100101 Firefox/148.0"}
{"duration":"4ms","ip":"::1","level":"\u001b[35mhttp\u001b[39m","message":"\u001b[35mHTTP Request\u001b[39m","method":"GET","status":304,"timestamp":"2026-03-12 20:52:10:5210","url":"/status/69b350e7feb07a7af3afd24a","userAgent":"Mozilla/5.0 (Windows NT 10.0; Win64; x64; rv:148.0) Gecko/20100101 Firefox/148.0"}
{"duration":"5ms","ip":"::1","level":"\u001b[35mhttp\u001b[39m","message":"\u001b[35mHTTP Request\u001b[39m","method":"GET","status":304,"timestamp":"2026-03-12 20:52:15:5215","url":"/status/69b350e7feb07a7af3afd24a","userAgent":"Mozilla/5.0 (Windows NT 10.0; Win64; x64; rv:148.0) Gecko/20100101 Firefox/148.0"}
{"duration":"7ms","ip":"::1","level":"\u001b[35mhttp\u001b[39m","message":"\u001b[35mHTTP Request\u001b[39m","method":"GET","status":304,"timestamp":"2026-03-12 20:52:20:5220","url":"/status/69b350e7feb07a7af3afd24a","userAgent":"Mozilla/5.0 (Windows NT 10.0; Win64; x64; rv:148.0) Gecko/20100101 Firefox/148.0"}
{"duration":"7ms","ip":"::1","level":"\u001b[35mhttp\u001b[39m","message":"\u001b[35mHTTP Request\u001b[39m","method":"GET","status":304,"timestamp":"2026-03-12 20:52:25:5225","url":"/status/69b350e7feb07a7af3afd24a","userAgent":"Mozilla/5.0 (Windows NT 10.0; Win64; x64; rv:148.0) Gecko/20100101 Firefox/148.0"}
{"duration":"6ms","ip":"::1","level":"\u001b[35mhttp\u001b[39m","message":"\u001b[35mHTTP Request\u001b[39m","method":"GET","status":304,"timestamp":"2026-03-12 20:52:30:5230","url":"/status/69b350e7feb07a7af3afd24a","userAgent":"Mozilla/5.0 (Windows NT 10.0; Win64; x64; rv:148.0) Gecko/20100101 Firefox/148.0"}
{"duration":"3ms","ip":"::1","level":"\u001b[35mhttp\u001b[39m","message":"\u001b[35mHTTP Request\u001b[39m","method":"GET","status":304,"timestamp":"2026-03-12 20:52:35:5235","url":"/status/69b350e7feb07a7af3afd24a","userAgent":"Mozilla/5.0 (Windows NT 10.0; Win64; x64; rv:148.0) Gecko/20100101 Firefox/148.0"}
{"duration":"3ms","ip":"::1","level":"\u001b[35mhttp\u001b[39m","message":"\u001b[35mHTTP Request\u001b[39m","method":"GET","status":304,"timestamp":"2026-03-12 20:52:40:5240","url":"/status/69b350e7feb07a7af3afd24a","userAgent":"Mozilla/5.0 (Windows NT 10.0; Win64; x64; rv:148.0) Gecko/20100101 Firefox/148.0"}
{"duration":"6ms","ip":"::1","level":"\u001b[35mhttp\u001b[39m","message":"\u001b[35mHTTP Request\u001b[39m","method":"GET","status":304,"timestamp":"2026-03-12 20:52:45:5245","url":"/status/69b350e7feb07a7af3afd24a","userAgent":"Mozilla/5.0 (Windows NT 10.0; Win64; x64; rv:148.0) Gecko/20100101 Firefox/148.0"}
{"duration":"5ms","ip":"::1","level":"\u001b[35mhttp\u001b[39m","message":"\u001b[35mHTTP Request\u001b[39m","method":"GET","status":304,"timestamp":"2026-03-12 20:52:50:5250","url":"/status/69b350e7feb07a7af3afd24a","userAgent":"Mozilla/5.0 (Windows NT 10.0; Win64; x64; rv:148.0) Gecko/20100101 Firefox/148.0"}
{"duration":"3ms","ip":"::1","level":"\u001b[35mhttp\u001b[39m","message":"\u001b[35mHTTP Request\u001b[39m","method":"GET","status":304,"timestamp":"2026-03-12 20:52:55:5255","url":"/status/69b350e7feb07a7af3afd24a","userAgent":"Mozilla/5.0 (Windows NT 10.0; Win64; x64; rv:148.0) Gecko/20100101 Firefox/148.0"}
{"duration":"2ms","ip":"::1","level":"\u001b[35mhttp\u001b[39m","message":"\u001b[35mHTTP Request\u001b[39m","method":"GET","status":304,"timestamp":"2026-03-12 20:53:00:530","url":"/status/69b350e7feb07a7af3afd24a","userAgent":"Mozilla/5.0 (Windows NT 10.0; Win64; x64; rv:148.0) Gecko/20100101 Firefox/148.0"}
{"duration":"13ms","ip":"::1","level":"\u001b[35mhttp\u001b[39m","message":"\u001b[35mHTTP Request\u001b[39m","method":"GET","status":304,"timestamp":"2026-03-12 20:53:05:535","url":"/status/69b350e7feb07a7af3afd24a","userAgent":"Mozilla/5.0 (Windows NT 10.0; Win64; x64; rv:148.0) Gecko/20100101 Firefox/148.0"}
{"duration":"4ms","ip":"::1","level":"\u001b[35mhttp\u001b[39m","message":"\u001b[35mHTTP Request\u001b[39m","method":"GET","status":304,"timestamp":"2026-03-12 20:53:10:5310","url":"/status/69b350e7feb07a7af3afd24a","userAgent":"Mozilla/5.0 (Windows NT 10.0; Win64; x64; rv:148.0) Gecko/20100101 Firefox/148.0"}
{"duration":"4ms","ip":"::1","level":"\u001b[35mhttp\u001b[39m","message":"\u001b[35mHTTP Request\u001b[39m","method":"GET","status":304,"timestamp":"2026-03-12 20:53:15:5315","url":"/status/69b350e7feb07a7af3afd24a","userAgent":"Mozilla/5.0 (Windows NT 10.0; Win64; x64; rv:148.0) Gecko/20100101 Firefox/148.0"}
{"duration":"5ms","ip":"::1","level":"\u001b[35mhttp\u001b[39m","message":"\u001b[35mHTTP Request\u001b[39m","method":"GET","status":304,"timestamp":"2026-03-12 20:53:20:5320","url":"/status/69b350e7feb07a7af3afd24a","userAgent":"Mozilla/5.0 (Windows NT 10.0; Win64; x64; rv:148.0) Gecko/20100101 Firefox/148.0"}
{"duration":"4ms","ip":"::1","level":"\u001b[35mhttp\u001b[39m","message":"\u001b[35mHTTP Request\u001b[39m","method":"GET","status":304,"timestamp":"2026-03-12 20:53:25:5325","url":"/status/69b350e7feb07a7af3afd24a","userAgent":"Mozilla/5.0 (Windows NT 10.0; Win64; x64; rv:148.0) Gecko/20100101 Firefox/148.0"}
{"duration":"4ms","ip":"::1","level":"\u001b[35mhttp\u001b[39m","message":"\u001b[35mHTTP Request\u001b[39m","method":"GET","status":304,"timestamp":"2026-03-12 20:53:30:5330","url":"/status/69b350e7feb07a7af3afd24a","userAgent":"Mozilla/5.0 (Windows NT 10.0; Win64; x64; rv:148.0) Gecko/20100101 Firefox/148.0"}
{"duration":"4ms","ip":"::1","level":"\u001b[35mhttp\u001b[39m","message":"\u001b[35mHTTP Request\u001b[39m","method":"GET","status":304,"timestamp":"2026-03-12 20:53:35:5335","url":"/status/69b350e7feb07a7af3afd24a","userAgent":"Mozilla/5.0 (Windows NT 10.0; Win64; x64; rv:148.0) Gecko/20100101 Firefox/148.0"}
{"duration":"4ms","ip":"::1","level":"\u001b[35mhttp\u001b[39m","message":"\u001b[35mHTTP Request\u001b[39m","method":"GET","status":304,"timestamp":"2026-03-12 20:53:40:5340","url":"/status/69b350e7feb07a7af3afd24a","userAgent":"Mozilla/5.0 (Windows NT 10.0; Win64; x64; rv:148.0) Gecko/20100101 Firefox/148.0"}
{"duration":"4ms","ip":"::1","level":"\u001b[35mhttp\u001b[39m","message":"\u001b[35mHTTP Request\u001b[39m","method":"GET","status":304,"timestamp":"2026-03-12 20:53:45:5345","url":"/status/69b350e7feb07a7af3afd24a","userAgent":"Mozilla/5.0 (Windows NT 10.0; Win64; x64; rv:148.0) Gecko/20100101 Firefox/148.0"}
{"duration":"5ms","ip":"::1","level":"\u001b[35mhttp\u001b[39m","message":"\u001b[35mHTTP Request\u001b[39m","method":"GET","status":304,"timestamp":"2026-03-12 20:53:50:5350","url":"/status/69b350e7feb07a7af3afd24a","userAgent":"Mozilla/5.0 (Windows NT 10.0; Win64; x64; rv:148.0) Gecko/20100101 Firefox/148.0"}
{"duration":"5ms","ip":"::1","level":"\u001b[35mhttp\u001b[39m","message":"\u001b[35mHTTP Request\u001b[39m","method":"GET","status":304,"timestamp":"2026-03-12 20:53:55:5355","url":"/status/69b350e7feb07a7af3afd24a","userAgent":"Mozilla/5.0 (Windows NT 10.0; Win64; x64; rv:148.0) Gecko/20100101 Firefox/148.0"}
{"duration":"4ms","ip":"::1","level":"\u001b[35mhttp\u001b[39m","message":"\u001b[35mHTTP Request\u001b[39m","method":"GET","status":304,"timestamp":"2026-03-12 20:54:00:540","url":"/status/69b350e7feb07a7af3afd24a","userAgent":"Mozilla/5.0 (Windows NT 10.0; Win64; x64; rv:148.0) Gecko/20100101 Firefox/148.0"}
{"duration":"5ms","ip":"::1","level":"\u001b[35mhttp\u001b[39m","message":"\u001b[35mHTTP Request\u001b[39m","method":"GET","status":304,"timestamp":"2026-03-12 20:54:01:541","url":"/status/69b350e7feb07a7af3afd24a","userAgent":"Mozilla/5.0 (Windows NT 10.0; Win64; x64; rv:148.0) Gecko/20100101 Firefox/148.0"}
{"duration":"3ms","ip":"::1","level":"\u001b[35mhttp\u001b[39m","message":"\u001b[35mHTTP Request\u001b[39m","method":"GET","status":304,"timestamp":"2026-03-12 20:54:05:545","url":"/status/69b350e7feb07a7af3afd24a","userAgent":"Mozilla/5.0 (Windows NT 10.0; Win64; x64; rv:148.0) Gecko/20100101 Firefox/148.0"}
{"duration":"4ms","ip":"::1","level":"\u001b[35mhttp\u001b[39m","message":"\u001b[35mHTTP Request\u001b[39m","method":"GET","status":304,"timestamp":"2026-03-12 20:54:05:545","url":"/status/69b350e7feb07a7af3afd24a","userAgent":"Mozilla/5.0 (Windows NT 10.0; Win64; x64; rv:148.0) Gecko/20100101 Firefox/148.0"}
{"duration":"3ms","ip":"::1","level":"\u001b[35mhttp\u001b[39m","message":"\u001b[35mHTTP Request\u001b[39m","method":"GET","status":304,"timestamp":"2026-03-12 20:54:05:545","url":"/status/69b350e7feb07a7af3afd24a","userAgent":"Mozilla/5.0 (Windows NT 10.0; Win64; x64; rv:148.0) Gecko/20100101 Firefox/148.0"}
{"duration":"2ms","ip":"::1","level":"\u001b[35mhttp\u001b[39m","message":"\u001b[35mHTTP Request\u001b[39m","method":"GET","status":304,"timestamp":"2026-03-12 20:54:05:545","url":"/status/69b350e7feb07a7af3afd24a","userAgent":"Mozilla/5.0 (Windows NT 10.0; Win64; x64; rv:148.0) Gecko/20100101 Firefox/148.0"}
{"duration":"2ms","ip":"::1","level":"\u001b[35mhttp\u001b[39m","message":"\u001b[35mHTTP Request\u001b[39m","method":"GET","status":304,"timestamp":"2026-03-12 20:54:06:546","url":"/plans","userAgent":"Mozilla/5.0 (Windows NT 10.0; Win64; x64; rv:148.0) Gecko/20100101 Firefox/148.0"}
{"duration":"2ms","ip":"::1","level":"\u001b[35mhttp\u001b[39m","message":"\u001b[35mHTTP Request\u001b[39m","method":"GET","status":304,"timestamp":"2026-03-12 20:54:06:546","url":"/plans","userAgent":"Mozilla/5.0 (Windows NT 10.0; Win64; x64; rv:148.0) Gecko/20100101 Firefox/148.0"}
{"duration":"2ms","ip":"::ffff:127.0.0.1","level":"\u001b[35mhttp\u001b[39m","message":"\u001b[35mHTTP Request\u001b[39m","method":"GET","status":200,"timestamp":"2026-03-12 20:54:09:549","url":"/public-key","userAgent":"Mozilla/5.0 (Windows NT 10.0; Win64; x64; rv:148.0) Gecko/20100101 Firefox/148.0"}
{"duration":"1ms","ip":"::ffff:127.0.0.1","level":"\u001b[35mhttp\u001b[39m","message":"\u001b[35mHTTP Request\u001b[39m","method":"GET","status":304,"timestamp":"2026-03-12 20:54:09:549","url":"/public-key","userAgent":"Mozilla/5.0 (Windows NT 10.0; Win64; x64; rv:148.0) Gecko/20100101 Firefox/148.0"}
{"amount":100,"description":"Plano Mensal - month","level":"\u001b[32minfo\u001b[39m","message":"\u001b[32mCreating checkout session with body:\u001b[39m","orderId":"plan_monthly_1773359679167","paymentMethod":"credit_card","resolvedReturnUrl":"http://localhost:3000/subscription?success=true","returnUrl":"http://localhost:3000/subscription?success=true","timestamp":"2026-03-12 20:54:39:5439"}
{"level":"\u001b[32minfo\u001b[39m","message":"\u001b[32mPreferência de pagamento criada\u001b[39m","orderId":"plan_monthly_1773359679167","preferenceId":"194511733-45a48f53-fd8e-467e-81ba-cb1966e339be","timestamp":"2026-03-12 20:54:39:5439"}
{"level":"\u001b[32minfo\u001b[39m","message":"\u001b[32mPagamento interno criado para rastreamento\u001b[39m","paymentId":"69b3523f7516ed4f7ac0e29c","preferenceId":"194511733-45a48f53-fd8e-467e-81ba-cb1966e339be","timestamp":"2026-03-12 20:54:39:5439"}
{"duration":"695ms","ip":"::ffff:127.0.0.1","level":"\u001b[35mhttp\u001b[39m","message":"\u001b[35mHTTP Request\u001b[39m","method":"POST","status":200,"timestamp":"2026-03-12 20:54:39:5439","url":"/checkout","userAgent":"Mozilla/5.0 (Windows NT 10.0; Win64; x64; rv:148.0) Gecko/20100101 Firefox/148.0"}
{"level":"\u001b[32minfo\u001b[39m","message":"\u001b[32mMercado Pago configurado com sucesso (SDK v2)\u001b[39m","timestamp":"2026-03-12 21:03:12:312"}
{"environment":"development","level":"\u001b[32minfo\u001b[39m","message":"\u001b[32mSORED Backend iniciado\u001b[39m","port":"3001","timestamp":"2026-03-12 21:03:12:312"}
{"level":"\u001b[32minfo\u001b[39m","message":"\u001b[32mMongoDB conectado com sucesso\u001b[39m","timestamp":"2026-03-12 21:03:12:312","uri":"mongodb://localhost:27017/sored"}
{"level":"\u001b[32minfo\u001b[39m","message":"\u001b[32mMercado Pago configurado com sucesso (SDK v2)\u001b[39m","timestamp":"2026-03-12 21:03:23:323"}
{"environment":"development","level":"\u001b[32minfo\u001b[39m","message":"\u001b[32mSORED Backend iniciado\u001b[39m","port":"3001","timestamp":"2026-03-12 21:03:23:323"}
{"level":"\u001b[32minfo\u001b[39m","message":"\u001b[32mMongoDB conectado com sucesso\u001b[39m","timestamp":"2026-03-12 21:03:23:323","uri":"mongodb://localhost:27017/sored"}
{"level":"\u001b[32minfo\u001b[39m","message":"\u001b[32mMercado Pago configurado com sucesso (SDK v2)\u001b[39m","timestamp":"2026-03-12 21:03:32:332"}
{"environment":"development","level":"\u001b[32minfo\u001b[39m","message":"\u001b[32mSORED Backend iniciado\u001b[39m","port":"3001","timestamp":"2026-03-12 21:03:32:332"}
{"level":"\u001b[32minfo\u001b[39m","message":"\u001b[32mMongoDB conectado com sucesso\u001b[39m","timestamp":"2026-03-12 21:03:32:332","uri":"mongodb://localhost:27017/sored"}
{"duration":"11ms","ip":"::1","level":"\u001b[35mhttp\u001b[39m","message":"\u001b[35mHTTP Request\u001b[39m","method":"GET","status":304,"timestamp":"2026-03-12 21:04:48:448","url":"/plans","userAgent":"Mozilla/5.0 (Windows NT 10.0; Win64; x64; rv:148.0) Gecko/20100101 Firefox/148.0"}
{"duration":"2ms","ip":"::1","level":"\u001b[35mhttp\u001b[39m","message":"\u001b[35mHTTP Request\u001b[39m","method":"GET","status":304,"timestamp":"2026-03-12 21:04:48:448","url":"/plans","userAgent":"Mozilla/5.0 (Windows NT 10.0; Win64; x64; rv:148.0) Gecko/20100101 Firefox/148.0"}
{"duration":"3ms","ip":"::ffff:127.0.0.1","level":"\u001b[35mhttp\u001b[39m","message":"\u001b[35mHTTP Request\u001b[39m","method":"GET","status":200,"timestamp":"2026-03-12 21:04:52:452","url":"/public-key","userAgent":"Mozilla/5.0 (Windows NT 10.0; Win64; x64; rv:148.0) Gecko/20100101 Firefox/148.0"}
{"duration":"1ms","ip":"::ffff:127.0.0.1","level":"\u001b[35mhttp\u001b[39m","message":"\u001b[35mHTTP Request\u001b[39m","method":"GET","status":304,"timestamp":"2026-03-12 21:04:52:452","url":"/public-key","userAgent":"Mozilla/5.0 (Windows NT 10.0; Win64; x64; rv:148.0) Gecko/20100101 Firefox/148.0"}
{"amount":100,"description":"Plano Mensal - month","level":"\u001b[32minfo\u001b[39m","message":"\u001b[32mCreating checkout session with body:\u001b[39m","orderId":"plan_monthly_1773360326232","paymentMethod":"credit_card","resolvedReturnUrl":"http://localhost:3000/subscription?success=true","returnUrl":"http://localhost:3000/subscription?success=true","timestamp":"2026-03-12 21:05:26:526"}
{"level":"\u001b[32minfo\u001b[39m","message":"\u001b[32mPreferência de pagamento criada\u001b[39m","orderId":"plan_monthly_1773360326232","preferenceId":"194511733-9f9f3d0e-922d-4168-8246-74e73a23bdcd","timestamp":"2026-03-12 21:05:26:526"}
{"level":"\u001b[32minfo\u001b[39m","message":"\u001b[32mPagamento interno criado para rastreamento\u001b[39m","paymentId":"69b354c6247ad81f73094e7a","preferenceId":"194511733-9f9f3d0e-922d-4168-8246-74e73a23bdcd","timestamp":"2026-03-12 21:05:27:527"}
{"duration":"740ms","ip":"::ffff:127.0.0.1","level":"\u001b[35mhttp\u001b[39m","message":"\u001b[35mHTTP Request\u001b[39m","method":"POST","status":200,"timestamp":"2026-03-12 21:05:27:527","url":"/checkout","userAgent":"Mozilla/5.0 (Windows NT 10.0; Win64; x64; rv:148.0) Gecko/20100101 Firefox/148.0"}
{"level":"\u001b[32minfo\u001b[39m","message":"\u001b[32mMercado Pago configurado com sucesso (SDK v2)\u001b[39m","timestamp":"2026-03-12 21:08:16:816"}
{"environment":"development","level":"\u001b[32minfo\u001b[39m","message":"\u001b[32mSORED Backend iniciado\u001b[39m","port":"3001","timestamp":"2026-03-12 21:08:16:816"}
{"level":"\u001b[32minfo\u001b[39m","message":"\u001b[32mMongoDB conectado com sucesso\u001b[39m","timestamp":"2026-03-12 21:08:16:816","uri":"mongodb://localhost:27017/sored"}
{"level":"\u001b[32minfo\u001b[39m","message":"\u001b[32mMercado Pago configurado com sucesso (SDK v2)\u001b[39m","timestamp":"2026-03-12 21:08:31:831"}
{"environment":"development","level":"\u001b[32minfo\u001b[39m","message":"\u001b[32mSORED Backend iniciado\u001b[39m","port":"3001","timestamp":"2026-03-12 21:08:31:831"}
{"level":"\u001b[32minfo\u001b[39m","message":"\u001b[32mMongoDB conectado com sucesso\u001b[39m","timestamp":"2026-03-12 21:08:31:831","uri":"mongodb://localhost:27017/sored"}
{"duration":"10ms","ip":"::1","level":"\u001b[35mhttp\u001b[39m","message":"\u001b[35mHTTP Request\u001b[39m","method":"GET","status":304,"timestamp":"2026-03-12 21:09:14:914","url":"/plans","userAgent":"Mozilla/5.0 (Windows NT 10.0; Win64; x64; rv:148.0) Gecko/20100101 Firefox/148.0"}
{"duration":"2ms","ip":"::1","level":"\u001b[35mhttp\u001b[39m","message":"\u001b[35mHTTP Request\u001b[39m","method":"GET","status":304,"timestamp":"2026-03-12 21:09:14:914","url":"/plans","userAgent":"Mozilla/5.0 (Windows NT 10.0; Win64; x64; rv:148.0) Gecko/20100101 Firefox/148.0"}
{"duration":"2ms","ip":"::1","level":"\u001b[35mhttp\u001b[39m","message":"\u001b[35mHTTP Request\u001b[39m","method":"GET","status":304,"timestamp":"2026-03-12 21:09:16:916","url":"/plans","userAgent":"Mozilla/5.0 (Windows NT 10.0; Win64; x64; rv:148.0) Gecko/20100101 Firefox/148.0"}
{"duration":"1ms","ip":"::1","level":"\u001b[35mhttp\u001b[39m","message":"\u001b[35mHTTP Request\u001b[39m","method":"GET","status":304,"timestamp":"2026-03-12 21:09:16:916","url":"/plans","userAgent":"Mozilla/5.0 (Windows NT 10.0; Win64; x64; rv:148.0) Gecko/20100101 Firefox/148.0"}
{"duration":"1ms","ip":"::1","level":"\u001b[35mhttp\u001b[39m","message":"\u001b[35mHTTP Request\u001b[39m","method":"GET","status":304,"timestamp":"2026-03-12 21:09:20:920","url":"/plans","userAgent":"Mozilla/5.0 (Windows NT 10.0; Win64; x64; rv:148.0) Gecko/20100101 Firefox/148.0"}
{"duration":"3ms","ip":"::ffff:127.0.0.1","level":"\u001b[35mhttp\u001b[39m","message":"\u001b[35mHTTP Request\u001b[39m","method":"GET","status":200,"timestamp":"2026-03-12 21:09:25:925","url":"/public-key","userAgent":"Mozilla/5.0 (Windows NT 10.0; Win64; x64; rv:148.0) Gecko/20100101 Firefox/148.0"}
{"duration":"1ms","ip":"::ffff:127.0.0.1","level":"\u001b[35mhttp\u001b[39m","message":"\u001b[35mHTTP Request\u001b[39m","method":"GET","status":304,"timestamp":"2026-03-12 21:09:25:925","url":"/public-key","userAgent":"Mozilla/5.0 (Windows NT 10.0; Win64; x64; rv:148.0) Gecko/20100101 Firefox/148.0"}
{"amount":100,"description":"Plano Mensal - month","level":"\u001b[32minfo\u001b[39m","message":"\u001b[32mCreating checkout session with body:\u001b[39m","orderId":"plan_monthly_1773360598072","paymentMethod":"credit_card","resolvedReturnUrl":"http://localhost:3000/subscription?success=true","returnUrl":"http://localhost:3000/subscription?success=true","timestamp":"2026-03-12 21:09:58:958"}
{"level":"\u001b[32minfo\u001b[39m","message":"\u001b[32mPreferência de pagamento criada\u001b[39m","orderId":"plan_monthly_1773360598072","preferenceId":"194511733-46624d60-10a4-486b-95d3-bfbaa8c95121","timestamp":"2026-03-12 21:09:58:958"}
{"level":"\u001b[32minfo\u001b[39m","message":"\u001b[32mPagamento interno criado para rastreamento\u001b[39m","paymentId":"69b355d63faadfa6c6be5ba2","preferenceId":"194511733-46624d60-10a4-486b-95d3-bfbaa8c95121","timestamp":"2026-03-12 21:09:58:958"}
{"duration":"766ms","ip":"::ffff:127.0.0.1","level":"\u001b[35mhttp\u001b[39m","message":"\u001b[35mHTTP Request\u001b[39m","method":"POST","status":200,"timestamp":"2026-03-12 21:09:58:958","url":"/checkout","userAgent":"Mozilla/5.0 (Windows NT 10.0; Win64; x64; rv:148.0) Gecko/20100101 Firefox/148.0"}
{"duration":"3ms","ip":"::1","level":"\u001b[35mhttp\u001b[39m","message":"\u001b[35mHTTP Request\u001b[39m","method":"GET","status":304,"timestamp":"2026-03-12 21:19:10:1910","url":"/plans","userAgent":"Mozilla/5.0 (Windows NT 10.0; Win64; x64; rv:148.0) Gecko/20100101 Firefox/148.0"}
{"duration":"1ms","ip":"::ffff:127.0.0.1","level":"\u001b[35mhttp\u001b[39m","message":"\u001b[35mHTTP Request\u001b[39m","method":"GET","status":200,"timestamp":"2026-03-12 21:19:19:1919","url":"/public-key","userAgent":"Mozilla/5.0 (Windows NT 10.0; Win64; x64; rv:148.0) Gecko/20100101 Firefox/148.0"}
{"duration":"1ms","ip":"::ffff:127.0.0.1","level":"\u001b[35mhttp\u001b[39m","message":"\u001b[35mHTTP Request\u001b[39m","method":"GET","status":304,"timestamp":"2026-03-12 21:19:19:1919","url":"/public-key","userAgent":"Mozilla/5.0 (Windows NT 10.0; Win64; x64; rv:148.0) Gecko/20100101 Firefox/148.0"}
{"amount":100,"description":"Plano Mensal - month","level":"\u001b[32minfo\u001b[39m","message":"\u001b[32mCreating checkout session with body:\u001b[39m","orderId":"plan_monthly_1773361190826","paymentMethod":"credit_card","resolvedReturnUrl":"http://localhost:3000/subscription?success=true","returnUrl":"http://localhost:3000/subscription?success=true","timestamp":"2026-03-12 21:19:50:1950"}
{"level":"\u001b[32minfo\u001b[39m","message":"\u001b[32mPreferência de pagamento criada\u001b[39m","orderId":"plan_monthly_1773361190826","preferenceId":"194511733-9f2ba845-da11-4bab-89ae-a5a48e084eda","timestamp":"2026-03-12 21:19:51:1951"}
{"level":"\u001b[32minfo\u001b[39m","message":"\u001b[32mPagamento interno criado para rastreamento\u001b[39m","paymentId":"69b358273faadfa6c6be5ba4","preferenceId":"194511733-9f2ba845-da11-4bab-89ae-a5a48e084eda","timestamp":"2026-03-12 21:19:51:1951"}
{"duration":"637ms","ip":"::ffff:127.0.0.1","level":"\u001b[35mhttp\u001b[39m","message":"\u001b[35mHTTP Request\u001b[39m","method":"POST","status":200,"timestamp":"2026-03-12 21:19:51:1951","url":"/checkout","userAgent":"Mozilla/5.0 (Windows NT 10.0; Win64; x64; rv:148.0) Gecko/20100101 Firefox/148.0"}
{"duration":"1ms","ip":"::1","level":"\u001b[35mhttp\u001b[39m","message":"\u001b[35mHTTP Request\u001b[39m","method":"GET","status":304,"timestamp":"2026-03-12 21:23:35:2335","url":"/plans","userAgent":"Mozilla/5.0 (Windows NT 10.0; Win64; x64; rv:148.0) Gecko/20100101 Firefox/148.0"}
{"duration":"1ms","ip":"::1","level":"\u001b[35mhttp\u001b[39m","message":"\u001b[35mHTTP Request\u001b[39m","method":"GET","status":304,"timestamp":"2026-03-12 21:23:36:2336","url":"/plans","userAgent":"Mozilla/5.0 (Windows NT 10.0; Win64; x64; rv:148.0) Gecko/20100101 Firefox/148.0"}
{"level":"\u001b[32minfo\u001b[39m","message":"\u001b[32mMercado Pago configurado com sucesso (SDK v2)\u001b[39m","timestamp":"2026-03-12 21:26:00:260"}
{"environment":"development","level":"\u001b[32minfo\u001b[39m","message":"\u001b[32mSORED Backend iniciado\u001b[39m","port":"3001","timestamp":"2026-03-12 21:26:01:261"}
{"level":"\u001b[32minfo\u001b[39m","message":"\u001b[32mMongoDB conectado com sucesso\u001b[39m","timestamp":"2026-03-12 21:26:01:261","uri":"mongodb://localhost:27017/sored"}
{"duration":"18ms","ip":"::1","level":"\u001b[35mhttp\u001b[39m","message":"\u001b[35mHTTP Request\u001b[39m","method":"GET","status":200,"timestamp":"2026-03-12 21:27:10:2710","url":"/plans","userAgent":"Mozilla/5.0 (Windows NT 10.0; Win64; x64; rv:148.0) Gecko/20100101 Firefox/148.0"}
{"duration":"3ms","ip":"::ffff:127.0.0.1","level":"\u001b[35mhttp\u001b[39m","message":"\u001b[35mHTTP Request\u001b[39m","method":"GET","status":200,"timestamp":"2026-03-12 21:27:22:2722","url":"/public-key","userAgent":"Mozilla/5.0 (Windows NT 10.0; Win64; x64; rv:148.0) Gecko/20100101 Firefox/148.0"}
{"duration":"1ms","ip":"::ffff:127.0.0.1","level":"\u001b[35mhttp\u001b[39m","message":"\u001b[35mHTTP Request\u001b[39m","method":"GET","status":304,"timestamp":"2026-03-12 21:27:22:2722","url":"/public-key","userAgent":"Mozilla/5.0 (Windows NT 10.0; Win64; x64; rv:148.0) Gecko/20100101 Firefox/148.0"}
{"amount":100,"description":"Plano Mensal - month","level":"\u001b[32minfo\u001b[39m","message":"\u001b[32mCreating checkout session with body:\u001b[39m","orderId":"plan_monthly_1773361673624","paymentMethod":"credit_card","resolvedReturnUrl":"http://localhost:3000/subscription?success=true","returnUrl":"http://localhost:3000/subscription?success=true","timestamp":"2026-03-12 21:27:53:2753"}
{"level":"\u001b[32minfo\u001b[39m","message":"\u001b[32mPreferência de pagamento criada\u001b[39m","orderId":"plan_monthly_1773361673624","preferenceId":"194511733-f7c24804-2c2f-42aa-b527-b851ee9d42ea","timestamp":"2026-03-12 21:27:54:2754"}
{"level":"\u001b[32minfo\u001b[39m","message":"\u001b[32mPagamento interno criado para rastreamento\u001b[39m","paymentId":"69b35a0a5eb721796fe5795d","preferenceId":"194511733-f7c24804-2c2f-42aa-b527-b851ee9d42ea","timestamp":"2026-03-12 21:27:54:2754"}
{"duration":"758ms","ip":"::ffff:127.0.0.1","level":"\u001b[35mhttp\u001b[39m","message":"\u001b[35mHTTP Request\u001b[39m","method":"POST","status":200,"timestamp":"2026-03-12 21:27:54:2754","url":"/checkout","userAgent":"Mozilla/5.0 (Windows NT 10.0; Win64; x64; rv:148.0) Gecko/20100101 Firefox/148.0"}
{"level":"\u001b[32minfo\u001b[39m","message":"\u001b[32mMercado Pago configurado com sucesso (SDK v2)\u001b[39m","timestamp":"2026-03-12 21:31:06:316"}
{"environment":"development","level":"\u001b[32minfo\u001b[39m","message":"\u001b[32mSORED Backend iniciado\u001b[39m","port":"3001","timestamp":"2026-03-12 21:31:07:317"}
{"level":"\u001b[32minfo\u001b[39m","message":"\u001b[32mMongoDB conectado com sucesso\u001b[39m","timestamp":"2026-03-12 21:31:07:317","uri":"mongodb://localhost:27017/sored"}
{"duration":"8ms","ip":"::ffff:127.0.0.1","level":"\u001b[35mhttp\u001b[39m","message":"\u001b[35mHTTP Request\u001b[39m","method":"GET","status":200,"timestamp":"2026-03-12 21:32:33:3233","url":"/public-key","userAgent":"Mozilla/5.0 (Windows NT 10.0; Win64; x64; rv:148.0) Gecko/20100101 Firefox/148.0"}
{"duration":"2ms","ip":"::ffff:127.0.0.1","level":"\u001b[35mhttp\u001b[39m","message":"\u001b[35mHTTP Request\u001b[39m","method":"GET","status":304,"timestamp":"2026-03-12 21:32:33:3233","url":"/public-key","userAgent":"Mozilla/5.0 (Windows NT 10.0; Win64; x64; rv:148.0) Gecko/20100101 Firefox/148.0"}
{"amount":100,"description":"Plano Mensal - month","level":"\u001b[32minfo\u001b[39m","message":"\u001b[32mCreating checkout session with body:\u001b[39m","orderId":"plan_monthly_1773361989940","payerEmail":"gilmar40dutra@gmail.com","payerFirstName":"gilmar","payerLastName":"dutra@","payerPhone":"54996767613","paymentMethod":"credit_card","resolvedReturnUrl":"http://localhost:3000/subscription?success=true","returnUrl":"http://localhost:3000/subscription?success=true","timestamp":"2026-03-12 21:33:09:339"}
{"level":"\u001b[32minfo\u001b[39m","message":"\u001b[32mPreferência de pagamento criada\u001b[39m","orderId":"plan_monthly_1773361989940","preferenceId":"194511733-649b7368-baeb-4d7d-a72b-ef8152d961f5","timestamp":"2026-03-12 21:33:10:3310"}
{"level":"\u001b[32minfo\u001b[39m","message":"\u001b[32mPagamento interno criado para rastreamento\u001b[39m","paymentId":"69b35b46a7013774a2fb5a3b","preferenceId":"194511733-649b7368-baeb-4d7d-a72b-ef8152d961f5","timestamp":"2026-03-12 21:33:10:3310"}
{"duration":"753ms","ip":"::ffff:127.0.0.1","level":"\u001b[35mhttp\u001b[39m","message":"\u001b[35mHTTP Request\u001b[39m","method":"POST","status":200,"timestamp":"2026-03-12 21:33:10:3310","url":"/checkout","userAgent":"Mozilla/5.0 (Windows NT 10.0; Win64; x64; rv:148.0) Gecko/20100101 Firefox/148.0"}
{"level":"\u001b[32minfo\u001b[39m","message":"\u001b[32mMercado Pago configurado com sucesso (SDK v2)\u001b[39m","timestamp":"2026-03-12 21:34:52:3452"}
{"environment":"development","level":"\u001b[32minfo\u001b[39m","message":"\u001b[32mSORED Backend iniciado\u001b[39m","port":"3001","timestamp":"2026-03-12 21:34:53:3453"}
{"level":"\u001b[32minfo\u001b[39m","message":"\u001b[32mMongoDB conectado com sucesso\u001b[39m","timestamp":"2026-03-12 21:34:53:3453","uri":"mongodb://localhost:27017/sored"}
{"level":"\u001b[32minfo\u001b[39m","message":"\u001b[32mMercado Pago configurado com sucesso (SDK v2)\u001b[39m","timestamp":"2026-03-12 21:36:05:365"}
{"environment":"development","level":"\u001b[32minfo\u001b[39m","message":"\u001b[32mSORED Backend iniciado\u001b[39m","port":"3001","timestamp":"2026-03-12 21:36:06:366"}
{"level":"\u001b[32minfo\u001b[39m","message":"\u001b[32mMongoDB conectado com sucesso\u001b[39m","timestamp":"2026-03-12 21:36:06:366","uri":"mongodb://localhost:27017/sored"}
{"duration":"10ms","ip":"::1","level":"\u001b[35mhttp\u001b[39m","message":"\u001b[35mHTTP Request\u001b[39m","method":"GET","status":304,"timestamp":"2026-03-12 21:36:07:367","url":"/plans","userAgent":"Mozilla/5.0 (Windows NT 10.0; Win64; x64; rv:148.0) Gecko/20100101 Firefox/148.0"}
{"duration":"4ms","ip":"::ffff:127.0.0.1","level":"\u001b[35mhttp\u001b[39m","message":"\u001b[35mHTTP Request\u001b[39m","method":"GET","status":200,"timestamp":"2026-03-12 21:36:36:3636","url":"/public-key","userAgent":"Mozilla/5.0 (Windows NT 10.0; Win64; x64; rv:148.0) Gecko/20100101 Firefox/148.0"}
{"duration":"1ms","ip":"::ffff:127.0.0.1","level":"\u001b[35mhttp\u001b[39m","message":"\u001b[35mHTTP Request\u001b[39m","method":"GET","status":304,"timestamp":"2026-03-12 21:36:36:3636","url":"/public-key","userAgent":"Mozilla/5.0 (Windows NT 10.0; Win64; x64; rv:148.0) Gecko/20100101 Firefox/148.0"}
{"amount":100,"description":"Plano Mensal - month","level":"\u001b[32minfo\u001b[39m","message":"\u001b[32mCreating checkout session with body:\u001b[39m","orderId":"plan_monthly_1773362226912","payerEmail":"gilmar40dutra@gmail.com","payerFirstName":"gilmar","payerLastName":"dutra","payerPhone":"54996767613","paymentMethod":"credit_card","resolvedReturnUrl":"http://localhost:3000/subscription?success=true","returnUrl":"http://localhost:3000/subscription?success=true","timestamp":"2026-03-12 21:37:06:376"}
{"level":"\u001b[32minfo\u001b[39m","message":"\u001b[32mPreferência de pagamento criada\u001b[39m","orderId":"plan_monthly_1773362226912","preferenceId":"194511733-e5fa67cc-be22-48b5-ac4d-eaeff2292a56","timestamp":"2026-03-12 21:37:07:377"}
{"level":"\u001b[32minfo\u001b[39m","message":"\u001b[32mPagamento interno criado para rastreamento\u001b[39m","paymentId":"69b35c33daf632125caa0b60","preferenceId":"194511733-e5fa67cc-be22-48b5-ac4d-eaeff2292a56","timestamp":"2026-03-12 21:37:07:377"}
{"duration":"732ms","ip":"::ffff:127.0.0.1","level":"\u001b[35mhttp\u001b[39m","message":"\u001b[35mHTTP Request\u001b[39m","method":"POST","status":200,"timestamp":"2026-03-12 21:37:07:377","url":"/checkout","userAgent":"Mozilla/5.0 (Windows NT 10.0; Win64; x64; rv:148.0) Gecko/20100101 Firefox/148.0"}
{"level":"\u001b[32minfo\u001b[39m","message":"\u001b[32mMercado Pago configurado com sucesso (SDK v2)\u001b[39m","timestamp":"2026-03-12 21:40:22:4022"}
{"environment":"development","level":"\u001b[32minfo\u001b[39m","message":"\u001b[32mSORED Backend iniciado\u001b[39m","port":"3001","timestamp":"2026-03-12 21:40:22:4022"}
{"level":"\u001b[32minfo\u001b[39m","message":"\u001b[32mMongoDB conectado com sucesso\u001b[39m","timestamp":"2026-03-12 21:40:22:4022","uri":"mongodb://localhost:27017/sored"}
{"duration":"9ms","ip":"::1","level":"\u001b[35mhttp\u001b[39m","message":"\u001b[35mHTTP Request\u001b[39m","method":"GET","status":304,"timestamp":"2026-03-12 21:50:56:5056","url":"/plans","userAgent":"Mozilla/5.0 (Windows NT 10.0; Win64; x64; rv:148.0) Gecko/20100101 Firefox/148.0"}
{"duration":"3ms","ip":"::ffff:127.0.0.1","level":"\u001b[35mhttp\u001b[39m","message":"\u001b[35mHTTP Request\u001b[39m","method":"GET","status":200,"timestamp":"2026-03-12 21:58:26:5826","url":"/plans","userAgent":"Mozilla/5.0 (Windows NT 10.0; Win64; x64; rv:148.0) Gecko/20100101 Firefox/148.0"}
{"duration":"5ms","ip":"::ffff:127.0.0.1","level":"\u001b[35mhttp\u001b[39m","message":"\u001b[35mHTTP Request\u001b[39m","method":"GET","status":401,"timestamp":"2026-03-12 21:59:57:5957","url":"/status","userAgent":"Mozilla/5.0 (Windows NT 10.0; Win64; x64; rv:148.0) Gecko/20100101 Firefox/148.0"}
{"duration":"4ms","ip":"::ffff:127.0.0.1","level":"\u001b[35mhttp\u001b[39m","message":"\u001b[35mHTTP Request\u001b[39m","method":"GET","status":200,"timestamp":"2026-03-12 21:59:57:5957","url":"/plans","userAgent":"Mozilla/5.0 (Windows NT 10.0; Win64; x64; rv:148.0) Gecko/20100101 Firefox/148.0"}
{"duration":"3ms","ip":"::ffff:127.0.0.1","level":"\u001b[35mhttp\u001b[39m","message":"\u001b[35mHTTP Request\u001b[39m","method":"GET","status":401,"timestamp":"2026-03-12 22:00:07:07","url":"/status","userAgent":"Mozilla/5.0 (Windows NT 10.0; Win64; x64; rv:148.0) Gecko/20100101 Firefox/148.0"}
{"duration":"5ms","ip":"::ffff:127.0.0.1","level":"\u001b[35mhttp\u001b[39m","message":"\u001b[35mHTTP Request\u001b[39m","method":"GET","status":304,"timestamp":"2026-03-12 22:00:07:07","url":"/plans","userAgent":"Mozilla/5.0 (Windows NT 10.0; Win64; x64; rv:148.0) Gecko/20100101 Firefox/148.0"}
{"duration":"4ms","ip":"::ffff:127.0.0.1","level":"\u001b[35mhttp\u001b[39m","message":"\u001b[35mHTTP Request\u001b[39m","method":"GET","status":401,"timestamp":"2026-03-12 22:00:10:010","url":"/status","userAgent":"Mozilla/5.0 (Windows NT 10.0; Win64; x64; rv:148.0) Gecko/20100101 Firefox/148.0"}
{"duration":"1ms","ip":"::ffff:127.0.0.1","level":"\u001b[35mhttp\u001b[39m","message":"\u001b[35mHTTP Request\u001b[39m","method":"GET","status":304,"timestamp":"2026-03-12 22:00:10:010","url":"/plans","userAgent":"Mozilla/5.0 (Windows NT 10.0; Win64; x64; rv:148.0) Gecko/20100101 Firefox/148.0"}
{"duration":"331ms","ip":"::ffff:127.0.0.1","level":"\u001b[35mhttp\u001b[39m","message":"\u001b[35mHTTP Request\u001b[39m","method":"POST","status":400,"timestamp":"2026-03-12 22:01:37:137","url":"/register","userAgent":"Mozilla/5.0 (Windows NT 10.0; Win64; x64; rv:148.0) Gecko/20100101 Firefox/148.0"}
{"email":"gilmar40dutra@gmail.com","ip":"::ffff:127.0.0.1","level":"\u001b[32minfo\u001b[39m","message":"\u001b[32mTentativa de login\u001b[39m","timestamp":"2026-03-12 22:02:03:23"}
{"email":"gilmar40dutra@gmail.com","found":true,"isActive":true,"level":"\u001b[37mdebug\u001b[39m","message":"\u001b[37mUsuário consultado\u001b[39m","timestamp":"2026-03-12 22:02:03:23"}
{"email":"gilmar40dutra@gmail.com","ip":"::ffff:127.0.0.1","level":"\u001b[33mwarn\u001b[39m","message":"\u001b[33mTentativa de login com senha incorreta\u001b[39m","timestamp":"2026-03-12 22:02:03:23","userId":"697ec18a20506663093a7b16"}
{"duration":"269ms","ip":"::ffff:127.0.0.1","level":"\u001b[35mhttp\u001b[39m","message":"\u001b[35mHTTP Request\u001b[39m","method":"POST","status":401,"timestamp":"2026-03-12 22:02:03:23","url":"/login","userAgent":"Mozilla/5.0 (Windows NT 10.0; Win64; x64; rv:148.0) Gecko/20100101 Firefox/148.0"}
{"email":"gilmar40dutra@gmail.com","ip":"::ffff:127.0.0.1","level":"\u001b[32minfo\u001b[39m","message":"\u001b[32mTentativa de login\u001b[39m","timestamp":"2026-03-12 22:02:11:211"}
{"email":"gilmar40dutra@gmail.com","found":true,"isActive":true,"level":"\u001b[37mdebug\u001b[39m","message":"\u001b[37mUsuário consultado\u001b[39m","timestamp":"2026-03-12 22:02:11:211"}
{"email":"gilmar40dutra@gmail.com","ip":"::ffff:127.0.0.1","level":"\u001b[33mwarn\u001b[39m","message":"\u001b[33mTentativa de login com senha incorreta\u001b[39m","timestamp":"2026-03-12 22:02:12:212","userId":"697ec18a20506663093a7b16"}
{"duration":"142ms","ip":"::ffff:127.0.0.1","level":"\u001b[35mhttp\u001b[39m","message":"\u001b[35mHTTP Request\u001b[39m","method":"POST","status":401,"timestamp":"2026-03-12 22:02:12:212","url":"/login","userAgent":"Mozilla/5.0 (Windows NT 10.0; Win64; x64; rv:148.0) Gecko/20100101 Firefox/148.0"}
{"duration":"5ms","ip":"::ffff:127.0.0.1","level":"\u001b[35mhttp\u001b[39m","message":"\u001b[35mHTTP Request\u001b[39m","method":"GET","status":304,"timestamp":"2026-03-12 22:16:57:1657","url":"/plans","userAgent":"Mozilla/5.0 (Windows NT 10.0; Win64; x64; rv:148.0) Gecko/20100101 Firefox/148.0"}
