{"level":"\u001b[32minfo\u001b[39m","message":"\u001b[32mMercado Pago configurado com sucesso (SDK v2)\u001b[39m","timestamp":"2026-03-14 20:11:32:1132"}
{"environment":"development","level":"\u001b[32minfo\u001b[39m","message":"\u001b[32mSORED Backend iniciado\u001b[39m","port":"3001","timestamp":"2026-03-14 20:11:33:1133"}
{"level":"\u001b[32minfo\u001b[39m","message":"\u001b[32mMongoDB conectado com sucesso\u001b[39m","timestamp":"2026-03-14 20:11:33:1133","uri":"mongodb://localhost:27017/sored"}
{"level":"\u001b[32minfo\u001b[39m","message":"\u001b[32mHealth check hit\u001b[39m","timestamp":"2026-03-14 20:11:41:1141"}
{"duration":"10ms","ip":"::1","level":"\u001b[35mhttp\u001b[39m","message":"\u001b[35mHTTP Request\u001b[39m","method":"GET","status":200,"timestamp":"2026-03-14 20:11:41:1141","url":"/api/health","userAgent":"curl/8.18.0"}
{"duration":"4ms","ip":"::ffff:127.0.0.1","level":"\u001b[35mhttp\u001b[39m","message":"\u001b[35mHTTP Request\u001b[39m","method":"GET","status":200,"timestamp":"2026-03-14 20:12:43:1243","url":"/plans","userAgent":"Mozilla/5.0 (Windows NT 10.0; Win64; x64; rv:148.0) Gecko/20100101 Firefox/148.0"}
{"duration":"2ms","ip":"::ffff:127.0.0.1","level":"\u001b[35mhttp\u001b[39m","message":"\u001b[35mHTTP Request\u001b[39m","method":"GET","status":200,"timestamp":"2026-03-14 20:12:46:1246","url":"/public-key","userAgent":"Mozilla/5.0 (Windows NT 10.0; Win64; x64; rv:148.0) Gecko/20100101 Firefox/148.0"}
{"duration":"0ms","ip":"::ffff:127.0.0.1","level":"\u001b[35mhttp\u001b[39m","message":"\u001b[35mHTTP Request\u001b[39m","method":"GET","status":200,"timestamp":"2026-03-14 20:12:46:1246","url":"/public-key","userAgent":"Mozilla/5.0 (Windows NT 10.0; Win64; x64; rv:148.0) Gecko/20100101 Firefox/148.0"}
{"error":"Must provide your access_token to proceed","level":"\u001b[31merror\u001b[39m","message":"\u001b[31mErro ao criar pagamento PIX\u001b[39m","orderId":"plan_monthly_1773530008480","timestamp":"2026-03-14 20:13:29:1329"}
{"error":"Must provide your access_token to proceed","level":"\u001b[31merror\u001b[39m","message":"\u001b[31mErro ao criar pagamento PIX\u001b[39m","timestamp":"2026-03-14 20:13:29:1329"}
{"duration":"508ms","ip":"::ffff:127.0.0.1","level":"\u001b[35mhttp\u001b[39m","message":"\u001b[35mHTTP Request\u001b[39m","method":"POST","status":500,"timestamp":"2026-03-14 20:13:29:1329","url":"/pix/create","userAgent":"Mozilla/5.0 (Windows NT 10.0; Win64; x64; rv:148.0) Gecko/20100101 Firefox/148.0"}
{"level":"\u001b[32minfo\u001b[39m","message":"\u001b[32mMercado Pago configurado com sucesso (SDK v2)\u001b[39m","timestamp":"2026-03-14 20:15:04:154"}
{"environment":"development","level":"\u001b[32minfo\u001b[39m","message":"\u001b[32mSORED Backend iniciado\u001b[39m","port":"3001","timestamp":"2026-03-14 20:15:06:156"}
{"level":"\u001b[32minfo\u001b[39m","message":"\u001b[32mMongoDB conectado com sucesso\u001b[39m","timestamp":"2026-03-14 20:15:07:157","uri":"mongodb://localhost:27017/sored"}
{"duration":"8ms","ip":"::ffff:127.0.0.1","level":"\u001b[35mhttp\u001b[39m","message":"\u001b[35mHTTP Request\u001b[39m","method":"GET","status":304,"timestamp":"2026-03-14 20:15:17:1517","url":"/plans","userAgent":"Mozilla/5.0 (Windows NT 10.0; Win64; x64; rv:148.0) Gecko/20100101 Firefox/148.0"}
{"duration":"4ms","ip":"::1","level":"\u001b[35mhttp\u001b[39m","message":"\u001b[35mHTTP Request\u001b[39m","method":"POST","status":401,"timestamp":"2026-03-14 20:16:48:1648","url":"/test-mercado-pago","userAgent":"curl/8.18.0"}
{"duration":"2ms","ip":"::1","level":"\u001b[35mhttp\u001b[39m","message":"\u001b[35mHTTP Request\u001b[39m","method":"GET","status":200,"timestamp":"2026-03-14 20:17:04:174","url":"/public-key","userAgent":"curl/8.18.0"}
{"duration":"2ms","ip":"::ffff:127.0.0.1","level":"\u001b[35mhttp\u001b[39m","message":"\u001b[35mHTTP Request\u001b[39m","method":"GET","status":200,"timestamp":"2026-03-14 20:18:36:1836","url":"/public-key","userAgent":"Mozilla/5.0 (Windows NT 10.0; Win64; x64; rv:148.0) Gecko/20100101 Firefox/148.0"}
{"duration":"1ms","ip":"::ffff:127.0.0.1","level":"\u001b[35mhttp\u001b[39m","message":"\u001b[35mHTTP Request\u001b[39m","method":"GET","status":200,"timestamp":"2026-03-14 20:18:36:1836","url":"/public-key","userAgent":"Mozilla/5.0 (Windows NT 10.0; Win64; x64; rv:148.0) Gecko/20100101 Firefox/148.0"}
{"error":"Expected property name or '}' in JSON at position 1 (line 1 column 2)","ip":"::1","level":"\u001b[31merror\u001b[39m","message":"\u001b[31mErro não tratado\u001b[39m","method":"POST","stack":"SyntaxError: Expected property name or '}' in JSON at position 1 (line 1 column 2)\n    at JSON.parse (<anonymous>)\n    at parse (C:\\Users\\gilmar dutra\\Documents\\sored-novo-main\\backend\\node_modules\\body-parser\\lib\\types\\json.js:92:19)\n    at C:\\Users\\gilmar dutra\\Documents\\sored-novo-main\\backend\\node_modules\\body-parser\\lib\\read.js:128:18\n    at AsyncResource.runInAsyncScope (node:async_hooks:214:14)\n    at invokeCallback (C:\\Users\\gilmar dutra\\Documents\\sored-novo-main\\backend\\node_modules\\raw-body\\index.js:238:16)\n    at done (C:\\Users\\gilmar dutra\\Documents\\sored-novo-main\\backend\\node_modules\\raw-body\\index.js:227:7)\n    at IncomingMessage.onEnd (C:\\Users\\gilmar dutra\\Documents\\sored-novo-main\\backend\\node_modules\\raw-body\\index.js:287:7)\n    at IncomingMessage.emit (node:events:519:28)\n    at IncomingMessage.emit (node:domain:489:12)\n    at endReadableNT (node:internal/streams/readable:1698:12)","timestamp":"2026-03-14 20:20:59:2059","url":"/api/payments/pix/create"}
{"error":"Expected property name or '}' in JSON at position 1 (line 1 column 2)","ip":"::1","level":"\u001b[31merror\u001b[39m","message":"\u001b[31mErro não tratado\u001b[39m","method":"POST","stack":"SyntaxError: Expected property name or '}' in JSON at position 1 (line 1 column 2)\n    at JSON.parse (<anonymous>)\n    at parse (C:\\Users\\gilmar dutra\\Documents\\sored-novo-main\\backend\\node_modules\\body-parser\\lib\\types\\json.js:92:19)\n    at C:\\Users\\gilmar dutra\\Documents\\sored-novo-main\\backend\\node_modules\\body-parser\\lib\\read.js:128:18\n    at AsyncResource.runInAsyncScope (node:async_hooks:214:14)\n    at invokeCallback (C:\\Users\\gilmar dutra\\Documents\\sored-novo-main\\backend\\node_modules\\raw-body\\index.js:238:16)\n    at done (C:\\Users\\gilmar dutra\\Documents\\sored-novo-main\\backend\\node_modules\\raw-body\\index.js:227:7)\n    at IncomingMessage.onEnd (C:\\Users\\gilmar dutra\\Documents\\sored-novo-main\\backend\\node_modules\\raw-body\\index.js:287:7)\n    at IncomingMessage.emit (node:events:519:28)\n    at IncomingMessage.emit (node:domain:489:12)\n    at endReadableNT (node:internal/streams/readable:1698:12)","timestamp":"2026-03-14 20:21:07:217","url":"/api/payments/pix/create"}
{"error":"invalid access token","level":"\u001b[31merror\u001b[39m","message":"\u001b[31mErro ao criar pagamento PIX\u001b[39m","orderId":"test123","timestamp":"2026-03-14 20:21:25:2125"}
{"error":"invalid access token","level":"\u001b[31merror\u001b[39m","message":"\u001b[31mErro ao criar pagamento PIX\u001b[39m","timestamp":"2026-03-14 20:21:25:2125"}
{"duration":"3004ms","ip":"::1","level":"\u001b[35mhttp\u001b[39m","message":"\u001b[35mHTTP Request\u001b[39m","method":"POST","status":500,"timestamp":"2026-03-14 20:21:25:2125","url":"/pix/create","userAgent":"curl/8.18.0"}
{"level":"\u001b[32minfo\u001b[39m","message":"\u001b[32mMercado Pago configurado com sucesso (SDK v2)\u001b[39m","timestamp":"2026-03-14 20:37:39:3739"}
{"environment":"development","level":"\u001b[32minfo\u001b[39m","message":"\u001b[32mSORED Backend iniciado\u001b[39m","port":"3001","timestamp":"2026-03-14 20:37:42:3742"}
{"level":"\u001b[32minfo\u001b[39m","message":"\u001b[32mMongoDB conectado com sucesso\u001b[39m","timestamp":"2026-03-14 20:37:42:3742","uri":"mongodb://localhost:27017/sored"}
{"error":"invalid access token","level":"\u001b[31merror\u001b[39m","message":"\u001b[31mErro ao criar pagamento PIX\u001b[39m","orderId":"test123","timestamp":"2026-03-14 20:38:58:3858"}
{"error":"invalid access token","level":"\u001b[31merror\u001b[39m","message":"\u001b[31mErro ao criar pagamento PIX\u001b[39m","timestamp":"2026-03-14 20:38:58:3858"}
{"duration":"2996ms","ip":"::1","level":"\u001b[35mhttp\u001b[39m","message":"\u001b[35mHTTP Request\u001b[39m","method":"POST","status":500,"timestamp":"2026-03-14 20:38:58:3858","url":"/pix/create","userAgent":"curl/8.18.0"}
{"duration":"5ms","ip":"::ffff:127.0.0.1","level":"\u001b[35mhttp\u001b[39m","message":"\u001b[35mHTTP Request\u001b[39m","method":"GET","status":304,"timestamp":"2026-03-14 20:39:35:3935","url":"/plans","userAgent":"Mozilla/5.0 (Windows NT 10.0; Win64; x64; rv:148.0) Gecko/20100101 Firefox/148.0"}
{"level":"\u001b[32minfo\u001b[39m","message":"\u001b[32mMercado Pago configurado com sucesso (SDK v2) - Modo Teste\u001b[39m","timestamp":"2026-03-14 20:43:38:4338"}
{"environment":"development","level":"\u001b[32minfo\u001b[39m","message":"\u001b[32mSORED Backend iniciado\u001b[39m","port":"3001","timestamp":"2026-03-14 20:43:44:4344"}
{"level":"\u001b[32minfo\u001b[39m","message":"\u001b[32mMongoDB conectado com sucesso\u001b[39m","timestamp":"2026-03-14 20:43:47:4347","uri":"mongodb://localhost:27017/sored"}
{"level":"\u001b[32minfo\u001b[39m","message":"\u001b[32mMercado Pago configurado com sucesso (SDK v2) - Modo Teste\u001b[39m","timestamp":"2026-03-14 20:47:06:476"}
{"environment":"development","level":"\u001b[32minfo\u001b[39m","message":"\u001b[32mSORED Backend iniciado\u001b[39m","port":"3001","timestamp":"2026-03-14 20:47:08:478"}
{"level":"\u001b[32minfo\u001b[39m","message":"\u001b[32mMongoDB conectado com sucesso\u001b[39m","timestamp":"2026-03-14 20:47:08:478","uri":"mongodb://localhost:27017/sored"}
{"level":"\u001b[32minfo\u001b[39m","message":"\u001b[32mMercado Pago configurado com sucesso (SDK v2) - Modo Teste\u001b[39m","timestamp":"2026-03-14 20:48:34:4834"}
{"environment":"development","level":"\u001b[32minfo\u001b[39m","message":"\u001b[32mSORED Backend iniciado\u001b[39m","port":"3001","timestamp":"2026-03-14 20:48:35:4835"}
{"level":"\u001b[32minfo\u001b[39m","message":"\u001b[32mMongoDB conectado com sucesso\u001b[39m","timestamp":"2026-03-14 20:48:35:4835","uri":"mongodb://localhost:27017/sored"}
{"level":"\u001b[32minfo\u001b[39m","message":"\u001b[32mMercado Pago configurado com sucesso (SDK v2) - Modo Teste\u001b[39m","timestamp":"2026-03-14 20:50:22:5022"}
{"environment":"development","level":"\u001b[32minfo\u001b[39m","message":"\u001b[32mSORED Backend iniciado\u001b[39m","port":"3001","timestamp":"2026-03-14 20:50:25:5025"}
{"level":"\u001b[32minfo\u001b[39m","message":"\u001b[32mMongoDB conectado com sucesso\u001b[39m","timestamp":"2026-03-14 20:50:29:5029","uri":"mongodb://localhost:27017/sored"}
{"duration":"46ms","ip":"::ffff:127.0.0.1","level":"\u001b[35mhttp\u001b[39m","message":"\u001b[35mHTTP Request\u001b[39m","method":"GET","status":200,"timestamp":"2026-03-14 20:52:40:5240","url":"/public-key","userAgent":"Mozilla/5.0 (Windows NT 10.0; Win64; x64; rv:148.0) Gecko/20100101 Firefox/148.0"}
{"duration":"4ms","ip":"::ffff:127.0.0.1","level":"\u001b[35mhttp\u001b[39m","message":"\u001b[35mHTTP Request\u001b[39m","method":"GET","status":200,"timestamp":"2026-03-14 20:52:40:5240","url":"/public-key","userAgent":"Mozilla/5.0 (Windows NT 10.0; Win64; x64; rv:148.0) Gecko/20100101 Firefox/148.0"}
{"duration":"4ms","ip":"::ffff:127.0.0.1","level":"\u001b[35mhttp\u001b[39m","message":"\u001b[35mHTTP Request\u001b[39m","method":"GET","status":304,"timestamp":"2026-03-14 20:53:01:531","url":"/plans","userAgent":"Mozilla/5.0 (Windows NT 10.0; Win64; x64; rv:148.0) Gecko/20100101 Firefox/148.0"}
{"duration":"1ms","ip":"::ffff:127.0.0.1","level":"\u001b[35mhttp\u001b[39m","message":"\u001b[35mHTTP Request\u001b[39m","method":"GET","status":200,"timestamp":"2026-03-14 20:53:06:536","url":"/public-key","userAgent":"Mozilla/5.0 (Windows NT 10.0; Win64; x64; rv:148.0) Gecko/20100101 Firefox/148.0"}
{"duration":"2ms","ip":"::ffff:127.0.0.1","level":"\u001b[35mhttp\u001b[39m","message":"\u001b[35mHTTP Request\u001b[39m","method":"GET","status":304,"timestamp":"2026-03-14 20:53:06:536","url":"/public-key","userAgent":"Mozilla/5.0 (Windows NT 10.0; Win64; x64; rv:148.0) Gecko/20100101 Firefox/148.0"}
{"amount":100,"description":"Plano Mensal - month","level":"\u001b[32minfo\u001b[39m","message":"\u001b[32mCreating checkout session with body:\u001b[39m","orderId":"plan_monthly_1773532416789","payerEmail":"gilmar40dutra@gmail.com","payerFirstName":"gilmar","payerLastName":"dutra","payerPhone":"54996767613","paymentMethod":"credit_card","resolvedReturnUrl":"http://localhost:3000/subscription?success=true","returnUrl":"http://localhost:3000/subscription?success=true","timestamp":"2026-03-14 20:53:36:5336"}
{"error":"invalid access token","level":"\u001b[31merror\u001b[39m","message":"\u001b[31mErro ao criar preferência de pagamento\u001b[39m","orderId":"plan_monthly_1773532416789","timestamp":"2026-03-14 20:53:39:5339"}
{"level":"\u001b[33mwarn\u001b[39m","message":"\u001b[33mUsando modo simulado para preferência de pagamento (teste)\u001b[39m","timestamp":"2026-03-14 20:53:39:5339"}
{"level":"\u001b[32minfo\u001b[39m","message":"\u001b[32mPagamento interno criado para rastreamento\u001b[39m","paymentId":"69b5f50344a76f18808ec035","preferenceId":"test_pref_1773532419857","timestamp":"2026-03-14 20:53:39:5339"}
{"duration":"3034ms","ip":"::ffff:127.0.0.1","level":"\u001b[35mhttp\u001b[39m","message":"\u001b[35mHTTP Request\u001b[39m","method":"POST","status":200,"timestamp":"2026-03-14 20:53:39:5339","url":"/checkout","userAgent":"Mozilla/5.0 (Windows NT 10.0; Win64; x64; rv:148.0) Gecko/20100101 Firefox/148.0"}
{"error":"invalid access token","level":"\u001b[31merror\u001b[39m","message":"\u001b[31mErro ao criar pagamento PIX\u001b[39m","orderId":"test123","timestamp":"2026-03-14 20:55:28:5528"}
{"level":"\u001b[33mwarn\u001b[39m","message":"\u001b[33mUsando modo simulado para pagamento PIX (teste)\u001b[39m","timestamp":"2026-03-14 20:55:28:5528"}
{"error":"invalid access token","level":"\u001b[31merror\u001b[39m","message":"\u001b[31mErro ao criar preferência Mercado Pago\u001b[39m","timestamp":"2026-03-14 20:55:32:5532"}
{"error":"invalid access token","level":"\u001b[31merror\u001b[39m","message":"\u001b[31mErro ao criar pagamento PIX\u001b[39m","timestamp":"2026-03-14 20:55:32:5532"}
{"duration":"7232ms","ip":"::1","level":"\u001b[35mhttp\u001b[39m","message":"\u001b[35mHTTP Request\u001b[39m","method":"POST","status":500,"timestamp":"2026-03-14 20:55:32:5532","url":"/pix/create","userAgent":"curl/8.18.0"}
{"level":"\u001b[32minfo\u001b[39m","message":"\u001b[32mMercado Pago configurado com sucesso (SDK v2) - Modo Teste\u001b[39m","timestamp":"2026-03-14 21:07:19:719"}
{"environment":"development","level":"\u001b[32minfo\u001b[39m","message":"\u001b[32mSORED Backend iniciado\u001b[39m","port":"3001","timestamp":"2026-03-14 21:07:21:721"}
{"level":"\u001b[32minfo\u001b[39m","message":"\u001b[32mMongoDB conectado com sucesso\u001b[39m","timestamp":"2026-03-14 21:07:21:721","uri":"mongodb://localhost:27017/sored"}
{"level":"\u001b[32minfo\u001b[39m","message":"\u001b[32mMercado Pago configurado com sucesso (SDK v2)\u001b[39m","timestamp":"2026-03-14 21:12:26:1226"}
{"environment":"development","level":"\u001b[32minfo\u001b[39m","message":"\u001b[32mSORED Backend iniciado\u001b[39m","port":"3001","timestamp":"2026-03-14 21:12:29:1229"}
{"level":"\u001b[32minfo\u001b[39m","message":"\u001b[32mMongoDB conectado com sucesso\u001b[39m","timestamp":"2026-03-14 21:12:29:1229","uri":"mongodb://localhost:27017/sored"}
{"duration":"14ms","ip":"::ffff:127.0.0.1","level":"\u001b[35mhttp\u001b[39m","message":"\u001b[35mHTTP Request\u001b[39m","method":"GET","status":304,"timestamp":"2026-03-14 21:13:20:1320","url":"/plans","userAgent":"Mozilla/5.0 (Windows NT 10.0; Win64; x64; rv:148.0) Gecko/20100101 Firefox/148.0"}
{"level":"\u001b[32minfo\u001b[39m","message":"\u001b[32mMercado Pago configurado com sucesso (SDK v2)\u001b[39m","timestamp":"2026-03-14 21:18:54:1854"}
{"environment":"development","level":"\u001b[32minfo\u001b[39m","message":"\u001b[32mSORED Backend iniciado\u001b[39m","port":"3001","timestamp":"2026-03-14 21:18:54:1854"}
{"level":"\u001b[32minfo\u001b[39m","message":"\u001b[32mMongoDB conectado com sucesso\u001b[39m","timestamp":"2026-03-14 21:18:54:1854","uri":"mongodb://localhost:27017/sored"}
{"duration":"42ms","ip":"::ffff:127.0.0.1","level":"\u001b[35mhttp\u001b[39m","message":"\u001b[35mHTTP Request\u001b[39m","method":"GET","status":200,"timestamp":"2026-03-14 21:31:27:3127","url":"/public-key","userAgent":"Mozilla/5.0 (Windows NT 10.0; Win64; x64; rv:148.0) Gecko/20100101 Firefox/148.0"}
{"duration":"3ms","ip":"::ffff:127.0.0.1","level":"\u001b[35mhttp\u001b[39m","message":"\u001b[35mHTTP Request\u001b[39m","method":"GET","status":200,"timestamp":"2026-03-14 21:31:27:3127","url":"/public-key","userAgent":"Mozilla/5.0 (Windows NT 10.0; Win64; x64; rv:148.0) Gecko/20100101 Firefox/148.0"}
{"error":"invalid access token","level":"\u001b[31merror\u001b[39m","message":"\u001b[31mErro ao criar pagamento PIX\u001b[39m","orderId":"plan_monthly_1773534724496","timestamp":"2026-03-14 21:32:07:327"}
{"error":"invalid access token","level":"\u001b[31merror\u001b[39m","message":"\u001b[31mErro ao criar pagamento PIX\u001b[39m","timestamp":"2026-03-14 21:32:07:327"}
{"duration":"2806ms","ip":"::ffff:127.0.0.1","level":"\u001b[35mhttp\u001b[39m","message":"\u001b[35mHTTP Request\u001b[39m","method":"POST","status":500,"timestamp":"2026-03-14 21:32:07:327","url":"/pix/create","userAgent":"Mozilla/5.0 (Windows NT 10.0; Win64; x64; rv:148.0) Gecko/20100101 Firefox/148.0"}
{"level":"\u001b[32minfo\u001b[39m","message":"\u001b[32mMongoDB desconectado\u001b[39m","timestamp":"2026-03-14 21:43:21:4321"}
{"level":"\u001b[32minfo\u001b[39m","message":"\u001b[32mMercado Pago configurado com sucesso (SDK v2)\u001b[39m","timestamp":"2026-03-14 21:46:36:4636"}
{"environment":"development","level":"\u001b[32minfo\u001b[39m","message":"\u001b[32mSORED Backend iniciado\u001b[39m","port":"3001","timestamp":"2026-03-14 21:46:40:4640"}
{"level":"\u001b[32minfo\u001b[39m","message":"\u001b[32mMongoDB conectado com sucesso\u001b[39m","timestamp":"2026-03-14 21:46:48:4648","uri":"mongodb://localhost:27017/sored"}
{"level":"\u001b[32minfo\u001b[39m","message":"\u001b[32mMercado Pago configurado com sucesso (SDK v2)\u001b[39m","timestamp":"2026-03-14 21:49:19:4919"}
{"environment":"development","level":"\u001b[32minfo\u001b[39m","message":"\u001b[32mSORED Backend iniciado\u001b[39m","port":"3001","timestamp":"2026-03-14 21:49:21:4921"}
{"level":"\u001b[32minfo\u001b[39m","message":"\u001b[32mMongoDB conectado com sucesso\u001b[39m","timestamp":"2026-03-14 21:49:22:4922","uri":"mongodb://localhost:27017/sored"}
{"error":"invalid access token","level":"\u001b[31merror\u001b[39m","message":"\u001b[31mErro ao criar pagamento PIX\u001b[39m","orderId":"test123","timestamp":"2026-03-14 21:49:44:4944"}
{"error":"invalid access token","level":"\u001b[31merror\u001b[39m","message":"\u001b[31mErro ao criar pagamento PIX\u001b[39m","timestamp":"2026-03-14 21:49:44:4944"}
{"duration":"2894ms","ip":"::1","level":"\u001b[35mhttp\u001b[39m","message":"\u001b[35mHTTP Request\u001b[39m","method":"POST","status":500,"timestamp":"2026-03-14 21:49:44:4944","url":"/pix/create","userAgent":"curl/8.18.0"}
{"level":"\u001b[32minfo\u001b[39m","message":"\u001b[32mMercado Pago configurado com sucesso (SDK v2)\u001b[39m","timestamp":"2026-03-14 21:51:47:5147"}
{"environment":"development","level":"\u001b[32minfo\u001b[39m","message":"\u001b[32mSORED Backend iniciado\u001b[39m","port":"3001","timestamp":"2026-03-14 21:51:50:5150"}
{"level":"\u001b[32minfo\u001b[39m","message":"\u001b[32mMongoDB conectado com sucesso\u001b[39m","timestamp":"2026-03-14 21:51:53:5153","uri":"mongodb://localhost:27017/sored"}
{"error":"invalid access token","level":"\u001b[31merror\u001b[39m","message":"\u001b[31mErro ao criar pagamento PIX\u001b[39m","orderId":"test123","timestamp":"2026-03-14 21:52:31:5231"}
{"error":"invalid access token","level":"\u001b[31merror\u001b[39m","message":"\u001b[31mErro ao criar pagamento PIX\u001b[39m","timestamp":"2026-03-14 21:52:31:5231"}
{"duration":"2840ms","ip":"::1","level":"\u001b[35mhttp\u001b[39m","message":"\u001b[35mHTTP Request\u001b[39m","method":"POST","status":500,"timestamp":"2026-03-14 21:52:31:5231","url":"/pix/create","userAgent":"curl/8.18.0"}
{"level":"\u001b[32minfo\u001b[39m","message":"\u001b[32mMercado Pago configurado com sucesso (SDK v2) - Modo Teste\u001b[39m","timestamp":"2026-03-14 21:55:41:5541"}
{"environment":"development","level":"\u001b[32minfo\u001b[39m","message":"\u001b[32mSORED Backend iniciado\u001b[39m","port":"3001","timestamp":"2026-03-14 21:55:43:5543"}
{"level":"\u001b[32minfo\u001b[39m","message":"\u001b[32mMongoDB conectado com sucesso\u001b[39m","timestamp":"2026-03-14 21:55:43:5543","uri":"mongodb://localhost:27017/sored"}
{"error":"invalid access token","level":"\u001b[31merror\u001b[39m","message":"\u001b[31mErro ao criar pagamento PIX\u001b[39m","orderId":"test123","timestamp":"2026-03-14 21:56:08:568"}
{"level":"\u001b[33mwarn\u001b[39m","message":"\u001b[33mUsando fallback simulado para desenvolvimento (teste)\u001b[39m","timestamp":"2026-03-14 21:56:08:568"}
{"error":"invalid access token","level":"\u001b[31merror\u001b[39m","message":"\u001b[31mErro ao criar preferência Mercado Pago\u001b[39m","timestamp":"2026-03-14 21:56:10:5610"}
{"error":"invalid access token","level":"\u001b[31merror\u001b[39m","message":"\u001b[31mErro ao criar pagamento PIX\u001b[39m","timestamp":"2026-03-14 21:56:10:5610"}
{"duration":"6082ms","ip":"::1","level":"\u001b[35mhttp\u001b[39m","message":"\u001b[35mHTTP Request\u001b[39m","method":"POST","status":500,"timestamp":"2026-03-14 21:56:10:5610","url":"/pix/create","userAgent":"curl/8.18.0"}
{"error":"invalid access token","level":"\u001b[31merror\u001b[39m","message":"\u001b[31mErro ao criar pagamento PIX\u001b[39m","orderId":"test123","timestamp":"2026-03-14 21:56:58:5658"}
{"level":"\u001b[33mwarn\u001b[39m","message":"\u001b[33mUsando fallback simulado para desenvolvimento (teste)\u001b[39m","timestamp":"2026-03-14 21:56:58:5658"}
{"error":"invalid access token","level":"\u001b[31merror\u001b[39m","message":"\u001b[31mErro ao criar preferência Mercado Pago\u001b[39m","timestamp":"2026-03-14 21:57:01:571"}
{"error":"invalid access token","level":"\u001b[31merror\u001b[39m","message":"\u001b[31mErro ao criar pagamento PIX\u001b[39m","timestamp":"2026-03-14 21:57:01:571"}
{"duration":"5128ms","ip":"::1","level":"\u001b[35mhttp\u001b[39m","message":"\u001b[35mHTTP Request\u001b[39m","method":"POST","status":500,"timestamp":"2026-03-14 21:57:01:571","url":"/pix/create","userAgent":"curl/8.18.0"}
{"error":"invalid access token","level":"\u001b[31merror\u001b[39m","message":"\u001b[31mErro ao criar pagamento PIX\u001b[39m","orderId":"test123","timestamp":"2026-03-14 21:57:34:5734"}
{"level":"\u001b[33mwarn\u001b[39m","message":"\u001b[33mUsando fallback simulado para desenvolvimento (teste)\u001b[39m","timestamp":"2026-03-14 21:57:34:5734"}
{"error":"invalid access token","level":"\u001b[31merror\u001b[39m","message":"\u001b[31mErro ao criar preferência Mercado Pago\u001b[39m","timestamp":"2026-03-14 21:57:36:5736"}
{"error":"invalid access token","level":"\u001b[31merror\u001b[39m","message":"\u001b[31mErro ao criar pagamento PIX\u001b[39m","timestamp":"2026-03-14 21:57:36:5736"}
{"duration":"4994ms","ip":"::1","level":"\u001b[35mhttp\u001b[39m","message":"\u001b[35mHTTP Request\u001b[39m","method":"POST","status":500,"timestamp":"2026-03-14 21:57:36:5736","url":"/pix/create","userAgent":"curl/8.18.0"}
{"error":"invalid access token","level":"\u001b[31merror\u001b[39m","message":"\u001b[31mErro ao criar pagamento PIX\u001b[39m","orderId":"test123","timestamp":"2026-03-14 21:58:10:5810"}
{"level":"\u001b[33mwarn\u001b[39m","message":"\u001b[33mUsando fallback simulado para desenvolvimento (teste)\u001b[39m","timestamp":"2026-03-14 21:58:10:5810"}
{"error":"invalid access token","level":"\u001b[31merror\u001b[39m","message":"\u001b[31mErro ao criar preferência Mercado Pago\u001b[39m","timestamp":"2026-03-14 21:58:12:5812"}
{"error":"invalid access token","level":"\u001b[31merror\u001b[39m","message":"\u001b[31mErro ao criar pagamento PIX\u001b[39m","timestamp":"2026-03-14 21:58:12:5812"}
{"duration":"4967ms","ip":"::1","level":"\u001b[35mhttp\u001b[39m","message":"\u001b[35mHTTP Request\u001b[39m","method":"POST","status":500,"timestamp":"2026-03-14 21:58:12:5812","url":"/pix/create","userAgent":"curl/8.18.0"}
{"error":"invalid access token","level":"\u001b[31merror\u001b[39m","message":"\u001b[31mErro ao criar pagamento PIX\u001b[39m","orderId":"test123","timestamp":"2026-03-14 22:00:54:054"}
{"level":"\u001b[33mwarn\u001b[39m","message":"\u001b[33mUsando fallback simulado para desenvolvimento (teste)\u001b[39m","timestamp":"2026-03-14 22:00:54:054"}
{"error":"invalid access token","level":"\u001b[31merror\u001b[39m","message":"\u001b[31mErro ao criar preferência Mercado Pago\u001b[39m","timestamp":"2026-03-14 22:00:57:057"}
{"error":"invalid access token","level":"\u001b[31merror\u001b[39m","message":"\u001b[31mErro ao criar pagamento PIX\u001b[39m","timestamp":"2026-03-14 22:00:57:057"}
{"duration":"5280ms","ip":"::1","level":"\u001b[35mhttp\u001b[39m","message":"\u001b[35mHTTP Request\u001b[39m","method":"POST","status":500,"timestamp":"2026-03-14 22:00:57:057","url":"/pix/create","userAgent":"curl/8.18.0"}
{"error":"invalid access token","level":"\u001b[31merror\u001b[39m","message":"\u001b[31mErro ao criar pagamento PIX\u001b[39m","orderId":"test123","timestamp":"2026-03-14 22:01:46:146"}
{"level":"\u001b[33mwarn\u001b[39m","message":"\u001b[33mUsando fallback simulado para desenvolvimento (teste)\u001b[39m","timestamp":"2026-03-14 22:01:46:146"}
{"error":"invalid access token","level":"\u001b[31merror\u001b[39m","message":"\u001b[31mErro ao criar preferência Mercado Pago\u001b[39m","timestamp":"2026-03-14 22:01:48:148"}
{"error":"invalid access token","level":"\u001b[31merror\u001b[39m","message":"\u001b[31mErro ao criar pagamento PIX\u001b[39m","timestamp":"2026-03-14 22:01:48:148"}
{"duration":"5482ms","ip":"::1","level":"\u001b[35mhttp\u001b[39m","message":"\u001b[35mHTTP Request\u001b[39m","method":"POST","status":500,"timestamp":"2026-03-14 22:01:48:148","url":"/pix/create","userAgent":"curl/8.18.0"}
{"error":"invalid access token","level":"\u001b[31merror\u001b[39m","message":"\u001b[31mErro ao criar pagamento PIX\u001b[39m","orderId":"test123","timestamp":"2026-03-14 22:02:42:242"}
{"level":"\u001b[33mwarn\u001b[39m","message":"\u001b[33mUsando fallback simulado para desenvolvimento (teste)\u001b[39m","timestamp":"2026-03-14 22:02:42:242"}
{"error":"invalid access token","level":"\u001b[31merror\u001b[39m","message":"\u001b[31mErro ao criar preferência Mercado Pago\u001b[39m","timestamp":"2026-03-14 22:02:45:245"}
{"error":"invalid access token","level":"\u001b[31merror\u001b[39m","message":"\u001b[31mErro ao criar pagamento PIX\u001b[39m","timestamp":"2026-03-14 22:02:45:245"}
{"duration":"4967ms","ip":"::1","level":"\u001b[35mhttp\u001b[39m","message":"\u001b[35mHTTP Request\u001b[39m","method":"POST","status":500,"timestamp":"2026-03-14 22:02:45:245","url":"/pix/create","userAgent":"curl/8.18.0"}
{"error":"invalid access token","level":"\u001b[31merror\u001b[39m","message":"\u001b[31mErro ao criar pagamento PIX\u001b[39m","orderId":"test123","timestamp":"2026-03-14 22:03:23:323"}
{"level":"\u001b[33mwarn\u001b[39m","message":"\u001b[33mUsando fallback simulado para desenvolvimento (teste)\u001b[39m","timestamp":"2026-03-14 22:03:23:323"}
{"error":"invalid access token","level":"\u001b[31merror\u001b[39m","message":"\u001b[31mErro ao criar preferência Mercado Pago\u001b[39m","timestamp":"2026-03-14 22:03:25:325"}
{"error":"invalid access token","level":"\u001b[31merror\u001b[39m","message":"\u001b[31mErro ao criar pagamento PIX\u001b[39m","timestamp":"2026-03-14 22:03:25:325"}
{"duration":"4981ms","ip":"::1","level":"\u001b[35mhttp\u001b[39m","message":"\u001b[35mHTTP Request\u001b[39m","method":"POST","status":500,"timestamp":"2026-03-14 22:03:25:325","url":"/pix/create","userAgent":"curl/8.18.0"}
{"error":"invalid access token","level":"\u001b[31merror\u001b[39m","message":"\u001b[31mErro ao criar pagamento PIX\u001b[39m","orderId":"test123","timestamp":"2026-03-14 22:04:09:49"}
{"level":"\u001b[33mwarn\u001b[39m","message":"\u001b[33mUsando fallback simulado para desenvolvimento (teste)\u001b[39m","timestamp":"2026-03-14 22:04:09:49"}
{"error":"invalid access token","level":"\u001b[31merror\u001b[39m","message":"\u001b[31mErro ao criar preferência Mercado Pago\u001b[39m","timestamp":"2026-03-14 22:04:12:412"}
{"error":"invalid access token","level":"\u001b[31merror\u001b[39m","message":"\u001b[31mErro ao criar pagamento PIX\u001b[39m","timestamp":"2026-03-14 22:04:12:412"}
{"duration":"5206ms","ip":"::1","level":"\u001b[35mhttp\u001b[39m","message":"\u001b[35mHTTP Request\u001b[39m","method":"POST","status":500,"timestamp":"2026-03-14 22:04:12:412","url":"/pix/create","userAgent":"curl/8.18.0"}
{"level":"\u001b[32minfo\u001b[39m","message":"\u001b[32mMercado Pago configurado com sucesso (SDK v2) - Modo Produção\u001b[39m","timestamp":"2026-03-14 22:07:17:717"}
{"environment":"development","level":"\u001b[32minfo\u001b[39m","message":"\u001b[32mSORED Backend iniciado\u001b[39m","port":"3001","timestamp":"2026-03-14 22:07:20:720"}
{"level":"\u001b[32minfo\u001b[39m","message":"\u001b[32mMongoDB conectado com sucesso\u001b[39m","timestamp":"2026-03-14 22:07:21:721","uri":"mongodb://localhost:27017/sored"}
{"level":"\u001b[32minfo\u001b[39m","message":"\u001b[32mMercado Pago configurado com sucesso (SDK v2) - Modo Produção\u001b[39m","timestamp":"2026-03-14 22:10:20:1020"}
{"environment":"development","level":"\u001b[32minfo\u001b[39m","message":"\u001b[32mSORED Backend iniciado\u001b[39m","port":"3001","timestamp":"2026-03-14 22:10:21:1021"}
{"level":"\u001b[32minfo\u001b[39m","message":"\u001b[32mMongoDB conectado com sucesso\u001b[39m","timestamp":"2026-03-14 22:10:22:1022","uri":"mongodb://localhost:27017/sored"}
{"level":"\u001b[32minfo\u001b[39m","message":"\u001b[32mIniciando criação de pagamento PIX\u001b[39m","timestamp":"2026-03-14 22:10:41:1041"}
{"amount":10,"level":"\u001b[32minfo\u001b[39m","message":"\u001b[32mDados do pagamento PIX\u001b[39m","orderId":"test123","payerEmail":"test@example.com","timestamp":"2026-03-14 22:10:41:1041"}
{"error":"Must provide your access_token to proceed","level":"\u001b[31merror\u001b[39m","message":"\u001b[31mErro ao criar pagamento PIX\u001b[39m","orderId":"test123","timestamp":"2026-03-14 22:10:42:1042"}
{"details":{"cause":[{"code":5,"data":"15-03-2026T01:10:42UTC;539956fd-43a5-4503-905b-6c00231d0f88","description":"Must provide your access_token to proceed"}],"error":"unauthorized","message":"Must provide your access_token to proceed","status":401},"error":"Must provide your access_token to proceed","level":"\u001b[31merror\u001b[39m","message":"\u001b[31mErro ao criar pagamento PIX\u001b[39m","timestamp":"2026-03-14 22:10:42:1042"}
{"duration":"629ms","ip":"::1","level":"\u001b[35mhttp\u001b[39m","message":"\u001b[35mHTTP Request\u001b[39m","method":"POST","status":500,"timestamp":"2026-03-14 22:10:42:1042","url":"/pix/create","userAgent":"curl/8.18.0"}
{"level":"\u001b[32minfo\u001b[39m","message":"\u001b[32mIniciando criação de pagamento PIX\u001b[39m","timestamp":"2026-03-14 22:11:26:1126"}
{"amount":10,"level":"\u001b[32minfo\u001b[39m","message":"\u001b[32mDados do pagamento PIX\u001b[39m","orderId":"test123","payerEmail":"test@example.com","timestamp":"2026-03-14 22:11:26:1126"}
{"error":"Must provide your access_token to proceed","level":"\u001b[31merror\u001b[39m","message":"\u001b[31mErro ao criar pagamento PIX\u001b[39m","orderId":"test123","timestamp":"2026-03-14 22:11:27:1127"}
{"details":{"cause":[{"code":5,"data":"15-03-2026T01:11:27UTC;7ed376d5-2dce-451b-9c3f-3107c62665fd","description":"Must provide your access_token to proceed"}],"error":"unauthorized","message":"Must provide your access_token to proceed","status":401},"error":"Must provide your access_token to proceed","level":"\u001b[31merror\u001b[39m","message":"\u001b[31mErro ao criar pagamento PIX\u001b[39m","timestamp":"2026-03-14 22:11:27:1127"}
{"duration":"548ms","ip":"::1","level":"\u001b[35mhttp\u001b[39m","message":"\u001b[35mHTTP Request\u001b[39m","method":"POST","status":500,"timestamp":"2026-03-14 22:11:27:1127","url":"/pix/create","userAgent":"curl/8.18.0"}
{"level":"\u001b[32minfo\u001b[39m","message":"\u001b[32mMercado Pago configurado com sucesso (SDK v2) - Modo Teste\u001b[39m","timestamp":"2026-03-14 22:12:59:1259"}
{"environment":"development","level":"\u001b[32minfo\u001b[39m","message":"\u001b[32mSORED Backend iniciado\u001b[39m","port":"3001","timestamp":"2026-03-14 22:13:01:131"}
{"level":"\u001b[32minfo\u001b[39m","message":"\u001b[32mMongoDB conectado com sucesso\u001b[39m","timestamp":"2026-03-14 22:13:01:131","uri":"mongodb://localhost:27017/sored"}
{"level":"\u001b[32minfo\u001b[39m","message":"\u001b[32mIniciando criação de pagamento PIX\u001b[39m","timestamp":"2026-03-14 22:13:15:1315"}
{"amount":10,"level":"\u001b[32minfo\u001b[39m","message":"\u001b[32mDados do pagamento PIX\u001b[39m","orderId":"test123","payerEmail":"test@example.com","timestamp":"2026-03-14 22:13:15:1315"}
{"error":"invalid access token","level":"\u001b[31merror\u001b[39m","message":"\u001b[31mErro ao criar pagamento PIX\u001b[39m","orderId":"test123","timestamp":"2026-03-14 22:13:19:1319"}
{"level":"\u001b[33mwarn\u001b[39m","message":"\u001b[33mUsando fallback simulado para desenvolvimento (teste)\u001b[39m","timestamp":"2026-03-14 22:13:19:1319"}
{"level":"\u001b[32minfo\u001b[39m","message":"\u001b[32mPagamento PIX criado com sucesso\u001b[39m","paymentId":"test_pix_1773537199746","timestamp":"2026-03-14 22:13:19:1319"}
{"isTest":true,"level":"\u001b[32minfo\u001b[39m","message":"\u001b[32mPagamento PIX processado com sucesso\u001b[39m","paymentId":"test_pix_1773537199746","status":"pending","timestamp":"2026-03-14 22:13:19:1319"}
{"dateOfExpiration":"2026-03-15T01:43:19.747Z","level":"\u001b[32minfo\u001b[39m","message":"\u001b[32mEnviando resposta PIX\u001b[39m","paymentId":"test_pix_1773537199746","status":"pending","timestamp":"2026-03-14 22:13:19:1319","transactionAmount":10}
{"duration":"4269ms","ip":"::1","level":"\u001b[35mhttp\u001b[39m","message":"\u001b[35mHTTP Request\u001b[39m","method":"POST","status":200,"timestamp":"2026-03-14 22:13:19:1319","url":"/pix/create","userAgent":"curl/8.18.0"}
{"amount":50,"description":"Plano Premium Mensal","level":"\u001b[32minfo\u001b[39m","message":"\u001b[32mCreating checkout session with body:\u001b[39m","orderId":"test_credit_123","payerEmail":"test@example.com","payerFirstName":"Test","payerLastName":"User","payerPhone":"11999999999","paymentMethod":"credit_card","resolvedReturnUrl":"http://localhost:3000/subscription?success=true","returnUrl":"http://localhost:3000/subscription?success=true","timestamp":"2026-03-14 22:13:46:1346"}
{"error":"invalid access token","level":"\u001b[31merror\u001b[39m","message":"\u001b[31mErro ao criar preferência de pagamento\u001b[39m","orderId":"test_credit_123","timestamp":"2026-03-14 22:13:48:1348"}
{"level":"\u001b[33mwarn\u001b[39m","message":"\u001b[33mUsando fallback simulado para desenvolvimento (teste)\u001b[39m","timestamp":"2026-03-14 22:13:48:1348"}
{"duration":"2609ms","ip":"::1","level":"\u001b[35mhttp\u001b[39m","message":"\u001b[35mHTTP Request\u001b[39m","method":"POST","status":200,"timestamp":"2026-03-14 22:13:48:1348","url":"/checkout","userAgent":"curl/8.18.0"}
{"error":"Si quieres conocer los recursos de la API que se encuentran disponibles visita el Sitio de Desarrolladores de MercadoLibre (https://developers.mercadopago.com)","level":"\u001b[31merror\u001b[39m","message":"\u001b[31mErro ao obter QR Code PIX\u001b[39m","paymentId":"test_pix_1773537199746","timestamp":"2026-03-14 22:14:03:143"}
{"error":"Si quieres conocer los recursos de la API que se encuentran disponibles visita el Sitio de Desarrolladores de MercadoLibre (https://developers.mercadopago.com)","level":"\u001b[31merror\u001b[39m","message":"\u001b[31mErro ao obter QR Code PIX\u001b[39m","timestamp":"2026-03-14 22:14:03:143"}
{"duration":"2586ms","ip":"::1","level":"\u001b[35mhttp\u001b[39m","message":"\u001b[35mHTTP Request\u001b[39m","method":"GET","status":500,"timestamp":"2026-03-14 22:14:03:143","url":"/pix/qrcode/test_pix_1773537199746","userAgent":"curl/8.18.0"}
{"error":"Si quieres conocer los recursos de la API que se encuentran disponibles visita el Sitio de Desarrolladores de MercadoLibre (https://developers.mercadopago.com)","level":"\u001b[31merror\u001b[39m","message":"\u001b[31mErro ao obter QR Code PIX\u001b[39m","paymentId":"test_pix_1773537199746","timestamp":"2026-03-14 22:14:39:1439"}
{"error":"Si quieres conocer los recursos de la API que se encuentran disponibles visita el Sitio de Desarrolladores de MercadoLibre (https://developers.mercadopago.com)","level":"\u001b[31merror\u001b[39m","message":"\u001b[31mErro ao obter QR Code PIX\u001b[39m","timestamp":"2026-03-14 22:14:39:1439"}
{"duration":"2575ms","ip":"::1","level":"\u001b[35mhttp\u001b[39m","message":"\u001b[35mHTTP Request\u001b[39m","method":"GET","status":500,"timestamp":"2026-03-14 22:14:39:1439","url":"/pix/qrcode/test_pix_1773537199746","userAgent":"curl/8.18.0"}
{"level":"\u001b[32minfo\u001b[39m","message":"\u001b[32mIniciando criação de pagamento PIX\u001b[39m","timestamp":"2026-03-14 22:15:06:156"}
{"amount":10,"level":"\u001b[32minfo\u001b[39m","message":"\u001b[32mDados do pagamento PIX\u001b[39m","orderId":"test123","payerEmail":"test@example.com","timestamp":"2026-03-14 22:15:06:156"}
{"error":"invalid access token","level":"\u001b[31merror\u001b[39m","message":"\u001b[31mErro ao criar pagamento PIX\u001b[39m","orderId":"test123","timestamp":"2026-03-14 22:15:08:158"}
{"level":"\u001b[33mwarn\u001b[39m","message":"\u001b[33mUsando fallback simulado para desenvolvimento (teste)\u001b[39m","timestamp":"2026-03-14 22:15:08:158"}
{"level":"\u001b[32minfo\u001b[39m","message":"\u001b[32mPagamento PIX criado com sucesso\u001b[39m","paymentId":"test_pix_1773537308727","timestamp":"2026-03-14 22:15:08:158"}
{"isTest":true,"level":"\u001b[32minfo\u001b[39m","message":"\u001b[32mPagamento PIX processado com sucesso\u001b[39m","paymentId":"test_pix_1773537308727","status":"pending","timestamp":"2026-03-14 22:15:08:158"}
{"dateOfExpiration":"2026-03-15T01:45:08.727Z","level":"\u001b[32minfo\u001b[39m","message":"\u001b[32mEnviando resposta PIX\u001b[39m","paymentId":"test_pix_1773537308727","status":"pending","timestamp":"2026-03-14 22:15:08:158","transactionAmount":10}
{"duration":"2606ms","ip":"::1","level":"\u001b[35mhttp\u001b[39m","message":"\u001b[35mHTTP Request\u001b[39m","method":"POST","status":200,"timestamp":"2026-03-14 22:15:08:158","url":"/pix/create","userAgent":"curl/8.18.0"}
{"error":"Si quieres conocer los recursos de la API que se encuentran disponibles visita el Sitio de Desarrolladores de MercadoLibre (https://developers.mercadopago.com)","level":"\u001b[31merror\u001b[39m","message":"\u001b[31mErro ao obter QR Code PIX\u001b[39m","paymentId":"test_pix_1773537308727","timestamp":"2026-03-14 22:15:22:1522"}
{"error":"Si quieres conocer los recursos de la API que se encuentran disponibles visita el Sitio de Desarrolladores de MercadoLibre (https://developers.mercadopago.com)","level":"\u001b[31merror\u001b[39m","message":"\u001b[31mErro ao obter QR Code PIX\u001b[39m","timestamp":"2026-03-14 22:15:22:1522"}
{"duration":"2572ms","ip":"::1","level":"\u001b[35mhttp\u001b[39m","message":"\u001b[35mHTTP Request\u001b[39m","method":"GET","status":500,"timestamp":"2026-03-14 22:15:22:1522","url":"/pix/qrcode/test_pix_1773537308727","userAgent":"curl/8.18.0"}
{"error":"Si quieres conocer los recursos de la API que se encuentran disponibles visita el Sitio de Desarrolladores de MercadoLibre (https://developers.mercadopago.com)","level":"\u001b[31merror\u001b[39m","message":"\u001b[31mErro ao obter QR Code PIX\u001b[39m","paymentId":"test_pix_1773537308727","timestamp":"2026-03-14 22:16:10:1610"}
{"error":"Si quieres conocer los recursos de la API que se encuentran disponibles visita el Sitio de Desarrolladores de MercadoLibre (https://developers.mercadopago.com)","level":"\u001b[31merror\u001b[39m","message":"\u001b[31mErro ao obter QR Code PIX\u001b[39m","timestamp":"2026-03-14 22:16:10:1610"}
{"duration":"2643ms","ip":"::1","level":"\u001b[35mhttp\u001b[39m","message":"\u001b[35mHTTP Request\u001b[39m","method":"GET","status":500,"timestamp":"2026-03-14 22:16:10:1610","url":"/pix/qrcode/test_pix_1773537308727","userAgent":"curl/8.18.0"}
{"level":"\u001b[32minfo\u001b[39m","message":"\u001b[32mMercado Pago configurado com sucesso (SDK v2) - Modo Teste\u001b[39m","timestamp":"2026-03-14 22:17:48:1748"}
{"environment":"development","level":"\u001b[32minfo\u001b[39m","message":"\u001b[32mSORED Backend iniciado\u001b[39m","port":"3001","timestamp":"2026-03-14 22:17:50:1750"}
{"level":"\u001b[32minfo\u001b[39m","message":"\u001b[32mMongoDB conectado com sucesso\u001b[39m","timestamp":"2026-03-14 22:17:50:1750","uri":"mongodb://localhost:27017/sored"}
{"level":"\u001b[32minfo\u001b[39m","message":"\u001b[32mObtendo QR Code PIX\u001b[39m","paymentId":"test_pix_123","timestamp":"2026-03-14 22:18:06:186"}
{"error":"Si quieres conocer los recursos de la API que se encuentran disponibles visita el Sitio de Desarrolladores de MercadoLibre (https://developers.mercadopago.com)","level":"\u001b[31merror\u001b[39m","message":"\u001b[31mErro ao obter QR Code PIX\u001b[39m","paymentId":"test_pix_123","timestamp":"2026-03-14 22:18:08:188"}
{"level":"\u001b[33mwarn\u001b[39m","message":"\u001b[33mUsando fallback simulado para QR Code PIX (teste)\u001b[39m","timestamp":"2026-03-14 22:18:08:188"}
{"level":"\u001b[32minfo\u001b[39m","message":"\u001b[32mQR Code PIX obtido com sucesso\u001b[39m","paymentId":"test_pix_123","timestamp":"2026-03-14 22:18:08:188"}
{"duration":"2671ms","ip":"::1","level":"\u001b[35mhttp\u001b[39m","message":"\u001b[35mHTTP Request\u001b[39m","method":"GET","status":200,"timestamp":"2026-03-14 22:18:08:188","url":"/pix/qrcode/test_pix_123","userAgent":"curl/8.18.0"}
{"duration":"17ms","ip":"::ffff:127.0.0.1","level":"\u001b[35mhttp\u001b[39m","message":"\u001b[35mHTTP Request\u001b[39m","method":"GET","status":304,"timestamp":"2026-03-14 22:18:55:1855","url":"/plans","userAgent":"Mozilla/5.0 (Windows NT 10.0; Win64; x64; rv:148.0) Gecko/20100101 Firefox/148.0"}
{"duration":"4ms","ip":"::1","level":"\u001b[35mhttp\u001b[39m","message":"\u001b[35mHTTP Request\u001b[39m","method":"GET","status":200,"timestamp":"2026-03-14 22:19:02:192","url":"/public-key","userAgent":"curl/8.18.0"}
{"duration":"2ms","ip":"::ffff:127.0.0.1","level":"\u001b[35mhttp\u001b[39m","message":"\u001b[35mHTTP Request\u001b[39m","method":"GET","status":200,"timestamp":"2026-03-14 22:19:54:1954","url":"/public-key","userAgent":"Mozilla/5.0 (Windows NT 10.0; Win64; x64; rv:148.0) Gecko/20100101 Firefox/148.0"}
{"duration":"3ms","ip":"::ffff:127.0.0.1","level":"\u001b[35mhttp\u001b[39m","message":"\u001b[35mHTTP Request\u001b[39m","method":"GET","status":200,"timestamp":"2026-03-14 22:19:54:1954","url":"/public-key","userAgent":"Mozilla/5.0 (Windows NT 10.0; Win64; x64; rv:148.0) Gecko/20100101 Firefox/148.0"}
{"amount":100,"description":"Plano Mensal - month","level":"\u001b[32minfo\u001b[39m","message":"\u001b[32mCreating checkout session with body:\u001b[39m","orderId":"plan_monthly_1773537626662","payerEmail":"gilmar40dutra@gmail.com","payerFirstName":"gilmar","payerLastName":"dutra","payerPhone":"54996767613","paymentMethod":"credit_card","resolvedReturnUrl":"http://localhost:3000/subscription?success=true","returnUrl":"http://localhost:3000/subscription?success=true","timestamp":"2026-03-14 22:20:26:2026"}
{"error":"invalid access token","level":"\u001b[31merror\u001b[39m","message":"\u001b[31mErro ao criar preferência de pagamento\u001b[39m","orderId":"plan_monthly_1773537626662","timestamp":"2026-03-14 22:20:29:2029"}
{"level":"\u001b[33mwarn\u001b[39m","message":"\u001b[33mUsando fallback simulado para desenvolvimento (teste)\u001b[39m","timestamp":"2026-03-14 22:20:29:2029"}
{"duration":"2640ms","ip":"::ffff:127.0.0.1","level":"\u001b[35mhttp\u001b[39m","message":"\u001b[35mHTTP Request\u001b[39m","method":"POST","status":200,"timestamp":"2026-03-14 22:20:29:2029","url":"/checkout","userAgent":"Mozilla/5.0 (Windows NT 10.0; Win64; x64; rv:148.0) Gecko/20100101 Firefox/148.0"}
{"level":"\u001b[32minfo\u001b[39m","message":"\u001b[32mMercado Pago configurado com sucesso (SDK v2)\u001b[39m","timestamp":"2026-03-14 22:33:04:334"}
{"environment":"development","level":"\u001b[32minfo\u001b[39m","message":"\u001b[32mSORED Backend iniciado\u001b[39m","port":"3001","timestamp":"2026-03-14 22:33:06:336"}
{"level":"\u001b[32minfo\u001b[39m","message":"\u001b[32mMongoDB conectado com sucesso\u001b[39m","timestamp":"2026-03-14 22:33:06:336","uri":"mongodb://localhost:27017/sored"}
{"duration":"15ms","ip":"::ffff:127.0.0.1","level":"\u001b[35mhttp\u001b[39m","message":"\u001b[35mHTTP Request\u001b[39m","method":"GET","status":304,"timestamp":"2026-03-14 22:34:12:3412","url":"/plans","userAgent":"Mozilla/5.0 (Windows NT 10.0; Win64; x64; rv:148.0) Gecko/20100101 Firefox/148.0"}
{"duration":"5ms","ip":"::ffff:127.0.0.1","level":"\u001b[35mhttp\u001b[39m","message":"\u001b[35mHTTP Request\u001b[39m","method":"GET","status":200,"timestamp":"2026-03-14 22:34:16:3416","url":"/public-key","userAgent":"Mozilla/5.0 (Windows NT 10.0; Win64; x64; rv:148.0) Gecko/20100101 Firefox/148.0"}
{"duration":"1ms","ip":"::ffff:127.0.0.1","level":"\u001b[35mhttp\u001b[39m","message":"\u001b[35mHTTP Request\u001b[39m","method":"GET","status":200,"timestamp":"2026-03-14 22:34:16:3416","url":"/public-key","userAgent":"Mozilla/5.0 (Windows NT 10.0; Win64; x64; rv:148.0) Gecko/20100101 Firefox/148.0"}
{"duration":"2ms","ip":"::1","level":"\u001b[35mhttp\u001b[39m","message":"\u001b[35mHTTP Request\u001b[39m","method":"GET","status":200,"timestamp":"2026-03-14 22:34:23:3423","url":"/public-key","userAgent":"curl/8.18.0"}
{"amount":100,"description":"Plano Mensal - month","level":"\u001b[32minfo\u001b[39m","message":"\u001b[32mCreating checkout session with body:\u001b[39m","orderId":"plan_monthly_1773538486541","payerEmail":"gilmar40dutra@gmail.com","payerFirstName":"gilmar","payerLastName":"dutra","payerPhone":"54996767613","paymentMethod":"credit_card","resolvedReturnUrl":"http://localhost:3000/subscription?success=true","returnUrl":"http://localhost:3000/subscription?success=true","timestamp":"2026-03-14 22:34:46:3446"}
{"level":"\u001b[32minfo\u001b[39m","message":"\u001b[32mIniciando criação de pagamento PIX\u001b[39m","timestamp":"2026-03-14 22:34:49:3449"}
{"amount":10,"level":"\u001b[32minfo\u001b[39m","message":"\u001b[32mDados do pagamento PIX\u001b[39m","orderId":"test123","payerEmail":"test@example.com","timestamp":"2026-03-14 22:34:49:3449"}
{"error":"invalid access token","level":"\u001b[31merror\u001b[39m","message":"\u001b[31mErro ao criar preferência de pagamento\u001b[39m","orderId":"plan_monthly_1773538486541","timestamp":"2026-03-14 22:34:50:3450"}
{"error":"invalid access token","level":"\u001b[31merror\u001b[39m","message":"\u001b[31mErro ao criar sessão de checkout\u001b[39m","timestamp":"2026-03-14 22:34:50:3450"}
{"duration":"3391ms","ip":"::ffff:127.0.0.1","level":"\u001b[35mhttp\u001b[39m","message":"\u001b[35mHTTP Request\u001b[39m","method":"POST","status":500,"timestamp":"2026-03-14 22:34:50:3450","url":"/checkout","userAgent":"Mozilla/5.0 (Windows NT 10.0; Win64; x64; rv:148.0) Gecko/20100101 Firefox/148.0"}
{"error":"invalid access token","level":"\u001b[31merror\u001b[39m","message":"\u001b[31mErro ao criar pagamento PIX\u001b[39m","orderId":"test123","timestamp":"2026-03-14 22:34:52:3452"}
{"details":{"code":"unauthorized","message":"invalid access token"},"error":"invalid access token","level":"\u001b[31merror\u001b[39m","message":"\u001b[31mErro ao criar pagamento PIX\u001b[39m","timestamp":"2026-03-14 22:34:52:3452"}
{"duration":"2380ms","ip":"::1","level":"\u001b[35mhttp\u001b[39m","message":"\u001b[35mHTTP Request\u001b[39m","method":"POST","status":500,"timestamp":"2026-03-14 22:34:52:3452","url":"/pix/create","userAgent":"curl/8.18.0"}
{"level":"\u001b[32minfo\u001b[39m","message":"\u001b[32mMercado Pago configurado com sucesso (SDK v2)\u001b[39m","timestamp":"2026-03-14 22:36:42:3642"}
{"environment":"development","level":"\u001b[32minfo\u001b[39m","message":"\u001b[32mSORED Backend iniciado\u001b[39m","port":"3001","timestamp":"2026-03-14 22:36:45:3645"}
{"level":"\u001b[32minfo\u001b[39m","message":"\u001b[32mMongoDB conectado com sucesso\u001b[39m","timestamp":"2026-03-14 22:36:47:3647","uri":"mongodb://localhost:27017/sored"}
{"duration":"15ms","ip":"::ffff:127.0.0.1","level":"\u001b[35mhttp\u001b[39m","message":"\u001b[35mHTTP Request\u001b[39m","method":"GET","status":304,"timestamp":"2026-03-14 22:38:01:381","url":"/plans","userAgent":"Mozilla/5.0 (Windows NT 10.0; Win64; x64; rv:148.0) Gecko/20100101 Firefox/148.0"}
{"level":"\u001b[32minfo\u001b[39m","message":"\u001b[32mIniciando criação de pagamento PIX\u001b[39m","timestamp":"2026-03-14 22:38:06:386"}
{"amount":10,"level":"\u001b[32minfo\u001b[39m","message":"\u001b[32mDados do pagamento PIX\u001b[39m","orderId":"test123","payerEmail":"test@example.com","timestamp":"2026-03-14 22:38:06:386"}
{"error":"invalid access token","level":"\u001b[31merror\u001b[39m","message":"\u001b[31mErro ao criar pagamento PIX\u001b[39m","orderId":"test123","timestamp":"2026-03-14 22:38:08:388"}
{"details":{"code":"unauthorized","message":"invalid access token"},"error":"invalid access token","level":"\u001b[31merror\u001b[39m","message":"\u001b[31mErro ao criar pagamento PIX\u001b[39m","timestamp":"2026-03-14 22:38:08:388"}
{"duration":"2903ms","ip":"::1","level":"\u001b[35mhttp\u001b[39m","message":"\u001b[35mHTTP Request\u001b[39m","method":"POST","status":500,"timestamp":"2026-03-14 22:38:08:388","url":"/pix/create","userAgent":"curl/8.18.0"}
{"duration":"2ms","ip":"::ffff:127.0.0.1","level":"\u001b[35mhttp\u001b[39m","message":"\u001b[35mHTTP Request\u001b[39m","method":"GET","status":200,"timestamp":"2026-03-14 22:38:27:3827","url":"/public-key","userAgent":"Mozilla/5.0 (Windows NT 10.0; Win64; x64; rv:148.0) Gecko/20100101 Firefox/148.0"}
{"duration":"2ms","ip":"::ffff:127.0.0.1","level":"\u001b[35mhttp\u001b[39m","message":"\u001b[35mHTTP Request\u001b[39m","method":"GET","status":200,"timestamp":"2026-03-14 22:38:27:3827","url":"/public-key","userAgent":"Mozilla/5.0 (Windows NT 10.0; Win64; x64; rv:148.0) Gecko/20100101 Firefox/148.0"}
{"amount":100,"description":"Plano Mensal - month","level":"\u001b[32minfo\u001b[39m","message":"\u001b[32mCreating checkout session with body:\u001b[39m","orderId":"plan_monthly_1773538750644","payerEmail":"gilmar40dutra@gmail.com","payerFirstName":"gilmar","payerLastName":"dutra","payerPhone":"54996767613","paymentMethod":"credit_card","resolvedReturnUrl":"http://localhost:3000/subscription?success=true","returnUrl":"http://localhost:3000/subscription?success=true","timestamp":"2026-03-14 22:39:10:3910"}
{"error":"invalid access token","level":"\u001b[31merror\u001b[39m","message":"\u001b[31mErro ao criar preferência de pagamento\u001b[39m","orderId":"plan_monthly_1773538750644","timestamp":"2026-03-14 22:39:13:3913"}
{"error":"invalid access token","level":"\u001b[31merror\u001b[39m","message":"\u001b[31mErro ao criar sessão de checkout\u001b[39m","timestamp":"2026-03-14 22:39:13:3913"}
{"duration":"2621ms","ip":"::ffff:127.0.0.1","level":"\u001b[35mhttp\u001b[39m","message":"\u001b[35mHTTP Request\u001b[39m","method":"POST","status":500,"timestamp":"2026-03-14 22:39:13:3913","url":"/checkout","userAgent":"Mozilla/5.0 (Windows NT 10.0; Win64; x64; rv:148.0) Gecko/20100101 Firefox/148.0"}
{"level":"\u001b[32minfo\u001b[39m","message":"\u001b[32mMercado Pago configurado com sucesso (SDK v2)\u001b[39m","timestamp":"2026-03-14 22:41:52:4152"}
{"environment":"development","level":"\u001b[32minfo\u001b[39m","message":"\u001b[32mSORED Backend iniciado\u001b[39m","port":"3001","timestamp":"2026-03-14 22:41:54:4154"}
{"level":"\u001b[32minfo\u001b[39m","message":"\u001b[32mMongoDB conectado com sucesso\u001b[39m","timestamp":"2026-03-14 22:41:54:4154","uri":"mongodb://localhost:27017/sored"}
{"level":"\u001b[32minfo\u001b[39m","message":"\u001b[32mIniciando criação de pagamento PIX\u001b[39m","timestamp":"2026-03-14 22:42:15:4215"}
{"amount":10,"level":"\u001b[32minfo\u001b[39m","message":"\u001b[32mDados do pagamento PIX\u001b[39m","orderId":"test123","payerEmail":"test@example.com","timestamp":"2026-03-14 22:42:15:4215"}
{"error":"invalid access token","level":"\u001b[31merror\u001b[39m","message":"\u001b[31mErro ao criar pagamento PIX\u001b[39m","orderId":"test123","timestamp":"2026-03-14 22:42:18:4218"}
{"level":"\u001b[33mwarn\u001b[39m","message":"\u001b[33mUsando fallback simulado para desenvolvimento\u001b[39m","timestamp":"2026-03-14 22:42:18:4218"}
{"level":"\u001b[32minfo\u001b[39m","message":"\u001b[32mPagamento PIX criado com sucesso\u001b[39m","paymentId":"test_pix_1773538938039","timestamp":"2026-03-14 22:42:18:4218"}
{"level":"\u001b[32minfo\u001b[39m","message":"\u001b[32mPagamento interno criado para rastreamento\u001b[39m","paymentId":"69b60e7a64d8e5514fd1d419","preferenceId":"test_pix_1773538938039","timestamp":"2026-03-14 22:42:18:4218"}
{"level":"\u001b[32minfo\u001b[39m","message":"\u001b[32mPagamento interno criado\u001b[39m","paymentId":"69b60e7a64d8e5514fd1d419","timestamp":"2026-03-14 22:42:18:4218"}
{"isTest":true,"level":"\u001b[32minfo\u001b[39m","message":"\u001b[32mPagamento PIX processado com sucesso\u001b[39m","paymentId":"test_pix_1773538938039","status":"pending","timestamp":"2026-03-14 22:42:18:4218"}
{"dateOfExpiration":"2026-03-15T02:12:18.039Z","level":"\u001b[32minfo\u001b[39m","message":"\u001b[32mEnviando resposta PIX\u001b[39m","paymentId":"test_pix_1773538938039","status":"pending","timestamp":"2026-03-14 22:42:18:4218","transactionAmount":10}
{"duration":"2797ms","ip":"::1","level":"\u001b[35mhttp\u001b[39m","message":"\u001b[35mHTTP Request\u001b[39m","method":"POST","status":200,"timestamp":"2026-03-14 22:42:18:4218","url":"/pix/create","userAgent":"curl/8.18.0"}
{"level":"\u001b[32minfo\u001b[39m","message":"\u001b[32mObtendo QR Code PIX\u001b[39m","paymentId":"test_pix_1773538938039","timestamp":"2026-03-14 22:42:45:4245"}
{"error":"Si quieres conocer los recursos de la API que se encuentran disponibles visita el Sitio de Desarrolladores de MercadoLibre (https://developers.mercadopago.com)","level":"\u001b[31merror\u001b[39m","message":"\u001b[31mErro ao obter QR Code PIX\u001b[39m","paymentId":"test_pix_1773538938039","timestamp":"2026-03-14 22:42:47:4247"}
{"level":"\u001b[33mwarn\u001b[39m","message":"\u001b[33mUsando fallback simulado para QR Code PIX\u001b[39m","timestamp":"2026-03-14 22:42:47:4247"}
{"level":"\u001b[32minfo\u001b[39m","message":"\u001b[32mQR Code PIX obtido com sucesso\u001b[39m","paymentId":"test_pix_1773538938039","timestamp":"2026-03-14 22:42:47:4247"}
{"duration":"2654ms","ip":"::1","level":"\u001b[35mhttp\u001b[39m","message":"\u001b[35mHTTP Request\u001b[39m","method":"GET","status":200,"timestamp":"2026-03-14 22:42:47:4247","url":"/pix/qrcode/test_pix_1773538938039","userAgent":"curl/8.18.0"}
{"amount":50,"description":"Plano Premium Mensal","level":"\u001b[32minfo\u001b[39m","message":"\u001b[32mCreating checkout session with body:\u001b[39m","orderId":"test_credit_123","payerEmail":"test@example.com","payerFirstName":"Test","payerLastName":"User","payerPhone":"11999999999","paymentMethod":"credit_card","resolvedReturnUrl":"http://localhost:3000/subscription?success=true","returnUrl":"http://localhost:3000/subscription?success=true","timestamp":"2026-03-14 22:43:07:437"}
{"error":"invalid access token","level":"\u001b[31merror\u001b[39m","message":"\u001b[31mErro ao criar preferência de pagamento\u001b[39m","orderId":"test_credit_123","timestamp":"2026-03-14 22:43:10:4310"}
{"level":"\u001b[33mwarn\u001b[39m","message":"\u001b[33mUsando fallback simulado para desenvolvimento\u001b[39m","timestamp":"2026-03-14 22:43:10:4310"}
{"level":"\u001b[32minfo\u001b[39m","message":"\u001b[32mPagamento interno criado para rastreamento\u001b[39m","paymentId":"69b60eae64d8e5514fd1d41b","preferenceId":"test_pref_1773538990112","timestamp":"2026-03-14 22:43:10:4310"}
{"duration":"2701ms","ip":"::1","level":"\u001b[35mhttp\u001b[39m","message":"\u001b[35mHTTP Request\u001b[39m","method":"POST","status":200,"timestamp":"2026-03-14 22:43:10:4310","url":"/checkout","userAgent":"curl/8.18.0"}
{"level":"\u001b[32minfo\u001b[39m","message":"\u001b[32mHealth check hit\u001b[39m","timestamp":"2026-03-14 22:44:43:4443"}
{"duration":"11ms","ip":"::1","level":"\u001b[35mhttp\u001b[39m","message":"\u001b[35mHTTP Request\u001b[39m","method":"GET","status":200,"timestamp":"2026-03-14 22:44:43:4443","url":"/api/health","userAgent":"curl/8.18.0"}
{"duration":"2691ms","ip":"::ffff:127.0.0.1","level":"\u001b[35mhttp\u001b[39m","message":"\u001b[35mHTTP Request\u001b[39m","method":"GET","status":304,"timestamp":"2026-03-14 22:46:29:4629","url":"/plans","userAgent":"Mozilla/5.0 (Windows NT 10.0; Win64; x64; rv:148.0) Gecko/20100101 Firefox/148.0"}
{"level":"\u001b[32minfo\u001b[39m","message":"\u001b[32mMercado Pago configurado com sucesso (SDK v2)\u001b[39m","timestamp":"2026-03-14 22:54:45:5445"}
{"environment":"development","level":"\u001b[32minfo\u001b[39m","message":"\u001b[32mSORED Backend iniciado\u001b[39m","port":"3001","timestamp":"2026-03-14 22:54:48:5448"}
{"level":"\u001b[32minfo\u001b[39m","message":"\u001b[32mMongoDB conectado com sucesso\u001b[39m","timestamp":"2026-03-14 22:54:48:5448","uri":"mongodb://localhost:27017/sored"}
{"level":"\u001b[32minfo\u001b[39m","message":"\u001b[32mMercado Pago configurado com sucesso (SDK v2)\u001b[39m","timestamp":"2026-03-14 22:56:51:5651"}
{"environment":"development","level":"\u001b[32minfo\u001b[39m","message":"\u001b[32mSORED Backend iniciado\u001b[39m","port":"3001","timestamp":"2026-03-14 22:56:54:5654"}
{"level":"\u001b[32minfo\u001b[39m","message":"\u001b[32mMongoDB conectado com sucesso\u001b[39m","timestamp":"2026-03-14 22:56:55:5655","uri":"mongodb://localhost:27017/sored"}
{"level":"\u001b[32minfo\u001b[39m","message":"\u001b[32mMercado Pago configurado com sucesso (SDK v2)\u001b[39m","timestamp":"2026-03-14 23:00:47:047"}
{"environment":"development","level":"\u001b[32minfo\u001b[39m","message":"\u001b[32mSORED Backend iniciado\u001b[39m","port":"3001","timestamp":"2026-03-14 23:00:50:050"}
{"level":"\u001b[32minfo\u001b[39m","message":"\u001b[32mMongoDB conectado com sucesso\u001b[39m","timestamp":"2026-03-14 23:00:50:050","uri":"mongodb://localhost:27017/sored"}
{"level":"\u001b[32minfo\u001b[39m","message":"\u001b[32mMercado Pago configurado com sucesso (SDK v2)\u001b[39m","timestamp":"2026-03-14 23:02:57:257"}
{"environment":"development","level":"\u001b[32minfo\u001b[39m","message":"\u001b[32mSORED Backend iniciado\u001b[39m","port":"3001","timestamp":"2026-03-14 23:02:59:259"}
{"level":"\u001b[32minfo\u001b[39m","message":"\u001b[32mMongoDB conectado com sucesso\u001b[39m","timestamp":"2026-03-14 23:03:00:30","uri":"mongodb://localhost:27017/sored"}
{"level":"\u001b[32minfo\u001b[39m","message":"\u001b[32mMercado Pago configurado com sucesso (SDK v2)\u001b[39m","timestamp":"2026-03-14 23:04:45:445"}
{"environment":"development","level":"\u001b[32minfo\u001b[39m","message":"\u001b[32mSORED Backend iniciado\u001b[39m","port":"3001","timestamp":"2026-03-14 23:04:48:448"}
{"level":"\u001b[32minfo\u001b[39m","message":"\u001b[32mMongoDB conectado com sucesso\u001b[39m","timestamp":"2026-03-14 23:04:48:448","uri":"mongodb://localhost:27017/sored"}
{"level":"\u001b[32minfo\u001b[39m","message":"\u001b[32mMercado Pago configurado com sucesso (SDK v2)\u001b[39m","timestamp":"2026-03-14 23:07:04:74"}
{"environment":"development","level":"\u001b[32minfo\u001b[39m","message":"\u001b[32mSORED Backend iniciado\u001b[39m","port":"3001","timestamp":"2026-03-14 23:07:08:78"}
{"level":"\u001b[32minfo\u001b[39m","message":"\u001b[32mMongoDB conectado com sucesso\u001b[39m","timestamp":"2026-03-14 23:07:08:78","uri":"mongodb://localhost:27017/sored"}
{"level":"\u001b[32minfo\u001b[39m","message":"\u001b[32mMercado Pago configurado com sucesso (SDK v2)\u001b[39m","timestamp":"2026-03-14 23:08:34:834"}
{"environment":"development","level":"\u001b[32minfo\u001b[39m","message":"\u001b[32mSORED Backend iniciado\u001b[39m","port":"3001","timestamp":"2026-03-14 23:08:39:839"}
{"level":"\u001b[32minfo\u001b[39m","message":"\u001b[32mMongoDB conectado com sucesso\u001b[39m","timestamp":"2026-03-14 23:08:39:839","uri":"mongodb://localhost:27017/sored"}
{"error":"Must provide your access_token to proceed","level":"\u001b[31merror\u001b[39m","message":"\u001b[31mErro ao criar pagamento PIX\u001b[39m","orderId":"test_123","statusCode":401,"timestamp":"2026-03-14 23:09:15:915"}
{"level":"\u001b[33mwarn\u001b[39m","message":"\u001b[33mUsando fallback simulado para desenvolvimento\u001b[39m","timestamp":"2026-03-14 23:09:15:915"}
{"error":"Must provide your access_token to proceed","level":"\u001b[31merror\u001b[39m","message":"\u001b[31mErro ao criar pagamento PIX\u001b[39m","orderId":"","statusCode":401,"timestamp":"2026-03-14 23:09:15:915"}
{"level":"\u001b[33mwarn\u001b[39m","message":"\u001b[33mUsando fallback simulado para desenvolvimento\u001b[39m","timestamp":"2026-03-14 23:09:15:915"}
{"error":"At least one policy returned UNAUTHORIZED.","level":"\u001b[31merror\u001b[39m","message":"\u001b[31mErro ao criar preferência Mercado Pago\u001b[39m","timestamp":"2026-03-14 23:09:16:916"}
{"error":"Si quieres conocer los recursos de la API que se encuentran disponibles visita el Sitio de Desarrolladores de MercadoLibre (https://developers.mercadopago.com)","level":"\u001b[31merror\u001b[39m","message":"\u001b[31mErro ao obter QR Code PIX\u001b[39m","paymentId":"test_pix_123456789","timestamp":"2026-03-14 23:09:18:918"}
{"level":"\u001b[33mwarn\u001b[39m","message":"\u001b[33mUsando fallback simulado para QR Code PIX\u001b[39m","timestamp":"2026-03-14 23:09:18:918"}
{"error":"Si quieres conocer los recursos de la API que se encuentran disponibles visita el Sitio de Desarrolladores de MercadoLibre (https://developers.mercadopago.com)","level":"\u001b[31merror\u001b[39m","message":"\u001b[31mErro ao obter QR Code PIX\u001b[39m","paymentId":"nonexistent_payment","timestamp":"2026-03-14 23:09:21:921"}
{"level":"\u001b[33mwarn\u001b[39m","message":"\u001b[33mUsando fallback simulado para QR Code PIX\u001b[39m","timestamp":"2026-03-14 23:09:21:921"}
{"error":"Must provide your access_token to proceed","level":"\u001b[31merror\u001b[39m","message":"\u001b[31mErro ao criar pagamento PIX\u001b[39m","orderId":"test_validation_123","statusCode":401,"timestamp":"2026-03-14 23:09:21:921"}
{"level":"\u001b[33mwarn\u001b[39m","message":"\u001b[33mUsando fallback simulado para desenvolvimento\u001b[39m","timestamp":"2026-03-14 23:09:21:921"}
{"error":"Must provide your access_token to proceed","level":"\u001b[31merror\u001b[39m","message":"\u001b[31mErro ao criar pagamento PIX\u001b[39m","orderId":"test_amount_0.01","statusCode":401,"timestamp":"2026-03-14 23:09:21:921"}
{"level":"\u001b[33mwarn\u001b[39m","message":"\u001b[33mUsando fallback simulado para desenvolvimento\u001b[39m","timestamp":"2026-03-14 23:09:21:921"}
{"error":"Must provide your access_token to proceed","level":"\u001b[31merror\u001b[39m","message":"\u001b[31mErro ao criar pagamento PIX\u001b[39m","orderId":"test_amount_100","statusCode":401,"timestamp":"2026-03-14 23:09:21:921"}
{"level":"\u001b[33mwarn\u001b[39m","message":"\u001b[33mUsando fallback simulado para desenvolvimento\u001b[39m","timestamp":"2026-03-14 23:09:21:921"}
{"error":"Must provide your access_token to proceed","level":"\u001b[31merror\u001b[39m","message":"\u001b[31mErro ao criar pagamento PIX\u001b[39m","orderId":"test_amount_9999.99","statusCode":401,"timestamp":"2026-03-14 23:09:22:922"}
{"level":"\u001b[33mwarn\u001b[39m","message":"\u001b[33mUsando fallback simulado para desenvolvimento\u001b[39m","timestamp":"2026-03-14 23:09:22:922"}
{"duration":"141ms","ip":"::ffff:127.0.0.1","level":"\u001b[35mhttp\u001b[39m","message":"\u001b[35mHTTP Request\u001b[39m","method":"GET","status":304,"timestamp":"2026-03-14 23:24:27:2427","url":"/public-key","userAgent":"Mozilla/5.0 (Windows NT 10.0; Win64; x64; rv:148.0) Gecko/20100101 Firefox/148.0"}
{"duration":"6ms","ip":"::ffff:127.0.0.1","level":"\u001b[35mhttp\u001b[39m","message":"\u001b[35mHTTP Request\u001b[39m","method":"GET","status":304,"timestamp":"2026-03-14 23:24:27:2427","url":"/public-key","userAgent":"Mozilla/5.0 (Windows NT 10.0; Win64; x64; rv:148.0) Gecko/20100101 Firefox/148.0"}
{"level":"\u001b[32minfo\u001b[39m","message":"\u001b[32mIniciando criação de pagamento PIX\u001b[39m","timestamp":"2026-03-14 23:25:08:258"}
{"amount":100,"level":"\u001b[32minfo\u001b[39m","message":"\u001b[32mDados do pagamento PIX\u001b[39m","orderId":"plan_monthly_1773541508462","payerEmail":"gilmar40dutra@gmail.com","timestamp":"2026-03-14 23:25:08:258"}
{"error":"invalid access token","level":"\u001b[31merror\u001b[39m","message":"\u001b[31mErro ao criar pagamento PIX\u001b[39m","orderId":"plan_monthly_1773541508462","timestamp":"2026-03-14 23:25:11:2511"}
{"level":"\u001b[33mwarn\u001b[39m","message":"\u001b[33mUsando fallback simulado para desenvolvimento\u001b[39m","timestamp":"2026-03-14 23:25:11:2511"}
{"level":"\u001b[32minfo\u001b[39m","message":"\u001b[32mPagamento PIX criado com sucesso\u001b[39m","paymentId":"test_pix_1773541511821","timestamp":"2026-03-14 23:25:11:2511"}
{"level":"\u001b[32minfo\u001b[39m","message":"\u001b[32mPagamento interno criado para rastreamento\u001b[39m","paymentId":"69b618889d39a836c3033b69","preferenceId":"test_pix_1773541511821","timestamp":"2026-03-14 23:25:12:2512"}
{"level":"\u001b[32minfo\u001b[39m","message":"\u001b[32mPagamento interno criado\u001b[39m","paymentId":"69b618889d39a836c3033b69","timestamp":"2026-03-14 23:25:12:2512"}
{"isTest":true,"level":"\u001b[32minfo\u001b[39m","message":"\u001b[32mPagamento PIX processado com sucesso\u001b[39m","paymentId":"test_pix_1773541511821","status":"pending","timestamp":"2026-03-14 23:25:12:2512"}
{"dateOfExpiration":"2026-03-15T02:55:11.823Z","level":"\u001b[32minfo\u001b[39m","message":"\u001b[32mEnviando resposta PIX\u001b[39m","paymentId":"test_pix_1773541511821","status":"pending","timestamp":"2026-03-14 23:25:12:2512","transactionAmount":100}
{"duration":"3930ms","ip":"::ffff:127.0.0.1","level":"\u001b[35mhttp\u001b[39m","message":"\u001b[35mHTTP Request\u001b[39m","method":"POST","status":200,"timestamp":"2026-03-14 23:25:12:2512","url":"/pix/create","userAgent":"Mozilla/5.0 (Windows NT 10.0; Win64; x64; rv:148.0) Gecko/20100101 Firefox/148.0"}
{"level":"\u001b[32minfo\u001b[39m","message":"\u001b[32mObtendo QR Code PIX\u001b[39m","paymentId":"test_pix_1773541511821","timestamp":"2026-03-14 23:25:12:2512"}
{"error":"Si quieres conocer los recursos de la API que se encuentran disponibles visita el Sitio de Desarrolladores de MercadoLibre (https://developers.mercadopago.com)","level":"\u001b[31merror\u001b[39m","message":"\u001b[31mErro ao obter QR Code PIX\u001b[39m","paymentId":"test_pix_1773541511821","timestamp":"2026-03-14 23:25:15:2515"}
{"level":"\u001b[33mwarn\u001b[39m","message":"\u001b[33mUsando fallback simulado para QR Code PIX\u001b[39m","timestamp":"2026-03-14 23:25:15:2515"}
{"level":"\u001b[32minfo\u001b[39m","message":"\u001b[32mQR Code PIX obtido com sucesso\u001b[39m","paymentId":"test_pix_1773541511821","timestamp":"2026-03-14 23:25:15:2515"}
{"duration":"2347ms","ip":"::ffff:127.0.0.1","level":"\u001b[35mhttp\u001b[39m","message":"\u001b[35mHTTP Request\u001b[39m","method":"GET","status":200,"timestamp":"2026-03-14 23:25:15:2515","url":"/pix/qrcode/test_pix_1773541511821","userAgent":"Mozilla/5.0 (Windows NT 10.0; Win64; x64; rv:148.0) Gecko/20100101 Firefox/148.0"}
{"level":"\u001b[32minfo\u001b[39m","message":"\u001b[32mMercado Pago configurado com sucesso (SDK v2)\u001b[39m","timestamp":"2026-03-14 23:35:10:3510"}
{"environment":"development","level":"\u001b[32minfo\u001b[39m","message":"\u001b[32mSORED Backend iniciado\u001b[39m","port":"3001","timestamp":"2026-03-14 23:35:11:3511"}
{"level":"\u001b[32minfo\u001b[39m","message":"\u001b[32mMongoDB conectado com sucesso\u001b[39m","timestamp":"2026-03-14 23:35:11:3511","uri":"mongodb://localhost:27017/sored"}
{"level":"\u001b[32minfo\u001b[39m","message":"\u001b[32mMercado Pago configurado com sucesso (SDK v2)\u001b[39m","timestamp":"2026-03-14 23:36:26:3626"}
{"environment":"development","level":"\u001b[32minfo\u001b[39m","message":"\u001b[32mSORED Backend iniciado\u001b[39m","port":"3001","timestamp":"2026-03-14 23:36:27:3627"}
{"level":"\u001b[32minfo\u001b[39m","message":"\u001b[32mMongoDB conectado com sucesso\u001b[39m","timestamp":"2026-03-14 23:36:27:3627","uri":"mongodb://localhost:27017/sored"}
{"duration":"11ms","ip":"::ffff:127.0.0.1","level":"\u001b[35mhttp\u001b[39m","message":"\u001b[35mHTTP Request\u001b[39m","method":"GET","status":304,"timestamp":"2026-03-14 23:37:47:3747","url":"/plans","userAgent":"Mozilla/5.0 (Windows NT 10.0; Win64; x64; rv:148.0) Gecko/20100101 Firefox/148.0"}
{"level":"\u001b[32minfo\u001b[39m","message":"\u001b[32mHealth check hit\u001b[39m","timestamp":"2026-03-14 23:37:49:3749"}
{"duration":"16ms","ip":"::1","level":"\u001b[35mhttp\u001b[39m","message":"\u001b[35mHTTP Request\u001b[39m","method":"GET","status":200,"timestamp":"2026-03-14 23:37:49:3749","url":"/api/health","userAgent":"curl/8.18.0"}
{"duration":"4ms","ip":"::1","level":"\u001b[35mhttp\u001b[39m","message":"\u001b[35mHTTP Request\u001b[39m","method":"GET","status":200,"timestamp":"2026-03-14 23:38:10:3810","url":"/public-key","userAgent":"curl/8.18.0"}
{"duration":"2ms","ip":"::ffff:127.0.0.1","level":"\u001b[35mhttp\u001b[39m","message":"\u001b[35mHTTP Request\u001b[39m","method":"GET","status":200,"timestamp":"2026-03-14 23:38:49:3849","url":"/public-key","userAgent":"Mozilla/5.0 (Windows NT 10.0; Win64; x64; rv:148.0) Gecko/20100101 Firefox/148.0"}
{"duration":"2ms","ip":"::ffff:127.0.0.1","level":"\u001b[35mhttp\u001b[39m","message":"\u001b[35mHTTP Request\u001b[39m","method":"GET","status":200,"timestamp":"2026-03-14 23:38:49:3849","url":"/public-key","userAgent":"Mozilla/5.0 (Windows NT 10.0; Win64; x64; rv:148.0) Gecko/20100101 Firefox/148.0"}
{"level":"\u001b[32minfo\u001b[39m","message":"\u001b[32mIniciando criação de pagamento PIX\u001b[39m","timestamp":"2026-03-14 23:39:22:3922"}
{"amount":100,"level":"\u001b[32minfo\u001b[39m","message":"\u001b[32mDados do pagamento PIX\u001b[39m","orderId":"plan_monthly_1773542362399","payerEmail":"gilmar40dutra@gmail.com","timestamp":"2026-03-14 23:39:22:3922"}
{"level":"\u001b[32minfo\u001b[39m","message":"\u001b[32mPagamento PIX criado\u001b[39m","orderId":"plan_monthly_1773542362399","paymentId":149701281551,"timestamp":"2026-03-14 23:39:23:3923"}
{"level":"\u001b[32minfo\u001b[39m","message":"\u001b[32mPagamento PIX criado com sucesso\u001b[39m","paymentId":149701281551,"timestamp":"2026-03-14 23:39:23:3923"}
{"level":"\u001b[32minfo\u001b[39m","message":"\u001b[32mPagamento interno criado para rastreamento\u001b[39m","paymentId":"69b61bdb74a6bc382fbc9d2a","preferenceId":"149701281551","timestamp":"2026-03-14 23:39:23:3923"}
{"level":"\u001b[32minfo\u001b[39m","message":"\u001b[32mPagamento interno criado\u001b[39m","paymentId":"69b61bdb74a6bc382fbc9d2a","timestamp":"2026-03-14 23:39:23:3923"}
{"isTest":false,"level":"\u001b[32minfo\u001b[39m","message":"\u001b[32mPagamento PIX processado com sucesso\u001b[39m","paymentId":149701281551,"status":"pending","timestamp":"2026-03-14 23:39:23:3923"}
{"dateOfExpiration":"2026-03-15T22:39:23.206-04:00","level":"\u001b[32minfo\u001b[39m","message":"\u001b[32mEnviando resposta PIX\u001b[39m","paymentId":149701281551,"status":"pending","timestamp":"2026-03-14 23:39:23:3923","transactionAmount":100}
{"duration":"1397ms","ip":"::ffff:127.0.0.1","level":"\u001b[35mhttp\u001b[39m","message":"\u001b[35mHTTP Request\u001b[39m","method":"POST","status":200,"timestamp":"2026-03-14 23:39:23:3923","url":"/pix/create","userAgent":"Mozilla/5.0 (Windows NT 10.0; Win64; x64; rv:148.0) Gecko/20100101 Firefox/148.0"}
{"level":"\u001b[32minfo\u001b[39m","message":"\u001b[32mObtendo QR Code PIX\u001b[39m","paymentId":"149701281551","timestamp":"2026-03-14 23:39:23:3923"}
{"level":"\u001b[32minfo\u001b[39m","message":"\u001b[32mQR Code PIX obtido\u001b[39m","paymentId":"149701281551","timestamp":"2026-03-14 23:39:24:3924"}
{"level":"\u001b[32minfo\u001b[39m","message":"\u001b[32mQR Code PIX obtido com sucesso\u001b[39m","paymentId":"149701281551","timestamp":"2026-03-14 23:39:24:3924"}
{"duration":"211ms","ip":"::ffff:127.0.0.1","level":"\u001b[35mhttp\u001b[39m","message":"\u001b[35mHTTP Request\u001b[39m","method":"GET","status":200,"timestamp":"2026-03-14 23:39:24:3924","url":"/pix/qrcode/149701281551","userAgent":"Mozilla/5.0 (Windows NT 10.0; Win64; x64; rv:148.0) Gecko/20100101 Firefox/148.0"}
{"amount":100,"description":"Plano Mensal - month","level":"\u001b[32minfo\u001b[39m","message":"\u001b[32mCreating checkout session with body:\u001b[39m","orderId":"plan_monthly_1773542404776","payerEmail":"gilmar40dutra@gmail.com","payerFirstName":"gilmar","payerLastName":"dutra","payerPhone":"54996767613","paymentMethod":"credit_card","resolvedReturnUrl":"http://localhost:3000/subscription?success=true","returnUrl":"http://localhost:3000/subscription?success=true","timestamp":"2026-03-14 23:40:04:404"}
{"level":"\u001b[32minfo\u001b[39m","message":"\u001b[32mPreferência de pagamento criada\u001b[39m","orderId":"plan_monthly_1773542404776","preferenceId":"194511733-1f7ff935-181e-4871-b1ad-b3bd50b24e47","timestamp":"2026-03-14 23:40:05:405"}
{"level":"\u001b[32minfo\u001b[39m","message":"\u001b[32mPagamento interno criado para rastreamento\u001b[39m","paymentId":"69b61c0574a6bc382fbc9d2c","preferenceId":"194511733-1f7ff935-181e-4871-b1ad-b3bd50b24e47","timestamp":"2026-03-14 23:40:05:405"}
{"duration":"697ms","ip":"::ffff:127.0.0.1","level":"\u001b[35mhttp\u001b[39m","message":"\u001b[35mHTTP Request\u001b[39m","method":"POST","status":200,"timestamp":"2026-03-14 23:40:05:405","url":"/checkout","userAgent":"Mozilla/5.0 (Windows NT 10.0; Win64; x64; rv:148.0) Gecko/20100101 Firefox/148.0"}
{"level":"\u001b[32minfo\u001b[39m","message":"\u001b[32mMercado Pago configurado com sucesso (SDK v2)\u001b[39m","timestamp":"2026-03-14 23:42:46:4246"}
{"environment":"development","level":"\u001b[32minfo\u001b[39m","message":"\u001b[32mSORED Backend iniciado\u001b[39m","port":"3001","timestamp":"2026-03-14 23:42:48:4248"}
{"level":"\u001b[32minfo\u001b[39m","message":"\u001b[32mMongoDB conectado com sucesso\u001b[39m","timestamp":"2026-03-14 23:42:48:4248","uri":"mongodb://localhost:27017/sored"}
{"amount":50,"description":"Plano Premium Mensal","level":"\u001b[32minfo\u001b[39m","message":"\u001b[32mCreating checkout session with body:\u001b[39m","orderId":"test_credit_123","payerEmail":"test@example.com","payerFirstName":"Test","payerLastName":"User","payerPhone":"11999999999","paymentMethod":"credit_card","resolvedReturnUrl":"http://localhost:3000/subscription?success=true","returnUrl":"http://localhost:3000/subscription?success=true","timestamp":"2026-03-14 23:42:51:4251"}
{"level":"\u001b[32minfo\u001b[39m","message":"\u001b[32mPreferência de pagamento criada\u001b[39m","orderId":"test_credit_123","preferenceId":"194511733-35c4e3e8-4630-406a-bcae-8630f560b1b8","timestamp":"2026-03-14 23:42:52:4252"}
{"level":"\u001b[32minfo\u001b[39m","message":"\u001b[32mPagamento interno criado para rastreamento\u001b[39m","paymentId":"69b61cac1a53ae4dd1d7b19b","preferenceId":"194511733-35c4e3e8-4630-406a-bcae-8630f560b1b8","timestamp":"2026-03-14 23:42:52:4252"}
{"duration":"1009ms","ip":"::1","level":"\u001b[35mhttp\u001b[39m","message":"\u001b[35mHTTP Request\u001b[39m","method":"POST","status":200,"timestamp":"2026-03-14 23:42:52:4252","url":"/checkout","userAgent":"curl/8.18.0"}
{"duration":"6ms","ip":"::ffff:127.0.0.1","level":"\u001b[35mhttp\u001b[39m","message":"\u001b[35mHTTP Request\u001b[39m","method":"GET","status":304,"timestamp":"2026-03-14 23:44:44:4444","url":"/public-key","userAgent":"Mozilla/5.0 (Windows NT 10.0; Win64; x64; rv:148.0) Gecko/20100101 Firefox/148.0"}
{"duration":"1ms","ip":"::ffff:127.0.0.1","level":"\u001b[35mhttp\u001b[39m","message":"\u001b[35mHTTP Request\u001b[39m","method":"GET","status":304,"timestamp":"2026-03-14 23:44:44:4444","url":"/public-key","userAgent":"Mozilla/5.0 (Windows NT 10.0; Win64; x64; rv:148.0) Gecko/20100101 Firefox/148.0"}
{"duration":"5ms","ip":"::ffff:127.0.0.1","level":"\u001b[35mhttp\u001b[39m","message":"\u001b[35mHTTP Request\u001b[39m","method":"GET","status":304,"timestamp":"2026-03-14 23:44:55:4455","url":"/plans","userAgent":"Mozilla/5.0 (Windows NT 10.0; Win64; x64; rv:148.0) Gecko/20100101 Firefox/148.0"}
{"duration":"1ms","ip":"::ffff:127.0.0.1","level":"\u001b[35mhttp\u001b[39m","message":"\u001b[35mHTTP Request\u001b[39m","method":"GET","status":304,"timestamp":"2026-03-14 23:44:57:4457","url":"/public-key","userAgent":"Mozilla/5.0 (Windows NT 10.0; Win64; x64; rv:148.0) Gecko/20100101 Firefox/148.0"}
{"duration":"2ms","ip":"::ffff:127.0.0.1","level":"\u001b[35mhttp\u001b[39m","message":"\u001b[35mHTTP Request\u001b[39m","method":"GET","status":200,"timestamp":"2026-03-14 23:44:57:4457","url":"/public-key","userAgent":"Mozilla/5.0 (Windows NT 10.0; Win64; x64; rv:148.0) Gecko/20100101 Firefox/148.0"}
{"amount":100,"description":"Plano Mensal - month","level":"\u001b[32minfo\u001b[39m","message":"\u001b[32mCreating checkout session with body:\u001b[39m","orderId":"plan_monthly_1773542726736","payerEmail":"gilmar40dutra@gmail.com","payerFirstName":"gilmar","payerLastName":"dutra","payerPhone":"54996767613","paymentMethod":"credit_card","resolvedReturnUrl":"http://localhost:3000/subscription?success=true","returnUrl":"http://localhost:3000/subscription?success=true","timestamp":"2026-03-14 23:45:26:4526"}
{"level":"\u001b[32minfo\u001b[39m","message":"\u001b[32mPreferência de pagamento criada\u001b[39m","orderId":"plan_monthly_1773542726736","preferenceId":"194511733-e44061e6-cfbd-4e83-a0ad-eb9484383153","timestamp":"2026-03-14 23:45:27:4527"}
{"level":"\u001b[32minfo\u001b[39m","message":"\u001b[32mPagamento interno criado para rastreamento\u001b[39m","paymentId":"69b61d471a53ae4dd1d7b19d","preferenceId":"194511733-e44061e6-cfbd-4e83-a0ad-eb9484383153","timestamp":"2026-03-14 23:45:27:4527"}
{"duration":"692ms","ip":"::ffff:127.0.0.1","level":"\u001b[35mhttp\u001b[39m","message":"\u001b[35mHTTP Request\u001b[39m","method":"POST","status":200,"timestamp":"2026-03-14 23:45:27:4527","url":"/checkout","userAgent":"Mozilla/5.0 (Windows NT 10.0; Win64; x64; rv:148.0) Gecko/20100101 Firefox/148.0"}
{"amount":50,"description":"Teste debug","level":"\u001b[32minfo\u001b[39m","message":"\u001b[32mCreating checkout session with body:\u001b[39m","orderId":"test_debug_123","payerEmail":"debug@test.com","payerFirstName":"Debug","payerLastName":"Test","payerPhone":"11999999999","paymentMethod":"credit_card","resolvedReturnUrl":"http://localhost:3000/subscription?success=true","returnUrl":"http://localhost:3000/subscription?success=true","timestamp":"2026-03-14 23:47:40:4740"}
{"level":"\u001b[32minfo\u001b[39m","message":"\u001b[32mPreferência de pagamento criada\u001b[39m","orderId":"test_debug_123","preferenceId":"194511733-9738c2fd-1273-459c-81e8-7c118b9102b9","timestamp":"2026-03-14 23:47:40:4740"}
{"level":"\u001b[32minfo\u001b[39m","message":"\u001b[32mPagamento interno criado para rastreamento\u001b[39m","paymentId":"69b61dcc1a53ae4dd1d7b19f","preferenceId":"194511733-9738c2fd-1273-459c-81e8-7c118b9102b9","timestamp":"2026-03-14 23:47:40:4740"}
{"duration":"647ms","ip":"::1","level":"\u001b[35mhttp\u001b[39m","message":"\u001b[35mHTTP Request\u001b[39m","method":"POST","status":200,"timestamp":"2026-03-14 23:47:40:4740","url":"/checkout","userAgent":"curl/8.18.0"}
{"level":"\u001b[32minfo\u001b[39m","message":"\u001b[32mMercado Pago configurado com sucesso (SDK v2)\u001b[39m","timestamp":"2026-03-14 23:49:05:495"}
{"environment":"development","level":"\u001b[32minfo\u001b[39m","message":"\u001b[32mSORED Backend iniciado\u001b[39m","port":"3001","timestamp":"2026-03-14 23:49:06:496"}
{"level":"\u001b[32minfo\u001b[39m","message":"\u001b[32mMongoDB conectado com sucesso\u001b[39m","timestamp":"2026-03-14 23:49:07:497","uri":"mongodb://localhost:27017/sored"}
{"amount":50,"description":"Teste pós correção","level":"\u001b[32minfo\u001b[39m","message":"\u001b[32mCreating checkout session with body:\u001b[39m","orderId":"test_fixed_123","payerEmail":"fixed@test.com","payerFirstName":"Fixed","payerLastName":"Test","payerPhone":"11999999999","paymentMethod":"credit_card","resolvedReturnUrl":"http://localhost:3000/subscription?success=true","returnUrl":"http://localhost:3000/subscription?success=true","timestamp":"2026-03-14 23:49:27:4927"}
{"error":"auto_return invalid. back_url.success must be defined","level":"\u001b[31merror\u001b[39m","message":"\u001b[31mErro ao criar preferência de pagamento\u001b[39m","orderId":"test_fixed_123","timestamp":"2026-03-14 23:49:28:4928"}
{"error":"auto_return invalid. back_url.success must be defined","level":"\u001b[31merror\u001b[39m","message":"\u001b[31mErro ao criar sessão de checkout\u001b[39m","timestamp":"2026-03-14 23:49:28:4928"}
{"duration":"587ms","ip":"::1","level":"\u001b[35mhttp\u001b[39m","message":"\u001b[35mHTTP Request\u001b[39m","method":"POST","status":500,"timestamp":"2026-03-14 23:49:28:4928","url":"/checkout","userAgent":"curl/8.18.0"}
{"level":"\u001b[32minfo\u001b[39m","message":"\u001b[32mMercado Pago configurado com sucesso (SDK v2)\u001b[39m","timestamp":"2026-03-14 23:50:15:5015"}
{"environment":"development","level":"\u001b[32minfo\u001b[39m","message":"\u001b[32mSORED Backend iniciado\u001b[39m","port":"3001","timestamp":"2026-03-14 23:50:16:5016"}
{"level":"\u001b[32minfo\u001b[39m","message":"\u001b[32mMongoDB conectado com sucesso\u001b[39m","timestamp":"2026-03-14 23:50:16:5016","uri":"mongodb://localhost:27017/sored"}
