{"level":"\u001b[33mwarn\u001b[39m","message":"\u001b[33mMERCADO_PAGO_ACCESS_TOKEN não configurado - Mercado Pago desativado\u001b[39m","timestamp":"2026-03-10 20:56:37:5637"}
{"level":"\u001b[32minfo\u001b[39m","message":"\u001b[32mSORED Backend iniciado\u001b[39m","port":3001,"timestamp":"2026-03-10 20:56:37:5637"}
{"level":"\u001b[32minfo\u001b[39m","message":"\u001b[32mMongoDB conectado com sucesso\u001b[39m","timestamp":"2026-03-10 20:56:37:5637","uri":"mongodb://localhost:27017/sored"}
{"duration":"22ms","ip":"::ffff:127.0.0.1","level":"\u001b[35mhttp\u001b[39m","message":"\u001b[35mHTTP Request\u001b[39m","method":"GET","status":401,"timestamp":"2026-03-10 21:10:13:1013","url":"/stats","userAgent":"Mozilla/5.0 (Windows NT 10.0; Win64; x64; rv:148.0) Gecko/20100101 Firefox/148.0"}
{"duration":"3ms","ip":"::ffff:127.0.0.1","level":"\u001b[35mhttp\u001b[39m","message":"\u001b[35mHTTP Request\u001b[39m","method":"GET","status":401,"timestamp":"2026-03-10 21:10:13:1013","url":"/stats","userAgent":"Mozilla/5.0 (Windows NT 10.0; Win64; x64; rv:148.0) Gecko/20100101 Firefox/148.0"}
{"duration":"3ms","ip":"::ffff:127.0.0.1","level":"\u001b[35mhttp\u001b[39m","message":"\u001b[35mHTTP Request\u001b[39m","method":"GET","status":401,"timestamp":"2026-03-10 21:10:17:1017","url":"/","userAgent":"Mozilla/5.0 (Windows NT 10.0; Win64; x64; rv:148.0) Gecko/20100101 Firefox/148.0"}
{"duration":"49ms","ip":"::ffff:127.0.0.1","level":"\u001b[35mhttp\u001b[39m","message":"\u001b[35mHTTP Request\u001b[39m","method":"POST","status":400,"timestamp":"2026-03-10 21:10:25:1025","url":"/login","userAgent":"Mozilla/5.0 (Windows NT 10.0; Win64; x64; rv:148.0) Gecko/20100101 Firefox/148.0"}
{"email":"gilmar42dutra@gmail.com","ip":"::ffff:127.0.0.1","level":"\u001b[32minfo\u001b[39m","message":"\u001b[32mTentativa de login\u001b[39m","timestamp":"2026-03-10 21:10:50:1050"}
{"email":"gilmar42dutra@gmail.com","found":true,"isActive":true,"level":"\u001b[37mdebug\u001b[39m","message":"\u001b[37mUsuário consultado\u001b[39m","timestamp":"2026-03-10 21:10:50:1050"}
{"email":"gilmar42dutra@gmail.com","level":"\u001b[32minfo\u001b[39m","message":"\u001b[32mLogin bem-sucedido\u001b[39m","timestamp":"2026-03-10 21:10:51:1051","userId":"69addb48fd1e8298518c43a0"}
{"duration":"1804ms","ip":"::ffff:127.0.0.1","level":"\u001b[35mhttp\u001b[39m","message":"\u001b[35mHTTP Request\u001b[39m","method":"POST","status":500,"timestamp":"2026-03-10 21:10:51:1051","url":"/login","userAgent":"Mozilla/5.0 (Windows NT 10.0; Win64; x64; rv:148.0) Gecko/20100101 Firefox/148.0"}
{"email":"gilmar42dutra@gmail.com","ip":"::ffff:127.0.0.1","level":"\u001b[32minfo\u001b[39m","message":"\u001b[32mTentativa de login\u001b[39m","timestamp":"2026-03-10 21:14:03:143"}
{"email":"gilmar42dutra@gmail.com","found":true,"isActive":true,"level":"\u001b[37mdebug\u001b[39m","message":"\u001b[37mUsuário consultado\u001b[39m","timestamp":"2026-03-10 21:14:03:143"}
{"email":"gilmar42dutra@gmail.com","level":"\u001b[32minfo\u001b[39m","message":"\u001b[32mLogin bem-sucedido\u001b[39m","timestamp":"2026-03-10 21:14:04:144","userId":"69addb48fd1e8298518c43a0"}
{"duration":"742ms","ip":"::ffff:127.0.0.1","level":"\u001b[35mhttp\u001b[39m","message":"\u001b[35mHTTP Request\u001b[39m","method":"POST","status":500,"timestamp":"2026-03-10 21:14:04:144","url":"/login","userAgent":"Mozilla/5.0 (Windows NT 10.0; Win64; x64; rv:148.0) Gecko/20100101 Firefox/148.0"}
{"duration":"3ms","ip":"::ffff:127.0.0.1","level":"\u001b[35mhttp\u001b[39m","message":"\u001b[35mHTTP Request\u001b[39m","method":"GET","status":401,"timestamp":"2026-03-10 21:14:21:1421","url":"/stats","userAgent":"Mozilla/5.0 (Windows NT 10.0; Win64; x64; rv:148.0) Gecko/20100101 Firefox/148.0"}
{"duration":"2ms","ip":"::ffff:127.0.0.1","level":"\u001b[35mhttp\u001b[39m","message":"\u001b[35mHTTP Request\u001b[39m","method":"GET","status":401,"timestamp":"2026-03-10 21:14:25:1425","url":"/stats","userAgent":"Mozilla/5.0 (Windows NT 10.0; Win64; x64; rv:148.0) Gecko/20100101 Firefox/148.0"}
{"level":"\u001b[32minfo\u001b[39m","message":"\u001b[32mMongoDB desconectado\u001b[39m","timestamp":"2026-03-10 21:34:39:3439"}
{"level":"\u001b[33mwarn\u001b[39m","message":"\u001b[33mMERCADO_PAGO_ACCESS_TOKEN não configurado - Mercado Pago desativado\u001b[39m","timestamp":"2026-03-10 21:59:30:5930"}
{"level":"\u001b[32minfo\u001b[39m","message":"\u001b[32mSORED Backend iniciado\u001b[39m","port":3001,"timestamp":"2026-03-10 21:59:30:5930"}
{"level":"\u001b[32minfo\u001b[39m","message":"\u001b[32mMongoDB conectado com sucesso\u001b[39m","timestamp":"2026-03-10 21:59:30:5930","uri":"mongodb://localhost:27017/sored"}
{"duration":"11ms","ip":"::ffff:127.0.0.1","level":"\u001b[35mhttp\u001b[39m","message":"\u001b[35mHTTP Request\u001b[39m","method":"GET","status":401,"timestamp":"2026-03-10 22:02:13:213","url":"/","userAgent":"Mozilla/5.0 (Windows NT 10.0; Win64; x64; rv:148.0) Gecko/20100101 Firefox/148.0"}
{"duration":"3ms","ip":"::ffff:127.0.0.1","level":"\u001b[35mhttp\u001b[39m","message":"\u001b[35mHTTP Request\u001b[39m","method":"GET","status":401,"timestamp":"2026-03-10 22:02:13:213","url":"/","userAgent":"Mozilla/5.0 (Windows NT 10.0; Win64; x64; rv:148.0) Gecko/20100101 Firefox/148.0"}
{"duration":"2ms","ip":"::ffff:127.0.0.1","level":"\u001b[35mhttp\u001b[39m","message":"\u001b[35mHTTP Request\u001b[39m","method":"GET","status":401,"timestamp":"2026-03-10 22:02:22:222","url":"/","userAgent":"Mozilla/5.0 (Windows NT 10.0; Win64; x64; rv:148.0) Gecko/20100101 Firefox/148.0"}
{"duration":"2ms","ip":"::ffff:127.0.0.1","level":"\u001b[35mhttp\u001b[39m","message":"\u001b[35mHTTP Request\u001b[39m","method":"GET","status":401,"timestamp":"2026-03-10 22:02:25:225","url":"/","userAgent":"Mozilla/5.0 (Windows NT 10.0; Win64; x64; rv:148.0) Gecko/20100101 Firefox/148.0"}
{"duration":"1ms","ip":"::ffff:127.0.0.1","level":"\u001b[35mhttp\u001b[39m","message":"\u001b[35mHTTP Request\u001b[39m","method":"GET","status":401,"timestamp":"2026-03-10 22:02:28:228","url":"/","userAgent":"Mozilla/5.0 (Windows NT 10.0; Win64; x64; rv:148.0) Gecko/20100101 Firefox/148.0"}
{"duration":"1ms","ip":"::ffff:127.0.0.1","level":"\u001b[35mhttp\u001b[39m","message":"\u001b[35mHTTP Request\u001b[39m","method":"GET","status":401,"timestamp":"2026-03-10 22:02:32:232","url":"/","userAgent":"Mozilla/5.0 (Windows NT 10.0; Win64; x64; rv:148.0) Gecko/20100101 Firefox/148.0"}
{"email":"gilmar42dutra@gmail.com","ip":"::ffff:127.0.0.1","level":"\u001b[32minfo\u001b[39m","message":"\u001b[32mTentativa de login\u001b[39m","timestamp":"2026-03-10 22:02:57:257"}
{"email":"gilmar42dutra@gmail.com","found":true,"isActive":true,"level":"\u001b[37mdebug\u001b[39m","message":"\u001b[37mUsuário consultado\u001b[39m","timestamp":"2026-03-10 22:02:57:257"}
{"email":"gilmar42dutra@gmail.com","level":"\u001b[32minfo\u001b[39m","message":"\u001b[32mLogin bem-sucedido\u001b[39m","timestamp":"2026-03-10 22:02:57:257","userId":"69addb48fd1e8298518c43a0"}
{"duration":"804ms","ip":"::ffff:127.0.0.1","level":"\u001b[35mhttp\u001b[39m","message":"\u001b[35mHTTP Request\u001b[39m","method":"POST","status":500,"timestamp":"2026-03-10 22:02:57:257","url":"/login","userAgent":"Mozilla/5.0 (Windows NT 10.0; Win64; x64; rv:148.0) Gecko/20100101 Firefox/148.0"}
{"level":"\u001b[32minfo\u001b[39m","message":"\u001b[32mMongoDB desconectado\u001b[39m","timestamp":"2026-03-10 22:03:59:359"}
{"level":"\u001b[33mwarn\u001b[39m","message":"\u001b[33mMERCADO_PAGO_ACCESS_TOKEN não configurado - Mercado Pago desativado\u001b[39m","timestamp":"2026-03-10 22:05:30:530"}
{"level":"\u001b[32minfo\u001b[39m","message":"\u001b[32mSORED Backend iniciado\u001b[39m","port":3001,"timestamp":"2026-03-10 22:05:30:530"}
{"level":"\u001b[32minfo\u001b[39m","message":"\u001b[32mMongoDB conectado com sucesso\u001b[39m","timestamp":"2026-03-10 22:05:31:531","uri":"mongodb://localhost:27017/sored"}
{"level":"\u001b[32minfo\u001b[39m","message":"\u001b[32mMongoDB desconectado\u001b[39m","timestamp":"2026-03-10 22:06:21:621"}
{"level":"\u001b[33mwarn\u001b[39m","message":"\u001b[33mMERCADO_PAGO_ACCESS_TOKEN não configurado - Mercado Pago desativado\u001b[39m","timestamp":"2026-03-10 22:11:37:1137"}
{"level":"\u001b[32minfo\u001b[39m","message":"\u001b[32mSORED Backend iniciado\u001b[39m","port":3001,"timestamp":"2026-03-10 22:11:37:1137"}
{"level":"\u001b[32minfo\u001b[39m","message":"\u001b[32mMongoDB conectado com sucesso\u001b[39m","timestamp":"2026-03-10 22:11:37:1137","uri":"mongodb://localhost:27017/sored"}
{"error":"Cannot read properties of undefined (reading 'tenantId')","level":"\u001b[31merror\u001b[39m","message":"\u001b[31mErro ao verificar status da assinatura\u001b[39m","timestamp":"2026-03-10 22:13:22:1322"}
{"duration":"27ms","ip":"::1","level":"\u001b[35mhttp\u001b[39m","message":"\u001b[35mHTTP Request\u001b[39m","method":"GET","status":500,"timestamp":"2026-03-10 22:13:22:1322","url":"/status","userAgent":"Mozilla/5.0 (Windows NT 10.0; Win64; x64; rv:148.0) Gecko/20100101 Firefox/148.0"}
{"duration":"3ms","ip":"::1","level":"\u001b[35mhttp\u001b[39m","message":"\u001b[35mHTTP Request\u001b[39m","method":"GET","status":200,"timestamp":"2026-03-10 22:13:22:1322","url":"/plans","userAgent":"Mozilla/5.0 (Windows NT 10.0; Win64; x64; rv:148.0) Gecko/20100101 Firefox/148.0"}
{"duration":"2ms","ip":"::1","level":"\u001b[35mhttp\u001b[39m","message":"\u001b[35mHTTP Request\u001b[39m","method":"GET","status":304,"timestamp":"2026-03-10 22:13:22:1322","url":"/plans","userAgent":"Mozilla/5.0 (Windows NT 10.0; Win64; x64; rv:148.0) Gecko/20100101 Firefox/148.0"}
{"level":"\u001b[33mwarn\u001b[39m","message":"\u001b[33mMERCADO_PAGO_ACCESS_TOKEN não configurado - Mercado Pago desativado\u001b[39m","timestamp":"2026-03-10 22:13:58:1358"}
{"level":"\u001b[32minfo\u001b[39m","message":"\u001b[32mSORED Backend iniciado\u001b[39m","port":3001,"timestamp":"2026-03-10 22:13:58:1358"}
{"level":"\u001b[32minfo\u001b[39m","message":"\u001b[32mMongoDB conectado com sucesso\u001b[39m","timestamp":"2026-03-10 22:13:58:1358","uri":"mongodb://localhost:27017/sored"}
{"duration":"8ms","ip":"::1","level":"\u001b[35mhttp\u001b[39m","message":"\u001b[35mHTTP Request\u001b[39m","method":"GET","status":200,"timestamp":"2026-03-10 22:14:22:1422","url":"/plans","userAgent":"curl/8.18.0"}
{"duration":"1ms","ip":"::1","level":"\u001b[35mhttp\u001b[39m","message":"\u001b[35mHTTP Request\u001b[39m","method":"GET","status":200,"timestamp":"2026-03-10 22:14:30:1430","url":"/plans","userAgent":"curl/8.18.0"}
{"error":"Cannot read properties of undefined (reading 'tenantId')","level":"\u001b[31merror\u001b[39m","message":"\u001b[31mErro ao verificar status da assinatura\u001b[39m","timestamp":"2026-03-10 22:16:29:1629"}
{"duration":"3ms","ip":"::1","level":"\u001b[35mhttp\u001b[39m","message":"\u001b[35mHTTP Request\u001b[39m","method":"GET","status":500,"timestamp":"2026-03-10 22:16:29:1629","url":"/status","userAgent":"curl/8.18.0"}
{"error":"Cannot read properties of undefined (reading 'tenantId')","level":"\u001b[31merror\u001b[39m","message":"\u001b[31mErro ao verificar status da assinatura\u001b[39m","timestamp":"2026-03-10 22:17:34:1734"}
{"duration":"3ms","ip":"::1","level":"\u001b[35mhttp\u001b[39m","message":"\u001b[35mHTTP Request\u001b[39m","method":"GET","status":500,"timestamp":"2026-03-10 22:17:34:1734","url":"/status","userAgent":"curl/8.18.0"}
{"level":"\u001b[33mwarn\u001b[39m","message":"\u001b[33mMERCADO_PAGO_ACCESS_TOKEN não configurado - Mercado Pago desativado\u001b[39m","timestamp":"2026-03-10 22:18:07:187"}
{"level":"\u001b[32minfo\u001b[39m","message":"\u001b[32mSORED Backend iniciado\u001b[39m","port":3001,"timestamp":"2026-03-10 22:18:07:187"}
{"level":"\u001b[32minfo\u001b[39m","message":"\u001b[32mMongoDB conectado com sucesso\u001b[39m","timestamp":"2026-03-10 22:18:07:187","uri":"mongodb://localhost:27017/sored"}
{"error":"Cannot read properties of undefined (reading 'tenantId')","level":"\u001b[31merror\u001b[39m","message":"\u001b[31mErro ao verificar status da assinatura\u001b[39m","timestamp":"2026-03-10 22:18:42:1842"}
{"duration":"26ms","ip":"::1","level":"\u001b[35mhttp\u001b[39m","message":"\u001b[35mHTTP Request\u001b[39m","method":"GET","status":500,"timestamp":"2026-03-10 22:18:42:1842","url":"/status","userAgent":"Mozilla/5.0 (Windows NT 10.0; Win64; x64; rv:148.0) Gecko/20100101 Firefox/148.0"}
{"duration":"3ms","ip":"::1","level":"\u001b[35mhttp\u001b[39m","message":"\u001b[35mHTTP Request\u001b[39m","method":"GET","status":200,"timestamp":"2026-03-10 22:18:42:1842","url":"/plans","userAgent":"Mozilla/5.0 (Windows NT 10.0; Win64; x64; rv:148.0) Gecko/20100101 Firefox/148.0"}
{"duration":"2ms","ip":"::1","level":"\u001b[35mhttp\u001b[39m","message":"\u001b[35mHTTP Request\u001b[39m","method":"GET","status":200,"timestamp":"2026-03-10 22:18:42:1842","url":"/plans","userAgent":"Mozilla/5.0 (Windows NT 10.0; Win64; x64; rv:148.0) Gecko/20100101 Firefox/148.0"}
{"error":"Cannot read properties of undefined (reading 'tenantId')","level":"\u001b[31merror\u001b[39m","message":"\u001b[31mErro ao verificar status da assinatura\u001b[39m","timestamp":"2026-03-10 22:18:57:1857"}
{"duration":"3ms","ip":"::1","level":"\u001b[35mhttp\u001b[39m","message":"\u001b[35mHTTP Request\u001b[39m","method":"GET","status":500,"timestamp":"2026-03-10 22:18:57:1857","url":"/status","userAgent":"curl/8.18.0"}
{"error":"Cannot read properties of undefined (reading 'tenantId')","level":"\u001b[31merror\u001b[39m","message":"\u001b[31mErro ao verificar status da assinatura\u001b[39m","timestamp":"2026-03-10 22:19:14:1914"}
{"duration":"3ms","ip":"::1","level":"\u001b[35mhttp\u001b[39m","message":"\u001b[35mHTTP Request\u001b[39m","method":"GET","status":500,"timestamp":"2026-03-10 22:19:14:1914","url":"/status","userAgent":"curl/8.18.0"}
{"level":"\u001b[33mwarn\u001b[39m","message":"\u001b[33mMERCADO_PAGO_ACCESS_TOKEN não configurado - Mercado Pago desativado\u001b[39m","timestamp":"2026-03-10 22:20:00:200"}
{"level":"\u001b[32minfo\u001b[39m","message":"\u001b[32mSORED Backend iniciado\u001b[39m","port":3001,"timestamp":"2026-03-10 22:20:00:200"}
{"level":"\u001b[32minfo\u001b[39m","message":"\u001b[32mMongoDB conectado com sucesso\u001b[39m","timestamp":"2026-03-10 22:20:00:200","uri":"mongodb://localhost:27017/sored"}
{"duration":"7ms","ip":"::1","level":"\u001b[35mhttp\u001b[39m","message":"\u001b[35mHTTP Request\u001b[39m","method":"GET","status":200,"timestamp":"2026-03-10 22:20:25:2025","url":"/status","userAgent":"curl/8.18.0"}
{"duration":"2ms","ip":"::1","level":"\u001b[35mhttp\u001b[39m","message":"\u001b[35mHTTP Request\u001b[39m","method":"GET","status":200,"timestamp":"2026-03-10 22:20:59:2059","url":"/status","userAgent":"Mozilla/5.0 (Windows NT 10.0; Win64; x64; rv:148.0) Gecko/20100101 Firefox/148.0"}
{"duration":"2ms","ip":"::1","level":"\u001b[35mhttp\u001b[39m","message":"\u001b[35mHTTP Request\u001b[39m","method":"GET","status":304,"timestamp":"2026-03-10 22:20:59:2059","url":"/plans","userAgent":"Mozilla/5.0 (Windows NT 10.0; Win64; x64; rv:148.0) Gecko/20100101 Firefox/148.0"}
{"duration":"1ms","ip":"::1","level":"\u001b[35mhttp\u001b[39m","message":"\u001b[35mHTTP Request\u001b[39m","method":"GET","status":304,"timestamp":"2026-03-10 22:20:59:2059","url":"/plans","userAgent":"Mozilla/5.0 (Windows NT 10.0; Win64; x64; rv:148.0) Gecko/20100101 Firefox/148.0"}
{"duration":"1ms","ip":"::1","level":"\u001b[35mhttp\u001b[39m","message":"\u001b[35mHTTP Request\u001b[39m","method":"GET","status":200,"timestamp":"2026-03-10 22:21:08:218","url":"/status","userAgent":"curl/8.18.0"}
{"duration":"2ms","ip":"::1","level":"\u001b[35mhttp\u001b[39m","message":"\u001b[35mHTTP Request\u001b[39m","method":"GET","status":200,"timestamp":"2026-03-10 22:21:19:2119","url":"/plans","userAgent":"curl/8.18.0"}
{"duration":"1ms","ip":"::1","level":"\u001b[35mhttp\u001b[39m","message":"\u001b[35mHTTP Request\u001b[39m","method":"GET","status":200,"timestamp":"2026-03-10 22:22:01:221","url":"/status","userAgent":"Mozilla/5.0 (Windows NT 10.0; Win64; x64; rv:148.0) Gecko/20100101 Firefox/148.0"}
{"duration":"1ms","ip":"::1","level":"\u001b[35mhttp\u001b[39m","message":"\u001b[35mHTTP Request\u001b[39m","method":"GET","status":304,"timestamp":"2026-03-10 22:22:01:221","url":"/status","userAgent":"Mozilla/5.0 (Windows NT 10.0; Win64; x64; rv:148.0) Gecko/20100101 Firefox/148.0"}
{"duration":"1ms","ip":"::1","level":"\u001b[35mhttp\u001b[39m","message":"\u001b[35mHTTP Request\u001b[39m","method":"GET","status":200,"timestamp":"2026-03-10 22:22:01:221","url":"/plans","userAgent":"Mozilla/5.0 (Windows NT 10.0; Win64; x64; rv:148.0) Gecko/20100101 Firefox/148.0"}
{"duration":"2ms","ip":"::1","level":"\u001b[35mhttp\u001b[39m","message":"\u001b[35mHTTP Request\u001b[39m","method":"GET","status":304,"timestamp":"2026-03-10 22:22:01:221","url":"/plans","userAgent":"Mozilla/5.0 (Windows NT 10.0; Win64; x64; rv:148.0) Gecko/20100101 Firefox/148.0"}
{"duration":"2ms","ip":"::ffff:127.0.0.1","level":"\u001b[35mhttp\u001b[39m","message":"\u001b[35mHTTP Request\u001b[39m","method":"GET","status":401,"timestamp":"2026-03-10 22:22:06:226","url":"/stats","userAgent":"Mozilla/5.0 (Windows NT 10.0; Win64; x64; rv:148.0) Gecko/20100101 Firefox/148.0"}
{"duration":"5ms","ip":"::ffff:127.0.0.1","level":"\u001b[35mhttp\u001b[39m","message":"\u001b[35mHTTP Request\u001b[39m","method":"GET","status":401,"timestamp":"2026-03-10 22:22:06:226","url":"/stats","userAgent":"Mozilla/5.0 (Windows NT 10.0; Win64; x64; rv:148.0) Gecko/20100101 Firefox/148.0"}
{"duration":"1ms","ip":"::1","level":"\u001b[35mhttp\u001b[39m","message":"\u001b[35mHTTP Request\u001b[39m","method":"GET","status":304,"timestamp":"2026-03-10 22:22:11:2211","url":"/status","userAgent":"Mozilla/5.0 (Windows NT 10.0; Win64; x64; rv:148.0) Gecko/20100101 Firefox/148.0"}
{"duration":"1ms","ip":"::1","level":"\u001b[35mhttp\u001b[39m","message":"\u001b[35mHTTP Request\u001b[39m","method":"GET","status":304,"timestamp":"2026-03-10 22:22:11:2211","url":"/plans","userAgent":"Mozilla/5.0 (Windows NT 10.0; Win64; x64; rv:148.0) Gecko/20100101 Firefox/148.0"}
{"duration":"2ms","ip":"::1","level":"\u001b[35mhttp\u001b[39m","message":"\u001b[35mHTTP Request\u001b[39m","method":"GET","status":304,"timestamp":"2026-03-10 22:22:11:2211","url":"/plans","userAgent":"Mozilla/5.0 (Windows NT 10.0; Win64; x64; rv:148.0) Gecko/20100101 Firefox/148.0"}
{"duration":"2ms","ip":"::1","level":"\u001b[35mhttp\u001b[39m","message":"\u001b[35mHTTP Request\u001b[39m","method":"GET","status":304,"timestamp":"2026-03-10 22:25:27:2527","url":"/status","userAgent":"Mozilla/5.0 (Windows NT 10.0; Win64; x64; rv:148.0) Gecko/20100101 Firefox/148.0"}
{"duration":"1ms","ip":"::1","level":"\u001b[35mhttp\u001b[39m","message":"\u001b[35mHTTP Request\u001b[39m","method":"GET","status":304,"timestamp":"2026-03-10 22:25:27:2527","url":"/status","userAgent":"Mozilla/5.0 (Windows NT 10.0; Win64; x64; rv:148.0) Gecko/20100101 Firefox/148.0"}
{"duration":"1ms","ip":"::1","level":"\u001b[35mhttp\u001b[39m","message":"\u001b[35mHTTP Request\u001b[39m","method":"GET","status":304,"timestamp":"2026-03-10 22:25:27:2527","url":"/plans","userAgent":"Mozilla/5.0 (Windows NT 10.0; Win64; x64; rv:148.0) Gecko/20100101 Firefox/148.0"}
{"duration":"1ms","ip":"::1","level":"\u001b[35mhttp\u001b[39m","message":"\u001b[35mHTTP Request\u001b[39m","method":"GET","status":304,"timestamp":"2026-03-10 22:25:27:2527","url":"/plans","userAgent":"Mozilla/5.0 (Windows NT 10.0; Win64; x64; rv:148.0) Gecko/20100101 Firefox/148.0"}
{"duration":"1ms","ip":"::1","level":"\u001b[35mhttp\u001b[39m","message":"\u001b[35mHTTP Request\u001b[39m","method":"GET","status":304,"timestamp":"2026-03-10 22:25:33:2533","url":"/status","userAgent":"Mozilla/5.0 (Windows NT 10.0; Win64; x64; rv:148.0) Gecko/20100101 Firefox/148.0"}
{"duration":"1ms","ip":"::1","level":"\u001b[35mhttp\u001b[39m","message":"\u001b[35mHTTP Request\u001b[39m","method":"GET","status":304,"timestamp":"2026-03-10 22:25:33:2533","url":"/status","userAgent":"Mozilla/5.0 (Windows NT 10.0; Win64; x64; rv:148.0) Gecko/20100101 Firefox/148.0"}
{"duration":"1ms","ip":"::1","level":"\u001b[35mhttp\u001b[39m","message":"\u001b[35mHTTP Request\u001b[39m","method":"GET","status":304,"timestamp":"2026-03-10 22:25:33:2533","url":"/plans","userAgent":"Mozilla/5.0 (Windows NT 10.0; Win64; x64; rv:148.0) Gecko/20100101 Firefox/148.0"}
{"duration":"1ms","ip":"::1","level":"\u001b[35mhttp\u001b[39m","message":"\u001b[35mHTTP Request\u001b[39m","method":"GET","status":304,"timestamp":"2026-03-10 22:25:33:2533","url":"/plans","userAgent":"Mozilla/5.0 (Windows NT 10.0; Win64; x64; rv:148.0) Gecko/20100101 Firefox/148.0"}
{"duration":"2ms","ip":"::1","level":"\u001b[35mhttp\u001b[39m","message":"\u001b[35mHTTP Request\u001b[39m","method":"GET","status":200,"timestamp":"2026-03-10 22:26:28:2628","url":"/plans","userAgent":"curl/8.18.0"}
{"duration":"2ms","ip":"::1","level":"\u001b[35mhttp\u001b[39m","message":"\u001b[35mHTTP Request\u001b[39m","method":"GET","status":304,"timestamp":"2026-03-10 22:28:03:283","url":"/status","userAgent":"Mozilla/5.0 (Windows NT 10.0; Win64; x64; rv:148.0) Gecko/20100101 Firefox/148.0"}
{"duration":"1ms","ip":"::1","level":"\u001b[35mhttp\u001b[39m","message":"\u001b[35mHTTP Request\u001b[39m","method":"GET","status":304,"timestamp":"2026-03-10 22:28:03:283","url":"/status","userAgent":"Mozilla/5.0 (Windows NT 10.0; Win64; x64; rv:148.0) Gecko/20100101 Firefox/148.0"}
{"duration":"0ms","ip":"::1","level":"\u001b[35mhttp\u001b[39m","message":"\u001b[35mHTTP Request\u001b[39m","method":"GET","status":304,"timestamp":"2026-03-10 22:28:03:283","url":"/plans","userAgent":"Mozilla/5.0 (Windows NT 10.0; Win64; x64; rv:148.0) Gecko/20100101 Firefox/148.0"}
{"duration":"1ms","ip":"::1","level":"\u001b[35mhttp\u001b[39m","message":"\u001b[35mHTTP Request\u001b[39m","method":"GET","status":304,"timestamp":"2026-03-10 22:28:03:283","url":"/plans","userAgent":"Mozilla/5.0 (Windows NT 10.0; Win64; x64; rv:148.0) Gecko/20100101 Firefox/148.0"}
{"duration":"1ms","ip":"::1","level":"\u001b[35mhttp\u001b[39m","message":"\u001b[35mHTTP Request\u001b[39m","method":"GET","status":304,"timestamp":"2026-03-10 22:29:50:2950","url":"/status","userAgent":"Mozilla/5.0 (Windows NT 10.0; Win64; x64; rv:148.0) Gecko/20100101 Firefox/148.0"}
{"duration":"1ms","ip":"::1","level":"\u001b[35mhttp\u001b[39m","message":"\u001b[35mHTTP Request\u001b[39m","method":"GET","status":304,"timestamp":"2026-03-10 22:29:50:2950","url":"/status","userAgent":"Mozilla/5.0 (Windows NT 10.0; Win64; x64; rv:148.0) Gecko/20100101 Firefox/148.0"}
{"duration":"2ms","ip":"::1","level":"\u001b[35mhttp\u001b[39m","message":"\u001b[35mHTTP Request\u001b[39m","method":"GET","status":304,"timestamp":"2026-03-10 22:29:50:2950","url":"/plans","userAgent":"Mozilla/5.0 (Windows NT 10.0; Win64; x64; rv:148.0) Gecko/20100101 Firefox/148.0"}
{"duration":"1ms","ip":"::1","level":"\u001b[35mhttp\u001b[39m","message":"\u001b[35mHTTP Request\u001b[39m","method":"GET","status":304,"timestamp":"2026-03-10 22:29:50:2950","url":"/plans","userAgent":"Mozilla/5.0 (Windows NT 10.0; Win64; x64; rv:148.0) Gecko/20100101 Firefox/148.0"}
{"duration":"3ms","ip":"::1","level":"\u001b[35mhttp\u001b[39m","message":"\u001b[35mHTTP Request\u001b[39m","method":"GET","status":401,"timestamp":"2026-03-10 22:29:53:2953","url":"/public-key","userAgent":"Mozilla/5.0 (Windows NT 10.0; Win64; x64; rv:148.0) Gecko/20100101 Firefox/148.0"}
{"duration":"1ms","ip":"::1","level":"\u001b[35mhttp\u001b[39m","message":"\u001b[35mHTTP Request\u001b[39m","method":"GET","status":401,"timestamp":"2026-03-10 22:29:53:2953","url":"/public-key","userAgent":"Mozilla/5.0 (Windows NT 10.0; Win64; x64; rv:148.0) Gecko/20100101 Firefox/148.0"}
{"duration":"1ms","ip":"::1","level":"\u001b[35mhttp\u001b[39m","message":"\u001b[35mHTTP Request\u001b[39m","method":"GET","status":304,"timestamp":"2026-03-10 22:32:41:3241","url":"/plans","userAgent":"Mozilla/5.0 (Windows NT 10.0; Win64; x64; rv:148.0) Gecko/20100101 Firefox/148.0"}
{"duration":"2ms","ip":"::1","level":"\u001b[35mhttp\u001b[39m","message":"\u001b[35mHTTP Request\u001b[39m","method":"GET","status":304,"timestamp":"2026-03-10 22:33:38:3338","url":"/plans","userAgent":"Mozilla/5.0 (Windows NT 10.0; Win64; x64; rv:148.0) Gecko/20100101 Firefox/148.0"}
{"duration":"5ms","ip":"::1","level":"\u001b[35mhttp\u001b[39m","message":"\u001b[35mHTTP Request\u001b[39m","method":"GET","status":304,"timestamp":"2026-03-10 22:45:55:4555","url":"/plans","userAgent":"Mozilla/5.0 (Windows NT 10.0; Win64; x64; rv:148.0) Gecko/20100101 Firefox/148.0"}
{"duration":"1ms","ip":"::1","level":"\u001b[35mhttp\u001b[39m","message":"\u001b[35mHTTP Request\u001b[39m","method":"GET","status":304,"timestamp":"2026-03-10 22:50:33:5033","url":"/plans","userAgent":"Mozilla/5.0 (Windows NT 10.0; Win64; x64; rv:148.0) Gecko/20100101 Firefox/148.0"}
{"duration":"1ms","ip":"::1","level":"\u001b[35mhttp\u001b[39m","message":"\u001b[35mHTTP Request\u001b[39m","method":"GET","status":304,"timestamp":"2026-03-10 22:52:44:5244","url":"/plans","userAgent":"Mozilla/5.0 (Windows NT 10.0; Win64; x64; rv:148.0) Gecko/20100101 Firefox/148.0"}
{"duration":"2ms","ip":"::1","level":"\u001b[35mhttp\u001b[39m","message":"\u001b[35mHTTP Request\u001b[39m","method":"GET","status":200,"timestamp":"2026-03-10 22:57:43:5743","url":"/plans","userAgent":"Mozilla/5.0 (Windows NT 10.0; Win64; x64; rv:148.0) Gecko/20100101 Firefox/148.0"}
{"duration":"1ms","ip":"::1","level":"\u001b[35mhttp\u001b[39m","message":"\u001b[35mHTTP Request\u001b[39m","method":"GET","status":304,"timestamp":"2026-03-10 23:01:35:135","url":"/status","userAgent":"Mozilla/5.0 (Windows NT 10.0; Win64; x64; rv:148.0) Gecko/20100101 Firefox/148.0"}
{"duration":"0ms","ip":"::1","level":"\u001b[35mhttp\u001b[39m","message":"\u001b[35mHTTP Request\u001b[39m","method":"GET","status":304,"timestamp":"2026-03-10 23:01:35:135","url":"/status","userAgent":"Mozilla/5.0 (Windows NT 10.0; Win64; x64; rv:148.0) Gecko/20100101 Firefox/148.0"}
{"duration":"1ms","ip":"::1","level":"\u001b[35mhttp\u001b[39m","message":"\u001b[35mHTTP Request\u001b[39m","method":"GET","status":304,"timestamp":"2026-03-10 23:01:35:135","url":"/plans","userAgent":"Mozilla/5.0 (Windows NT 10.0; Win64; x64; rv:148.0) Gecko/20100101 Firefox/148.0"}
{"duration":"0ms","ip":"::1","level":"\u001b[35mhttp\u001b[39m","message":"\u001b[35mHTTP Request\u001b[39m","method":"GET","status":304,"timestamp":"2026-03-10 23:01:35:135","url":"/plans","userAgent":"Mozilla/5.0 (Windows NT 10.0; Win64; x64; rv:148.0) Gecko/20100101 Firefox/148.0"}
{"duration":"1ms","ip":"::1","level":"\u001b[35mhttp\u001b[39m","message":"\u001b[35mHTTP Request\u001b[39m","method":"GET","status":401,"timestamp":"2026-03-10 23:01:39:139","url":"/public-key","userAgent":"Mozilla/5.0 (Windows NT 10.0; Win64; x64; rv:148.0) Gecko/20100101 Firefox/148.0"}
{"duration":"1ms","ip":"::1","level":"\u001b[35mhttp\u001b[39m","message":"\u001b[35mHTTP Request\u001b[39m","method":"GET","status":401,"timestamp":"2026-03-10 23:01:39:139","url":"/public-key","userAgent":"Mozilla/5.0 (Windows NT 10.0; Win64; x64; rv:148.0) Gecko/20100101 Firefox/148.0"}
{"duration":"1ms","ip":"::1","level":"\u001b[35mhttp\u001b[39m","message":"\u001b[35mHTTP Request\u001b[39m","method":"GET","status":304,"timestamp":"2026-03-10 23:01:41:141","url":"/plans","userAgent":"Mozilla/5.0 (Windows NT 10.0; Win64; x64; rv:148.0) Gecko/20100101 Firefox/148.0"}
{"duration":"0ms","ip":"::1","level":"\u001b[35mhttp\u001b[39m","message":"\u001b[35mHTTP Request\u001b[39m","method":"GET","status":304,"timestamp":"2026-03-10 23:01:41:141","url":"/plans","userAgent":"Mozilla/5.0 (Windows NT 10.0; Win64; x64; rv:148.0) Gecko/20100101 Firefox/148.0"}
{"duration":"1ms","ip":"::1","level":"\u001b[35mhttp\u001b[39m","message":"\u001b[35mHTTP Request\u001b[39m","method":"GET","status":304,"timestamp":"2026-03-10 23:04:55:455","url":"/plans","userAgent":"Mozilla/5.0 (Windows NT 10.0; Win64; x64; rv:148.0) Gecko/20100101 Firefox/148.0"}
{"duration":"1ms","ip":"::1","level":"\u001b[35mhttp\u001b[39m","message":"\u001b[35mHTTP Request\u001b[39m","method":"GET","status":200,"timestamp":"2026-03-10 23:06:25:625","url":"/plans","userAgent":"curl/8.18.0"}
{"level":"\u001b[33mwarn\u001b[39m","message":"\u001b[33mMERCADO_PAGO_ACCESS_TOKEN não configurado - Mercado Pago desativado\u001b[39m","timestamp":"2026-03-10 23:07:12:712"}
{"level":"\u001b[32minfo\u001b[39m","message":"\u001b[32mSORED Backend iniciado\u001b[39m","port":3001,"timestamp":"2026-03-10 23:07:12:712"}
{"level":"\u001b[32minfo\u001b[39m","message":"\u001b[32mMongoDB conectado com sucesso\u001b[39m","timestamp":"2026-03-10 23:07:12:712","uri":"mongodb://localhost:27017/sored"}
{"duration":"7ms","ip":"::1","level":"\u001b[35mhttp\u001b[39m","message":"\u001b[35mHTTP Request\u001b[39m","method":"GET","status":200,"timestamp":"2026-03-10 23:07:22:722","url":"/plans","userAgent":"curl/8.18.0"}
{"level":"\u001b[33mwarn\u001b[39m","message":"\u001b[33mMERCADO_PAGO_ACCESS_TOKEN não configurado - Mercado Pago desativado\u001b[39m","timestamp":"2026-03-10 23:16:57:1657"}
{"level":"\u001b[32minfo\u001b[39m","message":"\u001b[32mSORED Backend iniciado\u001b[39m","port":3001,"timestamp":"2026-03-10 23:16:57:1657"}
{"level":"\u001b[32minfo\u001b[39m","message":"\u001b[32mMongoDB conectado com sucesso\u001b[39m","timestamp":"2026-03-10 23:16:57:1657","uri":"mongodb://localhost:27017/sored"}
{"duration":"11ms","ip":"::1","level":"\u001b[35mhttp\u001b[39m","message":"\u001b[35mHTTP Request\u001b[39m","method":"GET","status":200,"timestamp":"2026-03-10 23:17:41:1741","url":"/plans","userAgent":"curl/8.18.0"}
{"duration":"5ms","ip":"::1","level":"\u001b[35mhttp\u001b[39m","message":"\u001b[35mHTTP Request\u001b[39m","method":"GET","status":200,"timestamp":"2026-03-10 23:18:28:1828","url":"/plans","userAgent":"curl/8.18.0"}
{"level":"\u001b[33mwarn\u001b[39m","message":"\u001b[33mMERCADO_PAGO_ACCESS_TOKEN não configurado - Mercado Pago desativado\u001b[39m","timestamp":"2026-03-10 23:23:46:2346"}
{"level":"\u001b[32minfo\u001b[39m","message":"\u001b[32mSORED Backend iniciado\u001b[39m","port":3001,"timestamp":"2026-03-10 23:23:46:2346"}
{"level":"\u001b[32minfo\u001b[39m","message":"\u001b[32mMongoDB conectado com sucesso\u001b[39m","timestamp":"2026-03-10 23:23:46:2346","uri":"mongodb://localhost:27017/sored"}
{"duration":"10ms","ip":"::1","level":"\u001b[35mhttp\u001b[39m","message":"\u001b[35mHTTP Request\u001b[39m","method":"GET","status":200,"timestamp":"2026-03-10 23:23:59:2359","url":"/plans","userAgent":"curl/8.18.0"}
{"level":"\u001b[33mwarn\u001b[39m","message":"\u001b[33mMERCADO_PAGO_ACCESS_TOKEN não configurado - Mercado Pago desativado\u001b[39m","timestamp":"2026-03-10 23:26:37:2637"}
{"level":"\u001b[32minfo\u001b[39m","message":"\u001b[32mSORED Backend iniciado\u001b[39m","port":3001,"timestamp":"2026-03-10 23:26:38:2638"}
{"level":"\u001b[32minfo\u001b[39m","message":"\u001b[32mMongoDB conectado com sucesso\u001b[39m","timestamp":"2026-03-10 23:26:38:2638","uri":"mongodb://localhost:27017/sored"}
{"duration":"11ms","ip":"::1","level":"\u001b[35mhttp\u001b[39m","message":"\u001b[35mHTTP Request\u001b[39m","method":"GET","status":200,"timestamp":"2026-03-10 23:26:51:2651","url":"/plans","userAgent":"curl/8.18.0"}
