{"level":"\u001b[33mwarn\u001b[39m","message":"\u001b[33mMERCADO_PAGO_ACCESS_TOKEN não configurado - Mercado Pago desativado\u001b[39m","timestamp":"2026-03-11 00:01:54:154"}
{"level":"\u001b[32minfo\u001b[39m","message":"\u001b[32mSORED Backend iniciado\u001b[39m","port":3001,"timestamp":"2026-03-11 00:01:54:154"}
{"level":"\u001b[32minfo\u001b[39m","message":"\u001b[32mMongoDB conectado com sucesso\u001b[39m","timestamp":"2026-03-11 00:01:55:155","uri":"mongodb://localhost:27017/sored"}
{"duration":"15ms","ip":"::1","level":"\u001b[35mhttp\u001b[39m","message":"\u001b[35mHTTP Request\u001b[39m","method":"GET","status":200,"timestamp":"2026-03-11 00:02:10:210","url":"/plans","userAgent":"curl/8.18.0"}
{"duration":"3ms","ip":"::1","level":"\u001b[35mhttp\u001b[39m","message":"\u001b[35mHTTP Request\u001b[39m","method":"GET","status":200,"timestamp":"2026-03-11 00:02:22:222","url":"/plans","userAgent":"curl/8.18.0"}
{"duration":"2ms","ip":"::1","level":"\u001b[35mhttp\u001b[39m","message":"\u001b[35mHTTP Request\u001b[39m","method":"GET","status":200,"timestamp":"2026-03-11 00:02:47:247","url":"/plans","userAgent":"Mozilla/5.0 (Windows NT 10.0; Win64; x64; rv:148.0) Gecko/20100101 Firefox/148.0"}
{"duration":"3ms","ip":"::1","level":"\u001b[35mhttp\u001b[39m","message":"\u001b[35mHTTP Request\u001b[39m","method":"GET","status":401,"timestamp":"2026-03-11 00:02:56:256","url":"/public-key","userAgent":"Mozilla/5.0 (Windows NT 10.0; Win64; x64; rv:148.0) Gecko/20100101 Firefox/148.0"}
{"duration":"2ms","ip":"::1","level":"\u001b[35mhttp\u001b[39m","message":"\u001b[35mHTTP Request\u001b[39m","method":"GET","status":401,"timestamp":"2026-03-11 00:02:56:256","url":"/public-key","userAgent":"Mozilla/5.0 (Windows NT 10.0; Win64; x64; rv:148.0) Gecko/20100101 Firefox/148.0"}
{"duration":"1ms","ip":"::1","level":"\u001b[35mhttp\u001b[39m","message":"\u001b[35mHTTP Request\u001b[39m","method":"GET","status":401,"timestamp":"2026-03-11 00:05:14:514","url":"/public-key","userAgent":"Mozilla/5.0 (Windows NT 10.0; Win64; x64; rv:148.0) Gecko/20100101 Firefox/148.0"}
{"duration":"4ms","ip":"::1","level":"\u001b[35mhttp\u001b[39m","message":"\u001b[35mHTTP Request\u001b[39m","method":"GET","status":304,"timestamp":"2026-03-11 00:06:21:621","url":"/plans","userAgent":"Mozilla/5.0 (Windows NT 10.0; Win64; x64; rv:148.0) Gecko/20100101 Firefox/148.0"}
{"duration":"1ms","ip":"::1","level":"\u001b[35mhttp\u001b[39m","message":"\u001b[35mHTTP Request\u001b[39m","method":"GET","status":401,"timestamp":"2026-03-11 00:06:25:625","url":"/public-key","userAgent":"Mozilla/5.0 (Windows NT 10.0; Win64; x64; rv:148.0) Gecko/20100101 Firefox/148.0"}
{"duration":"2ms","ip":"::1","level":"\u001b[35mhttp\u001b[39m","message":"\u001b[35mHTTP Request\u001b[39m","method":"GET","status":401,"timestamp":"2026-03-11 00:06:25:625","url":"/public-key","userAgent":"Mozilla/5.0 (Windows NT 10.0; Win64; x64; rv:148.0) Gecko/20100101 Firefox/148.0"}
{"duration":"1ms","ip":"::1","level":"\u001b[35mhttp\u001b[39m","message":"\u001b[35mHTTP Request\u001b[39m","method":"GET","status":304,"timestamp":"2026-03-11 00:08:33:833","url":"/plans","userAgent":"Mozilla/5.0 (Windows NT 10.0; Win64; x64; rv:148.0) Gecko/20100101 Firefox/148.0"}
{"duration":"2ms","ip":"::1","level":"\u001b[35mhttp\u001b[39m","message":"\u001b[35mHTTP Request\u001b[39m","method":"GET","status":401,"timestamp":"2026-03-11 00:08:37:837","url":"/public-key","userAgent":"Mozilla/5.0 (Windows NT 10.0; Win64; x64; rv:148.0) Gecko/20100101 Firefox/148.0"}
{"duration":"2ms","ip":"::1","level":"\u001b[35mhttp\u001b[39m","message":"\u001b[35mHTTP Request\u001b[39m","method":"GET","status":401,"timestamp":"2026-03-11 00:08:37:837","url":"/public-key","userAgent":"Mozilla/5.0 (Windows NT 10.0; Win64; x64; rv:148.0) Gecko/20100101 Firefox/148.0"}
{"duration":"1ms","ip":"::1","level":"\u001b[35mhttp\u001b[39m","message":"\u001b[35mHTTP Request\u001b[39m","method":"GET","status":401,"timestamp":"2026-03-11 00:10:31:1031","url":"/public-key","userAgent":"curl/8.18.0"}
{"duration":"2ms","ip":"::1","level":"\u001b[35mhttp\u001b[39m","message":"\u001b[35mHTTP Request\u001b[39m","method":"GET","status":401,"timestamp":"2026-03-11 00:10:40:1040","url":"/public-key","userAgent":"curl/8.18.0"}
{"level":"\u001b[33mwarn\u001b[39m","message":"\u001b[33mMERCADO_PAGO_ACCESS_TOKEN não configurado - Mercado Pago desativado\u001b[39m","timestamp":"2026-03-11 00:12:30:1230"}
{"level":"\u001b[32minfo\u001b[39m","message":"\u001b[32mSORED Backend iniciado\u001b[39m","port":3001,"timestamp":"2026-03-11 00:12:30:1230"}
{"level":"\u001b[32minfo\u001b[39m","message":"\u001b[32mMongoDB conectado com sucesso\u001b[39m","timestamp":"2026-03-11 00:12:30:1230","uri":"mongodb://localhost:27017/sored"}
{"duration":"9ms","ip":"::1","level":"\u001b[35mhttp\u001b[39m","message":"\u001b[35mHTTP Request\u001b[39m","method":"GET","status":503,"timestamp":"2026-03-11 00:12:41:1241","url":"/public-key","userAgent":"curl/8.18.0"}
{"level":"\u001b[33mwarn\u001b[39m","message":"\u001b[33mMERCADO_PAGO_ACCESS_TOKEN não configurado - Mercado Pago desativado\u001b[39m","timestamp":"2026-03-11 00:15:44:1544"}
{"level":"\u001b[32minfo\u001b[39m","message":"\u001b[32mSORED Backend iniciado\u001b[39m","port":3001,"timestamp":"2026-03-11 00:15:44:1544"}
{"level":"\u001b[32minfo\u001b[39m","message":"\u001b[32mMongoDB conectado com sucesso\u001b[39m","timestamp":"2026-03-11 00:15:44:1544","uri":"mongodb://localhost:27017/sored"}
{"duration":"7ms","ip":"::1","level":"\u001b[35mhttp\u001b[39m","message":"\u001b[35mHTTP Request\u001b[39m","method":"GET","status":503,"timestamp":"2026-03-11 00:16:05:165","url":"/public-key","userAgent":"curl/8.18.0"}
{"duration":"1ms","ip":"::1","level":"\u001b[35mhttp\u001b[39m","message":"\u001b[35mHTTP Request\u001b[39m","method":"GET","status":503,"timestamp":"2026-03-11 00:16:58:1658","url":"/public-key","userAgent":"curl/8.18.0"}
{"level":"\u001b[33mwarn\u001b[39m","message":"\u001b[33mMERCADO_PAGO_ACCESS_TOKEN não configurado - Mercado Pago desativado\u001b[39m","timestamp":"2026-03-11 00:17:18:1718"}
{"environment":"development","level":"\u001b[32minfo\u001b[39m","message":"\u001b[32mSORED Backend iniciado\u001b[39m","port":"3001","timestamp":"2026-03-11 00:17:18:1718"}
{"level":"\u001b[32minfo\u001b[39m","message":"\u001b[32mMongoDB conectado com sucesso\u001b[39m","timestamp":"2026-03-11 00:17:18:1718","uri":"mongodb://localhost:27017/sored"}
{"duration":"8ms","ip":"::1","level":"\u001b[35mhttp\u001b[39m","message":"\u001b[35mHTTP Request\u001b[39m","method":"GET","status":503,"timestamp":"2026-03-11 00:17:29:1729","url":"/public-key","userAgent":"curl/8.18.0"}
{"duration":"2ms","ip":"::1","level":"\u001b[35mhttp\u001b[39m","message":"\u001b[35mHTTP Request\u001b[39m","method":"GET","status":503,"timestamp":"2026-03-11 00:18:43:1843","url":"/public-key","userAgent":"curl/8.18.0"}
{"level":"\u001b[33mwarn\u001b[39m","message":"\u001b[33mMERCADO_PAGO_ACCESS_TOKEN não configurado - Mercado Pago desativado\u001b[39m","timestamp":"2026-03-11 00:21:09:219"}
{"environment":"development","level":"\u001b[32minfo\u001b[39m","message":"\u001b[32mSORED Backend iniciado\u001b[39m","port":"3001","timestamp":"2026-03-11 00:21:10:2110"}
{"level":"\u001b[32minfo\u001b[39m","message":"\u001b[32mMongoDB conectado com sucesso\u001b[39m","timestamp":"2026-03-11 00:21:10:2110","uri":"mongodb://localhost:27017/sored"}
{"duration":"6ms","ip":"::1","level":"\u001b[35mhttp\u001b[39m","message":"\u001b[35mHTTP Request\u001b[39m","method":"GET","status":503,"timestamp":"2026-03-11 00:21:22:2122","url":"/public-key","userAgent":"curl/8.18.0"}
{"level":"\u001b[33mwarn\u001b[39m","message":"\u001b[33mMERCADO_PAGO_ACCESS_TOKEN não configurado - Mercado Pago desativado\u001b[39m","timestamp":"2026-03-11 20:26:02:262"}
{"environment":"development","level":"\u001b[32minfo\u001b[39m","message":"\u001b[32mSORED Backend iniciado\u001b[39m","port":"3001","timestamp":"2026-03-11 20:26:02:262"}
{"level":"\u001b[32minfo\u001b[39m","message":"\u001b[32mMongoDB conectado com sucesso\u001b[39m","timestamp":"2026-03-11 20:26:03:263","uri":"mongodb://localhost:27017/sored"}
{"duration":"10ms","ip":"::1","level":"\u001b[35mhttp\u001b[39m","message":"\u001b[35mHTTP Request\u001b[39m","method":"GET","status":200,"timestamp":"2026-03-11 20:26:44:2644","url":"/plans","userAgent":"curl/8.18.0"}
{"duration":"3ms","ip":"::1","level":"\u001b[35mhttp\u001b[39m","message":"\u001b[35mHTTP Request\u001b[39m","method":"GET","status":200,"timestamp":"2026-03-11 20:27:01:271","url":"/plans","userAgent":"curl/8.18.0"}
{"duration":"2ms","ip":"::1","level":"\u001b[35mhttp\u001b[39m","message":"\u001b[35mHTTP Request\u001b[39m","method":"GET","status":503,"timestamp":"2026-03-11 20:27:21:2721","url":"/public-key","userAgent":"curl/8.18.0"}
{"duration":"8ms","ip":"::1","level":"\u001b[35mhttp\u001b[39m","message":"\u001b[35mHTTP Request\u001b[39m","method":"GET","status":200,"timestamp":"2026-03-11 20:28:09:289","url":"/plans","userAgent":"Mozilla/5.0 (Windows NT 10.0; Win64; x64; rv:148.0) Gecko/20100101 Firefox/148.0"}
{"duration":"3ms","ip":"::1","level":"\u001b[35mhttp\u001b[39m","message":"\u001b[35mHTTP Request\u001b[39m","method":"GET","status":503,"timestamp":"2026-03-11 20:28:13:2813","url":"/public-key","userAgent":"Mozilla/5.0 (Windows NT 10.0; Win64; x64; rv:148.0) Gecko/20100101 Firefox/148.0"}
{"duration":"2ms","ip":"::1","level":"\u001b[35mhttp\u001b[39m","message":"\u001b[35mHTTP Request\u001b[39m","method":"GET","status":503,"timestamp":"2026-03-11 20:28:13:2813","url":"/public-key","userAgent":"Mozilla/5.0 (Windows NT 10.0; Win64; x64; rv:148.0) Gecko/20100101 Firefox/148.0"}
{"duration":"105ms","ip":"::1","level":"\u001b[35mhttp\u001b[39m","message":"\u001b[35mHTTP Request\u001b[39m","method":"GET","status":304,"timestamp":"2026-03-11 20:30:38:3038","url":"/plans","userAgent":"Mozilla/5.0 (Windows NT 10.0; Win64; x64; rv:148.0) Gecko/20100101 Firefox/148.0"}
{"duration":"5ms","ip":"::1","level":"\u001b[35mhttp\u001b[39m","message":"\u001b[35mHTTP Request\u001b[39m","method":"GET","status":503,"timestamp":"2026-03-11 20:31:56:3156","url":"/public-key","userAgent":"curl/8.18.0"}
{"duration":"7ms","ip":"::1","level":"\u001b[35mhttp\u001b[39m","message":"\u001b[35mHTTP Request\u001b[39m","method":"GET","status":503,"timestamp":"2026-03-11 20:32:15:3215","url":"/public-key","userAgent":"curl/8.18.0"}
{"level":"\u001b[33mwarn\u001b[39m","message":"\u001b[33mMERCADO_PAGO_ACCESS_TOKEN não configurado - Mercado Pago desativado\u001b[39m","timestamp":"2026-03-11 20:38:18:3818"}
{"environment":"development","level":"\u001b[32minfo\u001b[39m","message":"\u001b[32mSORED Backend iniciado\u001b[39m","port":"3001","timestamp":"2026-03-11 20:38:18:3818"}
{"level":"\u001b[32minfo\u001b[39m","message":"\u001b[32mMongoDB conectado com sucesso\u001b[39m","timestamp":"2026-03-11 20:38:18:3818","uri":"mongodb://localhost:27017/sored"}
{"duration":"15ms","ip":"::1","level":"\u001b[35mhttp\u001b[39m","message":"\u001b[35mHTTP Request\u001b[39m","method":"GET","status":503,"timestamp":"2026-03-11 20:38:34:3834","url":"/public-key","userAgent":"curl/8.18.0"}
{"duration":"4ms","ip":"::1","level":"\u001b[35mhttp\u001b[39m","message":"\u001b[35mHTTP Request\u001b[39m","method":"GET","status":304,"timestamp":"2026-03-11 20:39:34:3934","url":"/plans","userAgent":"Mozilla/5.0 (Windows NT 10.0; Win64; x64; rv:148.0) Gecko/20100101 Firefox/148.0"}
{"duration":"1ms","ip":"::1","level":"\u001b[35mhttp\u001b[39m","message":"\u001b[35mHTTP Request\u001b[39m","method":"GET","status":503,"timestamp":"2026-03-11 20:39:35:3935","url":"/public-key","userAgent":"curl/8.18.0"}
{"duration":"3ms","ip":"::1","level":"\u001b[35mhttp\u001b[39m","message":"\u001b[35mHTTP Request\u001b[39m","method":"GET","status":304,"timestamp":"2026-03-11 20:39:58:3958","url":"/plans","userAgent":"Mozilla/5.0 (Windows NT 10.0; Win64; x64; rv:148.0) Gecko/20100101 Firefox/148.0"}
{"level":"\u001b[33mwarn\u001b[39m","message":"\u001b[33mMERCADO_PAGO_ACCESS_TOKEN não configurado - Mercado Pago desativado\u001b[39m","timestamp":"2026-03-11 20:44:11:4411"}
{"environment":"development","level":"\u001b[32minfo\u001b[39m","message":"\u001b[32mSORED Backend iniciado\u001b[39m","port":"3001","timestamp":"2026-03-11 20:44:11:4411"}
{"level":"\u001b[32minfo\u001b[39m","message":"\u001b[32mMongoDB conectado com sucesso\u001b[39m","timestamp":"2026-03-11 20:44:11:4411","uri":"mongodb://localhost:27017/sored"}
{"duration":"11ms","ip":"::1","level":"\u001b[35mhttp\u001b[39m","message":"\u001b[35mHTTP Request\u001b[39m","method":"GET","status":503,"timestamp":"2026-03-11 20:44:31:4431","url":"/public-key","userAgent":"curl/8.18.0"}
{"level":"\u001b[33mwarn\u001b[39m","message":"\u001b[33mMERCADO_PAGO_ACCESS_TOKEN não configurado - Mercado Pago desativado\u001b[39m","timestamp":"2026-03-11 20:47:42:4742"}
{"environment":"development","level":"\u001b[32minfo\u001b[39m","message":"\u001b[32mSORED Backend iniciado\u001b[39m","port":"3001","timestamp":"2026-03-11 20:47:43:4743"}
{"level":"\u001b[32minfo\u001b[39m","message":"\u001b[32mMongoDB conectado com sucesso\u001b[39m","timestamp":"2026-03-11 20:47:43:4743","uri":"mongodb://localhost:27017/sored"}
{"duration":"136ms","ip":"::1","level":"\u001b[35mhttp\u001b[39m","message":"\u001b[35mHTTP Request\u001b[39m","method":"GET","status":503,"timestamp":"2026-03-11 20:48:23:4823","url":"/public-key","userAgent":"curl/8.18.0"}
{"duration":"2ms","ip":"::1","level":"\u001b[35mhttp\u001b[39m","message":"\u001b[35mHTTP Request\u001b[39m","method":"GET","status":503,"timestamp":"2026-03-11 20:51:01:511","url":"/public-key","userAgent":"curl/8.18.0"}
{"duration":"1ms","ip":"::1","level":"\u001b[35mhttp\u001b[39m","message":"\u001b[35mHTTP Request\u001b[39m","method":"GET","status":503,"timestamp":"2026-03-11 20:53:40:5340","url":"/public-key","userAgent":"curl/8.18.0"}
{"level":"\u001b[33mwarn\u001b[39m","message":"\u001b[33mMERCADO_PAGO_ACCESS_TOKEN não configurado - Mercado Pago desativado\u001b[39m","timestamp":"2026-03-11 20:54:12:5412"}
{"environment":"development","level":"\u001b[32minfo\u001b[39m","message":"\u001b[32mSORED Backend iniciado\u001b[39m","port":"3001","timestamp":"2026-03-11 20:54:12:5412"}
{"level":"\u001b[32minfo\u001b[39m","message":"\u001b[32mMongoDB conectado com sucesso\u001b[39m","timestamp":"2026-03-11 20:54:12:5412","uri":"mongodb://localhost:27017/sored"}
{"duration":"6ms","ip":"::1","level":"\u001b[35mhttp\u001b[39m","message":"\u001b[35mHTTP Request\u001b[39m","method":"GET","status":503,"timestamp":"2026-03-11 20:54:25:5425","url":"/public-key","userAgent":"curl/8.18.0"}
{"duration":"2ms","ip":"::1","level":"\u001b[35mhttp\u001b[39m","message":"\u001b[35mHTTP Request\u001b[39m","method":"GET","status":503,"timestamp":"2026-03-11 21:01:10:110","url":"/public-key","userAgent":"curl/8.18.0"}
{"level":"\u001b[33mwarn\u001b[39m","message":"\u001b[33mMERCADO_PAGO_ACCESS_TOKEN não configurado - Mercado Pago desativado\u001b[39m","timestamp":"2026-03-11 21:08:03:83"}
{"environment":"development","level":"\u001b[32minfo\u001b[39m","message":"\u001b[32mSORED Backend iniciado\u001b[39m","port":"3001","timestamp":"2026-03-11 21:08:03:83"}
{"level":"\u001b[32minfo\u001b[39m","message":"\u001b[32mMongoDB conectado com sucesso\u001b[39m","timestamp":"2026-03-11 21:08:03:83","uri":"mongodb://localhost:27017/sored"}
{"duration":"5ms","ip":"::1","level":"\u001b[35mhttp\u001b[39m","message":"\u001b[35mHTTP Request\u001b[39m","method":"GET","status":503,"timestamp":"2026-03-11 21:08:17:817","url":"/public-key","userAgent":"curl/8.18.0"}
{"level":"\u001b[33mwarn\u001b[39m","message":"\u001b[33mMERCADO_PAGO_ACCESS_TOKEN não configurado - Mercado Pago desativado\u001b[39m","timestamp":"2026-03-11 21:17:04:174"}
{"environment":"development","level":"\u001b[32minfo\u001b[39m","message":"\u001b[32mSORED Backend iniciado\u001b[39m","port":"3001","timestamp":"2026-03-11 21:17:04:174"}
{"level":"\u001b[32minfo\u001b[39m","message":"\u001b[32mMongoDB conectado com sucesso\u001b[39m","timestamp":"2026-03-11 21:17:05:175","uri":"mongodb://localhost:27017/sored"}
{"duration":"5ms","ip":"::1","level":"\u001b[35mhttp\u001b[39m","message":"\u001b[35mHTTP Request\u001b[39m","method":"GET","status":503,"timestamp":"2026-03-11 21:17:42:1742","url":"/public-key","userAgent":"curl/8.18.0"}
{"level":"\u001b[33mwarn\u001b[39m","message":"\u001b[33mMERCADO_PAGO_ACCESS_TOKEN não configurado - Mercado Pago desativado\u001b[39m","timestamp":"2026-03-11 21:19:24:1924"}
{"environment":"development","level":"\u001b[32minfo\u001b[39m","message":"\u001b[32mSORED Backend iniciado\u001b[39m","port":"3001","timestamp":"2026-03-11 21:19:24:1924"}
{"level":"\u001b[32minfo\u001b[39m","message":"\u001b[32mMongoDB conectado com sucesso\u001b[39m","timestamp":"2026-03-11 21:19:25:1925","uri":"mongodb://localhost:27017/sored"}
{"duration":"7ms","ip":"::1","level":"\u001b[35mhttp\u001b[39m","message":"\u001b[35mHTTP Request\u001b[39m","method":"GET","status":503,"timestamp":"2026-03-11 21:19:58:1958","url":"/public-key","userAgent":"curl/8.18.0"}
{"level":"\u001b[33mwarn\u001b[39m","message":"\u001b[33mMERCADO_PAGO_ACCESS_TOKEN não configurado - Mercado Pago desativado\u001b[39m","timestamp":"2026-03-11 21:20:52:2052"}
{"environment":"development","level":"\u001b[32minfo\u001b[39m","message":"\u001b[32mSORED Backend iniciado\u001b[39m","port":"3001","timestamp":"2026-03-11 21:20:53:2053"}
{"level":"\u001b[32minfo\u001b[39m","message":"\u001b[32mMongoDB conectado com sucesso\u001b[39m","timestamp":"2026-03-11 21:20:53:2053","uri":"mongodb://localhost:27017/sored"}
{"duration":"6ms","ip":"::1","level":"\u001b[35mhttp\u001b[39m","message":"\u001b[35mHTTP Request\u001b[39m","method":"GET","status":503,"timestamp":"2026-03-11 21:21:21:2121","url":"/public-key","userAgent":"curl/8.18.0"}
{"duration":"5ms","ip":"::1","level":"\u001b[35mhttp\u001b[39m","message":"\u001b[35mHTTP Request\u001b[39m","method":"GET","status":200,"timestamp":"2026-03-11 21:26:14:2614","url":"/plans","userAgent":"curl/8.18.0"}
{"duration":"3ms","ip":"::1","level":"\u001b[35mhttp\u001b[39m","message":"\u001b[35mHTTP Request\u001b[39m","method":"GET","status":304,"timestamp":"2026-03-11 21:26:49:2649","url":"/plans","userAgent":"Mozilla/5.0 (Windows NT 10.0; Win64; x64; rv:148.0) Gecko/20100101 Firefox/148.0"}
{"duration":"6ms","ip":"::1","level":"\u001b[35mhttp\u001b[39m","message":"\u001b[35mHTTP Request\u001b[39m","method":"GET","status":503,"timestamp":"2026-03-11 21:29:21:2921","url":"/public-key","userAgent":"curl/8.18.0"}
{"level":"\u001b[33mwarn\u001b[39m","message":"\u001b[33mMERCADO_PAGO_ACCESS_TOKEN não configurado - Mercado Pago desativado\u001b[39m","timestamp":"2026-03-11 21:34:02:342"}
{"environment":"development","level":"\u001b[32minfo\u001b[39m","message":"\u001b[32mSORED Backend iniciado\u001b[39m","port":"3001","timestamp":"2026-03-11 21:34:02:342"}
{"level":"\u001b[32minfo\u001b[39m","message":"\u001b[32mMongoDB conectado com sucesso\u001b[39m","timestamp":"2026-03-11 21:34:02:342","uri":"mongodb://localhost:27017/sored"}
{"duration":"9ms","ip":"::1","level":"\u001b[35mhttp\u001b[39m","message":"\u001b[35mHTTP Request\u001b[39m","method":"GET","status":503,"timestamp":"2026-03-11 21:34:25:3425","url":"/public-key","userAgent":"curl/8.18.0"}
{"duration":"1ms","ip":"::1","level":"\u001b[35mhttp\u001b[39m","message":"\u001b[35mHTTP Request\u001b[39m","method":"GET","status":503,"timestamp":"2026-03-11 21:37:12:3712","url":"/public-key","userAgent":"curl/8.18.0"}
{"environment":"development","level":"\u001b[32minfo\u001b[39m","message":"\u001b[32mSORED Backend iniciado\u001b[39m","port":"3001","timestamp":"2026-03-11 21:37:51:3751"}
{"level":"\u001b[32minfo\u001b[39m","message":"\u001b[32mMongoDB conectado com sucesso\u001b[39m","timestamp":"2026-03-11 21:37:51:3751","uri":"mongodb://localhost:27017/sored"}
{"duration":"8ms","ip":"::1","level":"\u001b[35mhttp\u001b[39m","message":"\u001b[35mHTTP Request\u001b[39m","method":"GET","status":503,"timestamp":"2026-03-11 21:38:15:3815","url":"/public-key","userAgent":"curl/8.18.0"}
{"duration":"1ms","ip":"::1","level":"\u001b[35mhttp\u001b[39m","message":"\u001b[35mHTTP Request\u001b[39m","method":"GET","status":503,"timestamp":"2026-03-11 21:38:59:3859","url":"/public-key","userAgent":"curl/8.18.0"}
{"duration":"13ms","ip":"::1","level":"\u001b[35mhttp\u001b[39m","message":"\u001b[35mHTTP Request\u001b[39m","method":"GET","status":200,"timestamp":"2026-03-11 21:39:49:3949","url":"/plans","userAgent":"curl/8.18.0"}
{"duration":"7ms","ip":"::1","level":"\u001b[35mhttp\u001b[39m","message":"\u001b[35mHTTP Request\u001b[39m","method":"GET","status":200,"timestamp":"2026-03-11 21:39:58:3958","url":"/plans","userAgent":"Mozilla/5.0 (Windows NT 10.0; Win64; x64; rv:148.0) Gecko/20100101 Firefox/148.0"}
{"duration":"2ms","ip":"::1","level":"\u001b[35mhttp\u001b[39m","message":"\u001b[35mHTTP Request\u001b[39m","method":"GET","status":503,"timestamp":"2026-03-11 21:40:17:4017","url":"/public-key","userAgent":"Mozilla/5.0 (Windows NT 10.0; Win64; x64; rv:148.0) Gecko/20100101 Firefox/148.0"}
{"duration":"13ms","ip":"::1","level":"\u001b[35mhttp\u001b[39m","message":"\u001b[35mHTTP Request\u001b[39m","method":"GET","status":503,"timestamp":"2026-03-11 21:40:17:4017","url":"/public-key","userAgent":"Mozilla/5.0 (Windows NT 10.0; Win64; x64; rv:148.0) Gecko/20100101 Firefox/148.0"}
{"duration":"3ms","ip":"::1","level":"\u001b[35mhttp\u001b[39m","message":"\u001b[35mHTTP Request\u001b[39m","method":"POST","status":401,"timestamp":"2026-03-11 21:41:20:4120","url":"/pix/create","userAgent":"Mozilla/5.0 (Windows NT 10.0; Win64; x64; rv:148.0) Gecko/20100101 Firefox/148.0"}
{"duration":"9ms","ip":"::1","level":"\u001b[35mhttp\u001b[39m","message":"\u001b[35mHTTP Request\u001b[39m","method":"GET","status":503,"timestamp":"2026-03-11 21:46:54:4654","url":"/public-key","userAgent":"curl/8.18.0"}
{"level":"\u001b[33mwarn\u001b[39m","message":"\u001b[33mMERCADO_PAGO_ACCESS_TOKEN não configurado - Mercado Pago desativado\u001b[39m","timestamp":"2026-03-11 21:47:40:4740"}
{"environment":"development","level":"\u001b[32minfo\u001b[39m","message":"\u001b[32mSORED Backend iniciado\u001b[39m","port":"3001","timestamp":"2026-03-11 21:47:40:4740"}
{"level":"\u001b[32minfo\u001b[39m","message":"\u001b[32mMongoDB conectado com sucesso\u001b[39m","timestamp":"2026-03-11 21:47:40:4740","uri":"mongodb://localhost:27017/sored"}
{"duration":"9ms","ip":"::1","level":"\u001b[35mhttp\u001b[39m","message":"\u001b[35mHTTP Request\u001b[39m","method":"GET","status":503,"timestamp":"2026-03-11 21:48:00:480","url":"/public-key","userAgent":"curl/8.18.0"}
{"duration":"5ms","ip":"::1","level":"\u001b[35mhttp\u001b[39m","message":"\u001b[35mHTTP Request\u001b[39m","method":"GET","status":304,"timestamp":"2026-03-11 21:48:44:4844","url":"/plans","userAgent":"Mozilla/5.0 (Windows NT 10.0; Win64; x64; rv:148.0) Gecko/20100101 Firefox/148.0"}
{"duration":"1ms","ip":"::1","level":"\u001b[35mhttp\u001b[39m","message":"\u001b[35mHTTP Request\u001b[39m","method":"GET","status":200,"timestamp":"2026-03-11 21:49:04:494","url":"/plans","userAgent":"curl/8.18.0"}
{"duration":"1ms","ip":"::1","level":"\u001b[35mhttp\u001b[39m","message":"\u001b[35mHTTP Request\u001b[39m","method":"GET","status":503,"timestamp":"2026-03-11 21:49:20:4920","url":"/public-key","userAgent":"Mozilla/5.0 (Windows NT 10.0; Win64; x64; rv:148.0) Gecko/20100101 Firefox/148.0"}
{"duration":"1ms","ip":"::1","level":"\u001b[35mhttp\u001b[39m","message":"\u001b[35mHTTP Request\u001b[39m","method":"GET","status":503,"timestamp":"2026-03-11 21:49:20:4920","url":"/public-key","userAgent":"Mozilla/5.0 (Windows NT 10.0; Win64; x64; rv:148.0) Gecko/20100101 Firefox/148.0"}
{"duration":"2ms","ip":"::1","level":"\u001b[35mhttp\u001b[39m","message":"\u001b[35mHTTP Request\u001b[39m","method":"POST","status":401,"timestamp":"2026-03-11 21:50:19:5019","url":"/pix/create","userAgent":"Mozilla/5.0 (Windows NT 10.0; Win64; x64; rv:148.0) Gecko/20100101 Firefox/148.0"}
{"duration":"1ms","ip":"::1","level":"\u001b[35mhttp\u001b[39m","message":"\u001b[35mHTTP Request\u001b[39m","method":"GET","status":503,"timestamp":"2026-03-11 21:51:09:519","url":"/public-key","userAgent":"curl/8.18.0"}
{"duration":"1ms","ip":"::1","level":"\u001b[35mhttp\u001b[39m","message":"\u001b[35mHTTP Request\u001b[39m","method":"POST","status":401,"timestamp":"2026-03-11 21:51:31:5131","url":"/pix/create","userAgent":"curl/8.18.0"}
{"level":"\u001b[33mwarn\u001b[39m","message":"\u001b[33mMERCADO_PAGO_ACCESS_TOKEN não configurado - Mercado Pago desativado\u001b[39m","timestamp":"2026-03-11 21:53:46:5346"}
{"environment":"development","level":"\u001b[32minfo\u001b[39m","message":"\u001b[32mSORED Backend iniciado\u001b[39m","port":"3001","timestamp":"2026-03-11 21:53:47:5347"}
{"level":"\u001b[32minfo\u001b[39m","message":"\u001b[32mMongoDB conectado com sucesso\u001b[39m","timestamp":"2026-03-11 21:53:47:5347","uri":"mongodb://localhost:27017/sored"}
{"duration":"10ms","ip":"::1","level":"\u001b[35mhttp\u001b[39m","message":"\u001b[35mHTTP Request\u001b[39m","method":"GET","status":503,"timestamp":"2026-03-11 21:54:05:545","url":"/public-key","userAgent":"curl/8.18.0"}
{"duration":"3ms","ip":"::1","level":"\u001b[35mhttp\u001b[39m","message":"\u001b[35mHTTP Request\u001b[39m","method":"POST","status":400,"timestamp":"2026-03-11 21:54:29:5429","url":"/pix/create","userAgent":"curl/8.18.0"}
{"level":"\u001b[33mwarn\u001b[39m","message":"\u001b[33mMERCADO_PAGO_ACCESS_TOKEN não configurado - Mercado Pago desativado\u001b[39m","timestamp":"2026-03-11 21:57:37:5737"}
{"environment":"development","level":"\u001b[32minfo\u001b[39m","message":"\u001b[32mSORED Backend iniciado\u001b[39m","port":"3001","timestamp":"2026-03-11 21:57:38:5738"}
{"level":"\u001b[32minfo\u001b[39m","message":"\u001b[32mMongoDB conectado com sucesso\u001b[39m","timestamp":"2026-03-11 21:57:38:5738","uri":"mongodb://localhost:27017/sored"}
{"error":"Cannot read properties of undefined (reading 'id')","level":"\u001b[31merror\u001b[39m","message":"\u001b[31mErro ao criar pagamento PIX\u001b[39m","timestamp":"2026-03-11 21:58:07:587"}
{"duration":"23ms","ip":"::1","level":"\u001b[35mhttp\u001b[39m","message":"\u001b[35mHTTP Request\u001b[39m","method":"POST","status":500,"timestamp":"2026-03-11 21:58:07:587","url":"/pix/create","userAgent":"curl/8.18.0"}
{"duration":"3ms","ip":"::1","level":"\u001b[35mhttp\u001b[39m","message":"\u001b[35mHTTP Request\u001b[39m","method":"GET","status":503,"timestamp":"2026-03-11 21:58:55:5855","url":"/public-key","userAgent":"curl/8.18.0"}
{"duration":"29ms","ip":"::1","level":"\u001b[35mhttp\u001b[39m","message":"\u001b[35mHTTP Request\u001b[39m","method":"GET","status":200,"timestamp":"2026-03-11 22:00:15:015","url":"/plans","userAgent":"curl/8.18.0"}
{"duration":"20ms","ip":"::1","level":"\u001b[35mhttp\u001b[39m","message":"\u001b[35mHTTP Request\u001b[39m","method":"GET","status":304,"timestamp":"2026-03-11 22:05:00:50","url":"/plans","userAgent":"Mozilla/5.0 (Windows NT 10.0; Win64; x64; rv:148.0) Gecko/20100101 Firefox/148.0"}
{"duration":"5ms","ip":"::1","level":"\u001b[35mhttp\u001b[39m","message":"\u001b[35mHTTP Request\u001b[39m","method":"GET","status":304,"timestamp":"2026-03-11 22:05:00:50","url":"/plans","userAgent":"Mozilla/5.0 (Windows NT 10.0; Win64; x64; rv:148.0) Gecko/20100101 Firefox/148.0"}
{"duration":"149ms","ip":"::1","level":"\u001b[35mhttp\u001b[39m","message":"\u001b[35mHTTP Request\u001b[39m","method":"GET","status":503,"timestamp":"2026-03-11 22:05:03:53","url":"/public-key","userAgent":"Mozilla/5.0 (Windows NT 10.0; Win64; x64; rv:148.0) Gecko/20100101 Firefox/148.0"}
{"duration":"42ms","ip":"::1","level":"\u001b[35mhttp\u001b[39m","message":"\u001b[35mHTTP Request\u001b[39m","method":"GET","status":503,"timestamp":"2026-03-11 22:05:04:54","url":"/public-key","userAgent":"Mozilla/5.0 (Windows NT 10.0; Win64; x64; rv:148.0) Gecko/20100101 Firefox/148.0"}
{"duration":"2ms","ip":"::1","level":"\u001b[35mhttp\u001b[39m","message":"\u001b[35mHTTP Request\u001b[39m","method":"POST","status":400,"timestamp":"2026-03-11 22:05:38:538","url":"/pix/create","userAgent":"Mozilla/5.0 (Windows NT 10.0; Win64; x64; rv:148.0) Gecko/20100101 Firefox/148.0"}
{"duration":"2ms","ip":"::1","level":"\u001b[35mhttp\u001b[39m","message":"\u001b[35mHTTP Request\u001b[39m","method":"GET","status":503,"timestamp":"2026-03-11 22:06:11:611","url":"/public-key","userAgent":"Mozilla/5.0 (Windows NT 10.0; Win64; x64; rv:148.0) Gecko/20100101 Firefox/148.0"}
{"duration":"2ms","ip":"::1","level":"\u001b[35mhttp\u001b[39m","message":"\u001b[35mHTTP Request\u001b[39m","method":"GET","status":503,"timestamp":"2026-03-11 22:06:11:611","url":"/public-key","userAgent":"Mozilla/5.0 (Windows NT 10.0; Win64; x64; rv:148.0) Gecko/20100101 Firefox/148.0"}
{"level":"\u001b[33mwarn\u001b[39m","message":"\u001b[33mMERCADO_PAGO_ACCESS_TOKEN não configurado - Mercado Pago desativado\u001b[39m","timestamp":"2026-03-11 22:10:07:107"}
{"environment":"development","level":"\u001b[32minfo\u001b[39m","message":"\u001b[32mSORED Backend iniciado\u001b[39m","port":"3001","timestamp":"2026-03-11 22:10:07:107"}
{"level":"\u001b[32minfo\u001b[39m","message":"\u001b[32mMongoDB conectado com sucesso\u001b[39m","timestamp":"2026-03-11 22:10:07:107","uri":"mongodb://localhost:27017/sored"}
{"duration":"101ms","ip":"::1","level":"\u001b[35mhttp\u001b[39m","message":"\u001b[35mHTTP Request\u001b[39m","method":"GET","status":200,"timestamp":"2026-03-11 22:11:18:1118","url":"/plans","userAgent":"Mozilla/5.0 (Windows NT 10.0; Win64; x64; rv:148.0) Gecko/20100101 Firefox/148.0"}
{"duration":"2ms","ip":"::1","level":"\u001b[35mhttp\u001b[39m","message":"\u001b[35mHTTP Request\u001b[39m","method":"GET","status":200,"timestamp":"2026-03-11 22:11:31:1131","url":"/plans","userAgent":"curl/8.18.0"}
{"level":"\u001b[33mwarn\u001b[39m","message":"\u001b[33mMERCADO_PAGO_ACCESS_TOKEN não configurado - Mercado Pago desativado\u001b[39m","timestamp":"2026-03-11 22:31:43:3143"}
{"environment":"development","level":"\u001b[32minfo\u001b[39m","message":"\u001b[32mSORED Backend iniciado\u001b[39m","port":"3001","timestamp":"2026-03-11 22:31:43:3143"}
{"level":"\u001b[32minfo\u001b[39m","message":"\u001b[32mMongoDB conectado com sucesso\u001b[39m","timestamp":"2026-03-11 22:31:43:3143","uri":"mongodb://localhost:27017/sored"}
{"duration":"12ms","ip":"::1","level":"\u001b[35mhttp\u001b[39m","message":"\u001b[35mHTTP Request\u001b[39m","method":"GET","status":304,"timestamp":"2026-03-11 22:32:18:3218","url":"/plans","userAgent":"Mozilla/5.0 (Windows NT 10.0; Win64; x64; rv:148.0) Gecko/20100101 Firefox/148.0"}
{"duration":"4ms","ip":"::ffff:127.0.0.1","level":"\u001b[35mhttp\u001b[39m","message":"\u001b[35mHTTP Request\u001b[39m","method":"GET","status":503,"timestamp":"2026-03-11 22:32:21:3221","url":"/public-key","userAgent":"Mozilla/5.0 (Windows NT 10.0; Win64; x64; rv:148.0) Gecko/20100101 Firefox/148.0"}
{"duration":"1ms","ip":"::ffff:127.0.0.1","level":"\u001b[35mhttp\u001b[39m","message":"\u001b[35mHTTP Request\u001b[39m","method":"GET","status":503,"timestamp":"2026-03-11 22:32:21:3221","url":"/public-key","userAgent":"Mozilla/5.0 (Windows NT 10.0; Win64; x64; rv:148.0) Gecko/20100101 Firefox/148.0"}
{"level":"\u001b[32minfo\u001b[39m","message":"\u001b[32mMercado Pago configurado com sucesso (SDK v2)\u001b[39m","timestamp":"2026-03-11 22:34:41:3441"}
{"environment":"development","level":"\u001b[32minfo\u001b[39m","message":"\u001b[32mSORED Backend iniciado\u001b[39m","port":"3001","timestamp":"2026-03-11 22:34:43:3443"}
{"level":"\u001b[32minfo\u001b[39m","message":"\u001b[32mMongoDB conectado com sucesso\u001b[39m","timestamp":"2026-03-11 22:34:43:3443","uri":"mongodb://localhost:27017/sored"}
{"level":"\u001b[32minfo\u001b[39m","message":"\u001b[32mMercado Pago configurado com sucesso (SDK v2)\u001b[39m","timestamp":"2026-03-11 22:35:43:3543"}
{"environment":"development","level":"\u001b[32minfo\u001b[39m","message":"\u001b[32mSORED Backend iniciado\u001b[39m","port":"3001","timestamp":"2026-03-11 22:35:44:3544"}
{"level":"\u001b[32minfo\u001b[39m","message":"\u001b[32mMongoDB conectado com sucesso\u001b[39m","timestamp":"2026-03-11 22:35:44:3544","uri":"mongodb://localhost:27017/sored"}
{"duration":"13ms","ip":"::1","level":"\u001b[35mhttp\u001b[39m","message":"\u001b[35mHTTP Request\u001b[39m","method":"GET","status":200,"timestamp":"2026-03-11 22:36:08:368","url":"/plans","userAgent":"Mozilla/5.0 (Windows NT 10.0; Win64; x64; rv:148.0) Gecko/20100101 Firefox/148.0"}
{"duration":"2ms","ip":"::ffff:127.0.0.1","level":"\u001b[35mhttp\u001b[39m","message":"\u001b[35mHTTP Request\u001b[39m","method":"GET","status":200,"timestamp":"2026-03-11 22:36:11:3611","url":"/public-key","userAgent":"Mozilla/5.0 (Windows NT 10.0; Win64; x64; rv:148.0) Gecko/20100101 Firefox/148.0"}
{"duration":"1ms","ip":"::ffff:127.0.0.1","level":"\u001b[35mhttp\u001b[39m","message":"\u001b[35mHTTP Request\u001b[39m","method":"GET","status":200,"timestamp":"2026-03-11 22:36:11:3611","url":"/public-key","userAgent":"Mozilla/5.0 (Windows NT 10.0; Win64; x64; rv:148.0) Gecko/20100101 Firefox/148.0"}
{"duration":"1ms","ip":"::ffff:127.0.0.1","level":"\u001b[35mhttp\u001b[39m","message":"\u001b[35mHTTP Request\u001b[39m","method":"POST","status":400,"timestamp":"2026-03-11 22:36:50:3650","url":"/pix/create","userAgent":"Mozilla/5.0 (Windows NT 10.0; Win64; x64; rv:148.0) Gecko/20100101 Firefox/148.0"}
{"error":"Cannot read properties of undefined (reading 'id')","level":"\u001b[31merror\u001b[39m","message":"\u001b[31mErro ao criar pagamento PIX\u001b[39m","timestamp":"2026-03-11 22:38:11:3811"}
{"duration":"4ms","ip":"::ffff:127.0.0.1","level":"\u001b[35mhttp\u001b[39m","message":"\u001b[35mHTTP Request\u001b[39m","method":"POST","status":500,"timestamp":"2026-03-11 22:38:11:3811","url":"/pix/create","userAgent":"Mozilla/5.0 (Windows NT 10.0; Win64; x64; rv:148.0) Gecko/20100101 Firefox/148.0"}
{"level":"\u001b[32minfo\u001b[39m","message":"\u001b[32mMercado Pago configurado com sucesso (SDK v2)\u001b[39m","timestamp":"2026-03-11 22:39:29:3929"}
{"environment":"development","level":"\u001b[32minfo\u001b[39m","message":"\u001b[32mSORED Backend iniciado\u001b[39m","port":"3001","timestamp":"2026-03-11 22:39:30:3930"}
{"level":"\u001b[32minfo\u001b[39m","message":"\u001b[32mMongoDB conectado com sucesso\u001b[39m","timestamp":"2026-03-11 22:39:30:3930","uri":"mongodb://localhost:27017/sored"}
{"duration":"10ms","ip":"::1","level":"\u001b[35mhttp\u001b[39m","message":"\u001b[35mHTTP Request\u001b[39m","method":"GET","status":304,"timestamp":"2026-03-11 22:40:41:4041","url":"/plans","userAgent":"Mozilla/5.0 (Windows NT 10.0; Win64; x64; rv:148.0) Gecko/20100101 Firefox/148.0"}
{"duration":"2ms","ip":"::ffff:127.0.0.1","level":"\u001b[35mhttp\u001b[39m","message":"\u001b[35mHTTP Request\u001b[39m","method":"GET","status":304,"timestamp":"2026-03-11 22:40:53:4053","url":"/public-key","userAgent":"Mozilla/5.0 (Windows NT 10.0; Win64; x64; rv:148.0) Gecko/20100101 Firefox/148.0"}
{"duration":"2ms","ip":"::ffff:127.0.0.1","level":"\u001b[35mhttp\u001b[39m","message":"\u001b[35mHTTP Request\u001b[39m","method":"GET","status":200,"timestamp":"2026-03-11 22:40:53:4053","url":"/public-key","userAgent":"Mozilla/5.0 (Windows NT 10.0; Win64; x64; rv:148.0) Gecko/20100101 Firefox/148.0"}
{"duration":"1ms","ip":"::ffff:127.0.0.1","level":"\u001b[35mhttp\u001b[39m","message":"\u001b[35mHTTP Request\u001b[39m","method":"POST","status":401,"timestamp":"2026-03-11 22:41:21:4121","url":"/pix/create","userAgent":"Mozilla/5.0 (Windows NT 10.0; Win64; x64; rv:148.0) Gecko/20100101 Firefox/148.0"}
{"duration":"16ms","ip":"::ffff:127.0.0.1","level":"\u001b[35mhttp\u001b[39m","message":"\u001b[35mHTTP Request\u001b[39m","method":"POST","status":400,"timestamp":"2026-03-11 22:41:39:4139","url":"/login","userAgent":"Mozilla/5.0 (Windows NT 10.0; Win64; x64; rv:148.0) Gecko/20100101 Firefox/148.0"}
{"level":"\u001b[32minfo\u001b[39m","message":"\u001b[32mMercado Pago configurado com sucesso (SDK v2)\u001b[39m","timestamp":"2026-03-11 22:43:47:4347"}
{"environment":"development","level":"\u001b[32minfo\u001b[39m","message":"\u001b[32mSORED Backend iniciado\u001b[39m","port":"3001","timestamp":"2026-03-11 22:43:48:4348"}
{"level":"\u001b[32minfo\u001b[39m","message":"\u001b[32mMongoDB conectado com sucesso\u001b[39m","timestamp":"2026-03-11 22:43:48:4348","uri":"mongodb://localhost:27017/sored"}
{"level":"\u001b[32minfo\u001b[39m","message":"\u001b[32mMercado Pago configurado com sucesso (SDK v2)\u001b[39m","timestamp":"2026-03-11 22:44:28:4428"}
{"environment":"development","level":"\u001b[32minfo\u001b[39m","message":"\u001b[32mSORED Backend iniciado\u001b[39m","port":"3001","timestamp":"2026-03-11 22:44:29:4429"}
{"level":"\u001b[32minfo\u001b[39m","message":"\u001b[32mMongoDB conectado com sucesso\u001b[39m","timestamp":"2026-03-11 22:44:29:4429","uri":"mongodb://localhost:27017/sored"}
{"level":"\u001b[32minfo\u001b[39m","message":"\u001b[32mMercado Pago configurado com sucesso (SDK v2)\u001b[39m","timestamp":"2026-03-11 22:46:10:4610"}
{"environment":"development","level":"\u001b[32minfo\u001b[39m","message":"\u001b[32mSORED Backend iniciado\u001b[39m","port":"3001","timestamp":"2026-03-11 22:46:12:4612"}
{"level":"\u001b[32minfo\u001b[39m","message":"\u001b[32mMongoDB conectado com sucesso\u001b[39m","timestamp":"2026-03-11 22:46:12:4612","uri":"mongodb://localhost:27017/sored"}
{"duration":"11ms","ip":"::1","level":"\u001b[35mhttp\u001b[39m","message":"\u001b[35mHTTP Request\u001b[39m","method":"GET","status":304,"timestamp":"2026-03-11 22:48:34:4834","url":"/plans","userAgent":"Mozilla/5.0 (Windows NT 10.0; Win64; x64; rv:148.0) Gecko/20100101 Firefox/148.0"}
{"duration":"3ms","ip":"::ffff:127.0.0.1","level":"\u001b[35mhttp\u001b[39m","message":"\u001b[35mHTTP Request\u001b[39m","method":"GET","status":304,"timestamp":"2026-03-11 23:23:05:235","url":"/public-key","userAgent":"Mozilla/5.0 (Windows NT 10.0; Win64; x64; rv:148.0) Gecko/20100101 Firefox/148.0"}
{"duration":"2ms","ip":"::ffff:127.0.0.1","level":"\u001b[35mhttp\u001b[39m","message":"\u001b[35mHTTP Request\u001b[39m","method":"GET","status":200,"timestamp":"2026-03-11 23:23:05:235","url":"/public-key","userAgent":"Mozilla/5.0 (Windows NT 10.0; Win64; x64; rv:148.0) Gecko/20100101 Firefox/148.0"}
{"error":"notificaction_url attribute must be url valid","level":"\u001b[31merror\u001b[39m","message":"\u001b[31mErro ao criar pagamento PIX\u001b[39m","orderId":"plan_monthly_1773282221997","timestamp":"2026-03-11 23:23:42:2342"}
{"error":"notificaction_url attribute must be url valid","level":"\u001b[31merror\u001b[39m","message":"\u001b[31mErro ao criar pagamento PIX\u001b[39m","timestamp":"2026-03-11 23:23:42:2342"}
{"duration":"847ms","ip":"::ffff:127.0.0.1","level":"\u001b[35mhttp\u001b[39m","message":"\u001b[35mHTTP Request\u001b[39m","method":"POST","status":500,"timestamp":"2026-03-11 23:23:42:2342","url":"/pix/create","userAgent":"Mozilla/5.0 (Windows NT 10.0; Win64; x64; rv:148.0) Gecko/20100101 Firefox/148.0"}
{"level":"\u001b[32minfo\u001b[39m","message":"\u001b[32mMercado Pago configurado com sucesso (SDK v2)\u001b[39m","timestamp":"2026-03-11 23:25:13:2513"}
{"environment":"development","level":"\u001b[32minfo\u001b[39m","message":"\u001b[32mSORED Backend iniciado\u001b[39m","port":"3001","timestamp":"2026-03-11 23:25:14:2514"}
{"level":"\u001b[32minfo\u001b[39m","message":"\u001b[32mMongoDB conectado com sucesso\u001b[39m","timestamp":"2026-03-11 23:25:15:2515","uri":"mongodb://localhost:27017/sored"}
{"duration":"9ms","ip":"::1","level":"\u001b[35mhttp\u001b[39m","message":"\u001b[35mHTTP Request\u001b[39m","method":"GET","status":304,"timestamp":"2026-03-11 23:26:14:2614","url":"/plans","userAgent":"Mozilla/5.0 (Windows NT 10.0; Win64; x64; rv:148.0) Gecko/20100101 Firefox/148.0"}
{"duration":"2ms","ip":"::ffff:127.0.0.1","level":"\u001b[35mhttp\u001b[39m","message":"\u001b[35mHTTP Request\u001b[39m","method":"GET","status":304,"timestamp":"2026-03-11 23:26:28:2628","url":"/public-key","userAgent":"Mozilla/5.0 (Windows NT 10.0; Win64; x64; rv:148.0) Gecko/20100101 Firefox/148.0"}
{"duration":"2ms","ip":"::ffff:127.0.0.1","level":"\u001b[35mhttp\u001b[39m","message":"\u001b[35mHTTP Request\u001b[39m","method":"GET","status":200,"timestamp":"2026-03-11 23:26:28:2628","url":"/public-key","userAgent":"Mozilla/5.0 (Windows NT 10.0; Win64; x64; rv:148.0) Gecko/20100101 Firefox/148.0"}
{"level":"\u001b[32minfo\u001b[39m","message":"\u001b[32mPagamento PIX criado\u001b[39m","orderId":"plan_monthly_1773282422172","paymentId":149969899552,"timestamp":"2026-03-11 23:27:03:273"}
{"level":"\u001b[32minfo\u001b[39m","message":"\u001b[32mPreferência Mercado Pago criada\u001b[39m","preferenceId":"194511733-463b1351-f080-4bcc-b5cd-70d6727519ab","timestamp":"2026-03-11 23:27:03:273"}
{"level":"\u001b[32minfo\u001b[39m","message":"\u001b[32mPagamento criado\u001b[39m","paymentId":"69b224774230a464b88f27aa","preferenceId":"194511733-463b1351-f080-4bcc-b5cd-70d6727519ab","timestamp":"2026-03-11 23:27:03:273"}
{"duration":"1653ms","ip":"::ffff:127.0.0.1","level":"\u001b[35mhttp\u001b[39m","message":"\u001b[35mHTTP Request\u001b[39m","method":"POST","status":200,"timestamp":"2026-03-11 23:27:03:273","url":"/pix/create","userAgent":"Mozilla/5.0 (Windows NT 10.0; Win64; x64; rv:148.0) Gecko/20100101 Firefox/148.0"}
{"level":"\u001b[32minfo\u001b[39m","message":"\u001b[32mQR Code PIX obtido\u001b[39m","paymentId":"149969899552","timestamp":"2026-03-11 23:27:04:274"}
{"duration":"216ms","ip":"::ffff:127.0.0.1","level":"\u001b[35mhttp\u001b[39m","message":"\u001b[35mHTTP Request\u001b[39m","method":"GET","status":200,"timestamp":"2026-03-11 23:27:04:274","url":"/pix/qrcode/149969899552","userAgent":"Mozilla/5.0 (Windows NT 10.0; Win64; x64; rv:148.0) Gecko/20100101 Firefox/148.0"}
{"duration":"1ms","ip":"::ffff:127.0.0.1","level":"\u001b[35mhttp\u001b[39m","message":"\u001b[35mHTTP Request\u001b[39m","method":"GET","status":304,"timestamp":"2026-03-11 23:28:46:2846","url":"/public-key","userAgent":"Mozilla/5.0 (Windows NT 10.0; Win64; x64; rv:148.0) Gecko/20100101 Firefox/148.0"}
{"duration":"1ms","ip":"::ffff:127.0.0.1","level":"\u001b[35mhttp\u001b[39m","message":"\u001b[35mHTTP Request\u001b[39m","method":"GET","status":200,"timestamp":"2026-03-11 23:28:46:2846","url":"/public-key","userAgent":"Mozilla/5.0 (Windows NT 10.0; Win64; x64; rv:148.0) Gecko/20100101 Firefox/148.0"}
{"level":"\u001b[32minfo\u001b[39m","message":"\u001b[32mPagamento PIX criado\u001b[39m","orderId":"plan_monthly_1773282561595","paymentId":149970657068,"timestamp":"2026-03-11 23:29:22:2922"}
{"level":"\u001b[32minfo\u001b[39m","message":"\u001b[32mPreferência Mercado Pago criada\u001b[39m","preferenceId":"194511733-3d84b934-70ae-437c-b537-feec7aed10a7","timestamp":"2026-03-11 23:29:23:2923"}
{"level":"\u001b[32minfo\u001b[39m","message":"\u001b[32mPagamento criado\u001b[39m","paymentId":"69b225034230a464b88f27ac","preferenceId":"194511733-3d84b934-70ae-437c-b537-feec7aed10a7","timestamp":"2026-03-11 23:29:23:2923"}
{"duration":"1457ms","ip":"::ffff:127.0.0.1","level":"\u001b[35mhttp\u001b[39m","message":"\u001b[35mHTTP Request\u001b[39m","method":"POST","status":200,"timestamp":"2026-03-11 23:29:23:2923","url":"/pix/create","userAgent":"Mozilla/5.0 (Windows NT 10.0; Win64; x64; rv:148.0) Gecko/20100101 Firefox/148.0"}
{"level":"\u001b[32minfo\u001b[39m","message":"\u001b[32mQR Code PIX obtido\u001b[39m","paymentId":"149970657068","timestamp":"2026-03-11 23:29:23:2923"}
{"duration":"197ms","ip":"::ffff:127.0.0.1","level":"\u001b[35mhttp\u001b[39m","message":"\u001b[35mHTTP Request\u001b[39m","method":"GET","status":200,"timestamp":"2026-03-11 23:29:23:2923","url":"/pix/qrcode/149970657068","userAgent":"Mozilla/5.0 (Windows NT 10.0; Win64; x64; rv:148.0) Gecko/20100101 Firefox/148.0"}
{"level":"\u001b[32minfo\u001b[39m","message":"\u001b[32mStatus PIX consultado\u001b[39m","paymentId":"149970657068","status":"pending","timestamp":"2026-03-11 23:31:03:313"}
{"duration":"500ms","ip":"::1","level":"\u001b[35mhttp\u001b[39m","message":"\u001b[35mHTTP Request\u001b[39m","method":"GET","status":200,"timestamp":"2026-03-11 23:31:03:313","url":"/pix/status/149970657068","userAgent":"Mozilla/5.0 (Windows NT 10.0; Win64; x64; rv:148.0) Gecko/20100101 Firefox/148.0"}
{"duration":"1ms","ip":"::ffff:127.0.0.1","level":"\u001b[35mhttp\u001b[39m","message":"\u001b[35mHTTP Request\u001b[39m","method":"GET","status":304,"timestamp":"2026-03-11 23:32:12:3212","url":"/public-key","userAgent":"Mozilla/5.0 (Windows NT 10.0; Win64; x64; rv:148.0) Gecko/20100101 Firefox/148.0"}
{"duration":"1ms","ip":"::ffff:127.0.0.1","level":"\u001b[35mhttp\u001b[39m","message":"\u001b[35mHTTP Request\u001b[39m","method":"GET","status":200,"timestamp":"2026-03-11 23:32:12:3212","url":"/public-key","userAgent":"Mozilla/5.0 (Windows NT 10.0; Win64; x64; rv:148.0) Gecko/20100101 Firefox/148.0"}
{"level":"\u001b[32minfo\u001b[39m","message":"\u001b[32mPagamento PIX criado\u001b[39m","orderId":"plan_monthly_1773282762684","paymentId":149970683364,"timestamp":"2026-03-11 23:32:43:3243"}
{"level":"\u001b[32minfo\u001b[39m","message":"\u001b[32mPreferência Mercado Pago criada\u001b[39m","preferenceId":"194511733-dc768f93-80da-4f7a-8fe8-23e9bf99bc70","timestamp":"2026-03-11 23:32:44:3244"}
{"level":"\u001b[32minfo\u001b[39m","message":"\u001b[32mPagamento criado\u001b[39m","paymentId":"69b225cc4230a464b88f27ae","preferenceId":"194511733-dc768f93-80da-4f7a-8fe8-23e9bf99bc70","timestamp":"2026-03-11 23:32:44:3244"}
{"duration":"1588ms","ip":"::ffff:127.0.0.1","level":"\u001b[35mhttp\u001b[39m","message":"\u001b[35mHTTP Request\u001b[39m","method":"POST","status":200,"timestamp":"2026-03-11 23:32:44:3244","url":"/pix/create","userAgent":"Mozilla/5.0 (Windows NT 10.0; Win64; x64; rv:148.0) Gecko/20100101 Firefox/148.0"}
{"level":"\u001b[32minfo\u001b[39m","message":"\u001b[32mQR Code PIX obtido\u001b[39m","paymentId":"149970683364","timestamp":"2026-03-11 23:32:44:3244"}
{"duration":"197ms","ip":"::ffff:127.0.0.1","level":"\u001b[35mhttp\u001b[39m","message":"\u001b[35mHTTP Request\u001b[39m","method":"GET","status":200,"timestamp":"2026-03-11 23:32:44:3244","url":"/pix/qrcode/149970683364","userAgent":"Mozilla/5.0 (Windows NT 10.0; Win64; x64; rv:148.0) Gecko/20100101 Firefox/148.0"}
