{"error":"Must provide your access_token to proceed","level":"\u001b[31merror\u001b[39m","message":"\u001b[31mErro ao criar pagamento PIX\u001b[39m","orderId":"plan_monthly_1773530008480","timestamp":"2026-03-14 20:13:29:1329"}
{"error":"Must provide your access_token to proceed","level":"\u001b[31merror\u001b[39m","message":"\u001b[31mErro ao criar pagamento PIX\u001b[39m","timestamp":"2026-03-14 20:13:29:1329"}
{"error":"Expected property name or '}' in JSON at position 1 (line 1 column 2)","ip":"::1","level":"\u001b[31merror\u001b[39m","message":"\u001b[31mErro não tratado\u001b[39m","method":"POST","stack":"SyntaxError: Expected property name or '}' in JSON at position 1 (line 1 column 2)\n    at JSON.parse (<anonymous>)\n    at parse (C:\\Users\\gilmar dutra\\Documents\\sored-novo-main\\backend\\node_modules\\body-parser\\lib\\types\\json.js:92:19)\n    at C:\\Users\\gilmar dutra\\Documents\\sored-novo-main\\backend\\node_modules\\body-parser\\lib\\read.js:128:18\n    at AsyncResource.runInAsyncScope (node:async_hooks:214:14)\n    at invokeCallback (C:\\Users\\gilmar dutra\\Documents\\sored-novo-main\\backend\\node_modules\\raw-body\\index.js:238:16)\n    at done (C:\\Users\\gilmar dutra\\Documents\\sored-novo-main\\backend\\node_modules\\raw-body\\index.js:227:7)\n    at IncomingMessage.onEnd (C:\\Users\\gilmar dutra\\Documents\\sored-novo-main\\backend\\node_modules\\raw-body\\index.js:287:7)\n    at IncomingMessage.emit (node:events:519:28)\n    at IncomingMessage.emit (node:domain:489:12)\n    at endReadableNT (node:internal/streams/readable:1698:12)","timestamp":"2026-03-14 20:20:59:2059","url":"/api/payments/pix/create"}
{"error":"Expected property name or '}' in JSON at position 1 (line 1 column 2)","ip":"::1","level":"\u001b[31merror\u001b[39m","message":"\u001b[31mErro não tratado\u001b[39m","method":"POST","stack":"SyntaxError: Expected property name or '}' in JSON at position 1 (line 1 column 2)\n    at JSON.parse (<anonymous>)\n    at parse (C:\\Users\\gilmar dutra\\Documents\\sored-novo-main\\backend\\node_modules\\body-parser\\lib\\types\\json.js:92:19)\n    at C:\\Users\\gilmar dutra\\Documents\\sored-novo-main\\backend\\node_modules\\body-parser\\lib\\read.js:128:18\n    at AsyncResource.runInAsyncScope (node:async_hooks:214:14)\n    at invokeCallback (C:\\Users\\gilmar dutra\\Documents\\sored-novo-main\\backend\\node_modules\\raw-body\\index.js:238:16)\n    at done (C:\\Users\\gilmar dutra\\Documents\\sored-novo-main\\backend\\node_modules\\raw-body\\index.js:227:7)\n    at IncomingMessage.onEnd (C:\\Users\\gilmar dutra\\Documents\\sored-novo-main\\backend\\node_modules\\raw-body\\index.js:287:7)\n    at IncomingMessage.emit (node:events:519:28)\n    at IncomingMessage.emit (node:domain:489:12)\n    at endReadableNT (node:internal/streams/readable:1698:12)","timestamp":"2026-03-14 20:21:07:217","url":"/api/payments/pix/create"}
{"error":"invalid access token","level":"\u001b[31merror\u001b[39m","message":"\u001b[31mErro ao criar pagamento PIX\u001b[39m","orderId":"test123","timestamp":"2026-03-14 20:21:25:2125"}
{"error":"invalid access token","level":"\u001b[31merror\u001b[39m","message":"\u001b[31mErro ao criar pagamento PIX\u001b[39m","timestamp":"2026-03-14 20:21:25:2125"}
{"error":"invalid access token","level":"\u001b[31merror\u001b[39m","message":"\u001b[31mErro ao criar pagamento PIX\u001b[39m","orderId":"test123","timestamp":"2026-03-14 20:38:58:3858"}
{"error":"invalid access token","level":"\u001b[31merror\u001b[39m","message":"\u001b[31mErro ao criar pagamento PIX\u001b[39m","timestamp":"2026-03-14 20:38:58:3858"}
{"error":"invalid access token","level":"\u001b[31merror\u001b[39m","message":"\u001b[31mErro ao criar preferência de pagamento\u001b[39m","orderId":"plan_monthly_1773532416789","timestamp":"2026-03-14 20:53:39:5339"}
{"error":"invalid access token","level":"\u001b[31merror\u001b[39m","message":"\u001b[31mErro ao criar pagamento PIX\u001b[39m","orderId":"test123","timestamp":"2026-03-14 20:55:28:5528"}
{"error":"invalid access token","level":"\u001b[31merror\u001b[39m","message":"\u001b[31mErro ao criar preferência Mercado Pago\u001b[39m","timestamp":"2026-03-14 20:55:32:5532"}
{"error":"invalid access token","level":"\u001b[31merror\u001b[39m","message":"\u001b[31mErro ao criar pagamento PIX\u001b[39m","timestamp":"2026-03-14 20:55:32:5532"}
{"error":"invalid access token","level":"\u001b[31merror\u001b[39m","message":"\u001b[31mErro ao criar pagamento PIX\u001b[39m","orderId":"plan_monthly_1773534724496","timestamp":"2026-03-14 21:32:07:327"}
{"error":"invalid access token","level":"\u001b[31merror\u001b[39m","message":"\u001b[31mErro ao criar pagamento PIX\u001b[39m","timestamp":"2026-03-14 21:32:07:327"}
{"error":"invalid access token","level":"\u001b[31merror\u001b[39m","message":"\u001b[31mErro ao criar pagamento PIX\u001b[39m","orderId":"test123","timestamp":"2026-03-14 21:49:44:4944"}
{"error":"invalid access token","level":"\u001b[31merror\u001b[39m","message":"\u001b[31mErro ao criar pagamento PIX\u001b[39m","timestamp":"2026-03-14 21:49:44:4944"}
{"error":"invalid access token","level":"\u001b[31merror\u001b[39m","message":"\u001b[31mErro ao criar pagamento PIX\u001b[39m","orderId":"test123","timestamp":"2026-03-14 21:52:31:5231"}
{"error":"invalid access token","level":"\u001b[31merror\u001b[39m","message":"\u001b[31mErro ao criar pagamento PIX\u001b[39m","timestamp":"2026-03-14 21:52:31:5231"}
{"error":"invalid access token","level":"\u001b[31merror\u001b[39m","message":"\u001b[31mErro ao criar pagamento PIX\u001b[39m","orderId":"test123","timestamp":"2026-03-14 21:56:08:568"}
{"error":"invalid access token","level":"\u001b[31merror\u001b[39m","message":"\u001b[31mErro ao criar preferência Mercado Pago\u001b[39m","timestamp":"2026-03-14 21:56:10:5610"}
{"error":"invalid access token","level":"\u001b[31merror\u001b[39m","message":"\u001b[31mErro ao criar pagamento PIX\u001b[39m","timestamp":"2026-03-14 21:56:10:5610"}
{"error":"invalid access token","level":"\u001b[31merror\u001b[39m","message":"\u001b[31mErro ao criar pagamento PIX\u001b[39m","orderId":"test123","timestamp":"2026-03-14 21:56:58:5658"}
{"error":"invalid access token","level":"\u001b[31merror\u001b[39m","message":"\u001b[31mErro ao criar preferência Mercado Pago\u001b[39m","timestamp":"2026-03-14 21:57:01:571"}
{"error":"invalid access token","level":"\u001b[31merror\u001b[39m","message":"\u001b[31mErro ao criar pagamento PIX\u001b[39m","timestamp":"2026-03-14 21:57:01:571"}
{"error":"invalid access token","level":"\u001b[31merror\u001b[39m","message":"\u001b[31mErro ao criar pagamento PIX\u001b[39m","orderId":"test123","timestamp":"2026-03-14 21:57:34:5734"}
{"error":"invalid access token","level":"\u001b[31merror\u001b[39m","message":"\u001b[31mErro ao criar preferência Mercado Pago\u001b[39m","timestamp":"2026-03-14 21:57:36:5736"}
{"error":"invalid access token","level":"\u001b[31merror\u001b[39m","message":"\u001b[31mErro ao criar pagamento PIX\u001b[39m","timestamp":"2026-03-14 21:57:36:5736"}
{"error":"invalid access token","level":"\u001b[31merror\u001b[39m","message":"\u001b[31mErro ao criar pagamento PIX\u001b[39m","orderId":"test123","timestamp":"2026-03-14 21:58:10:5810"}
{"error":"invalid access token","level":"\u001b[31merror\u001b[39m","message":"\u001b[31mErro ao criar preferência Mercado Pago\u001b[39m","timestamp":"2026-03-14 21:58:12:5812"}
{"error":"invalid access token","level":"\u001b[31merror\u001b[39m","message":"\u001b[31mErro ao criar pagamento PIX\u001b[39m","timestamp":"2026-03-14 21:58:12:5812"}
{"error":"invalid access token","level":"\u001b[31merror\u001b[39m","message":"\u001b[31mErro ao criar pagamento PIX\u001b[39m","orderId":"test123","timestamp":"2026-03-14 22:00:54:054"}
{"error":"invalid access token","level":"\u001b[31merror\u001b[39m","message":"\u001b[31mErro ao criar preferência Mercado Pago\u001b[39m","timestamp":"2026-03-14 22:00:57:057"}
{"error":"invalid access token","level":"\u001b[31merror\u001b[39m","message":"\u001b[31mErro ao criar pagamento PIX\u001b[39m","timestamp":"2026-03-14 22:00:57:057"}
{"error":"invalid access token","level":"\u001b[31merror\u001b[39m","message":"\u001b[31mErro ao criar pagamento PIX\u001b[39m","orderId":"test123","timestamp":"2026-03-14 22:01:46:146"}
{"error":"invalid access token","level":"\u001b[31merror\u001b[39m","message":"\u001b[31mErro ao criar preferência Mercado Pago\u001b[39m","timestamp":"2026-03-14 22:01:48:148"}
{"error":"invalid access token","level":"\u001b[31merror\u001b[39m","message":"\u001b[31mErro ao criar pagamento PIX\u001b[39m","timestamp":"2026-03-14 22:01:48:148"}
{"error":"invalid access token","level":"\u001b[31merror\u001b[39m","message":"\u001b[31mErro ao criar pagamento PIX\u001b[39m","orderId":"test123","timestamp":"2026-03-14 22:02:42:242"}
{"error":"invalid access token","level":"\u001b[31merror\u001b[39m","message":"\u001b[31mErro ao criar preferência Mercado Pago\u001b[39m","timestamp":"2026-03-14 22:02:45:245"}
{"error":"invalid access token","level":"\u001b[31merror\u001b[39m","message":"\u001b[31mErro ao criar pagamento PIX\u001b[39m","timestamp":"2026-03-14 22:02:45:245"}
{"error":"invalid access token","level":"\u001b[31merror\u001b[39m","message":"\u001b[31mErro ao criar pagamento PIX\u001b[39m","orderId":"test123","timestamp":"2026-03-14 22:03:23:323"}
{"error":"invalid access token","level":"\u001b[31merror\u001b[39m","message":"\u001b[31mErro ao criar preferência Mercado Pago\u001b[39m","timestamp":"2026-03-14 22:03:25:325"}
{"error":"invalid access token","level":"\u001b[31merror\u001b[39m","message":"\u001b[31mErro ao criar pagamento PIX\u001b[39m","timestamp":"2026-03-14 22:03:25:325"}
{"error":"invalid access token","level":"\u001b[31merror\u001b[39m","message":"\u001b[31mErro ao criar pagamento PIX\u001b[39m","orderId":"test123","timestamp":"2026-03-14 22:04:09:49"}
{"error":"invalid access token","level":"\u001b[31merror\u001b[39m","message":"\u001b[31mErro ao criar preferência Mercado Pago\u001b[39m","timestamp":"2026-03-14 22:04:12:412"}
{"error":"invalid access token","level":"\u001b[31merror\u001b[39m","message":"\u001b[31mErro ao criar pagamento PIX\u001b[39m","timestamp":"2026-03-14 22:04:12:412"}
{"error":"Must provide your access_token to proceed","level":"\u001b[31merror\u001b[39m","message":"\u001b[31mErro ao criar pagamento PIX\u001b[39m","orderId":"test123","timestamp":"2026-03-14 22:10:42:1042"}
{"details":{"cause":[{"code":5,"data":"15-03-2026T01:10:42UTC;539956fd-43a5-4503-905b-6c00231d0f88","description":"Must provide your access_token to proceed"}],"error":"unauthorized","message":"Must provide your access_token to proceed","status":401},"error":"Must provide your access_token to proceed","level":"\u001b[31merror\u001b[39m","message":"\u001b[31mErro ao criar pagamento PIX\u001b[39m","timestamp":"2026-03-14 22:10:42:1042"}
{"error":"Must provide your access_token to proceed","level":"\u001b[31merror\u001b[39m","message":"\u001b[31mErro ao criar pagamento PIX\u001b[39m","orderId":"test123","timestamp":"2026-03-14 22:11:27:1127"}
{"details":{"cause":[{"code":5,"data":"15-03-2026T01:11:27UTC;7ed376d5-2dce-451b-9c3f-3107c62665fd","description":"Must provide your access_token to proceed"}],"error":"unauthorized","message":"Must provide your access_token to proceed","status":401},"error":"Must provide your access_token to proceed","level":"\u001b[31merror\u001b[39m","message":"\u001b[31mErro ao criar pagamento PIX\u001b[39m","timestamp":"2026-03-14 22:11:27:1127"}
{"error":"invalid access token","level":"\u001b[31merror\u001b[39m","message":"\u001b[31mErro ao criar pagamento PIX\u001b[39m","orderId":"test123","timestamp":"2026-03-14 22:13:19:1319"}
{"error":"invalid access token","level":"\u001b[31merror\u001b[39m","message":"\u001b[31mErro ao criar preferência de pagamento\u001b[39m","orderId":"test_credit_123","timestamp":"2026-03-14 22:13:48:1348"}
{"error":"Si quieres conocer los recursos de la API que se encuentran disponibles visita el Sitio de Desarrolladores de MercadoLibre (https://developers.mercadopago.com)","level":"\u001b[31merror\u001b[39m","message":"\u001b[31mErro ao obter QR Code PIX\u001b[39m","paymentId":"test_pix_1773537199746","timestamp":"2026-03-14 22:14:03:143"}
{"error":"Si quieres conocer los recursos de la API que se encuentran disponibles visita el Sitio de Desarrolladores de MercadoLibre (https://developers.mercadopago.com)","level":"\u001b[31merror\u001b[39m","message":"\u001b[31mErro ao obter QR Code PIX\u001b[39m","timestamp":"2026-03-14 22:14:03:143"}
{"error":"Si quieres conocer los recursos de la API que se encuentran disponibles visita el Sitio de Desarrolladores de MercadoLibre (https://developers.mercadopago.com)","level":"\u001b[31merror\u001b[39m","message":"\u001b[31mErro ao obter QR Code PIX\u001b[39m","paymentId":"test_pix_1773537199746","timestamp":"2026-03-14 22:14:39:1439"}
{"error":"Si quieres conocer los recursos de la API que se encuentran disponibles visita el Sitio de Desarrolladores de MercadoLibre (https://developers.mercadopago.com)","level":"\u001b[31merror\u001b[39m","message":"\u001b[31mErro ao obter QR Code PIX\u001b[39m","timestamp":"2026-03-14 22:14:39:1439"}
{"error":"invalid access token","level":"\u001b[31merror\u001b[39m","message":"\u001b[31mErro ao criar pagamento PIX\u001b[39m","orderId":"test123","timestamp":"2026-03-14 22:15:08:158"}
{"error":"Si quieres conocer los recursos de la API que se encuentran disponibles visita el Sitio de Desarrolladores de MercadoLibre (https://developers.mercadopago.com)","level":"\u001b[31merror\u001b[39m","message":"\u001b[31mErro ao obter QR Code PIX\u001b[39m","paymentId":"test_pix_1773537308727","timestamp":"2026-03-14 22:15:22:1522"}
{"error":"Si quieres conocer los recursos de la API que se encuentran disponibles visita el Sitio de Desarrolladores de MercadoLibre (https://developers.mercadopago.com)","level":"\u001b[31merror\u001b[39m","message":"\u001b[31mErro ao obter QR Code PIX\u001b[39m","timestamp":"2026-03-14 22:15:22:1522"}
{"error":"Si quieres conocer los recursos de la API que se encuentran disponibles visita el Sitio de Desarrolladores de MercadoLibre (https://developers.mercadopago.com)","level":"\u001b[31merror\u001b[39m","message":"\u001b[31mErro ao obter QR Code PIX\u001b[39m","paymentId":"test_pix_1773537308727","timestamp":"2026-03-14 22:16:10:1610"}
{"error":"Si quieres conocer los recursos de la API que se encuentran disponibles visita el Sitio de Desarrolladores de MercadoLibre (https://developers.mercadopago.com)","level":"\u001b[31merror\u001b[39m","message":"\u001b[31mErro ao obter QR Code PIX\u001b[39m","timestamp":"2026-03-14 22:16:10:1610"}
{"error":"Si quieres conocer los recursos de la API que se encuentran disponibles visita el Sitio de Desarrolladores de MercadoLibre (https://developers.mercadopago.com)","level":"\u001b[31merror\u001b[39m","message":"\u001b[31mErro ao obter QR Code PIX\u001b[39m","paymentId":"test_pix_123","timestamp":"2026-03-14 22:18:08:188"}
{"error":"invalid access token","level":"\u001b[31merror\u001b[39m","message":"\u001b[31mErro ao criar preferência de pagamento\u001b[39m","orderId":"plan_monthly_1773537626662","timestamp":"2026-03-14 22:20:29:2029"}
{"error":"invalid access token","level":"\u001b[31merror\u001b[39m","message":"\u001b[31mErro ao criar preferência de pagamento\u001b[39m","orderId":"plan_monthly_1773538486541","timestamp":"2026-03-14 22:34:50:3450"}
{"error":"invalid access token","level":"\u001b[31merror\u001b[39m","message":"\u001b[31mErro ao criar sessão de checkout\u001b[39m","timestamp":"2026-03-14 22:34:50:3450"}
{"error":"invalid access token","level":"\u001b[31merror\u001b[39m","message":"\u001b[31mErro ao criar pagamento PIX\u001b[39m","orderId":"test123","timestamp":"2026-03-14 22:34:52:3452"}
{"details":{"code":"unauthorized","message":"invalid access token"},"error":"invalid access token","level":"\u001b[31merror\u001b[39m","message":"\u001b[31mErro ao criar pagamento PIX\u001b[39m","timestamp":"2026-03-14 22:34:52:3452"}
{"error":"invalid access token","level":"\u001b[31merror\u001b[39m","message":"\u001b[31mErro ao criar pagamento PIX\u001b[39m","orderId":"test123","timestamp":"2026-03-14 22:38:08:388"}
{"details":{"code":"unauthorized","message":"invalid access token"},"error":"invalid access token","level":"\u001b[31merror\u001b[39m","message":"\u001b[31mErro ao criar pagamento PIX\u001b[39m","timestamp":"2026-03-14 22:38:08:388"}
{"error":"invalid access token","level":"\u001b[31merror\u001b[39m","message":"\u001b[31mErro ao criar preferência de pagamento\u001b[39m","orderId":"plan_monthly_1773538750644","timestamp":"2026-03-14 22:39:13:3913"}
{"error":"invalid access token","level":"\u001b[31merror\u001b[39m","message":"\u001b[31mErro ao criar sessão de checkout\u001b[39m","timestamp":"2026-03-14 22:39:13:3913"}
{"error":"invalid access token","level":"\u001b[31merror\u001b[39m","message":"\u001b[31mErro ao criar pagamento PIX\u001b[39m","orderId":"test123","timestamp":"2026-03-14 22:42:18:4218"}
{"error":"Si quieres conocer los recursos de la API que se encuentran disponibles visita el Sitio de Desarrolladores de MercadoLibre (https://developers.mercadopago.com)","level":"\u001b[31merror\u001b[39m","message":"\u001b[31mErro ao obter QR Code PIX\u001b[39m","paymentId":"test_pix_1773538938039","timestamp":"2026-03-14 22:42:47:4247"}
{"error":"invalid access token","level":"\u001b[31merror\u001b[39m","message":"\u001b[31mErro ao criar preferência de pagamento\u001b[39m","orderId":"test_credit_123","timestamp":"2026-03-14 22:43:10:4310"}
{"error":"Must provide your access_token to proceed","level":"\u001b[31merror\u001b[39m","message":"\u001b[31mErro ao criar pagamento PIX\u001b[39m","orderId":"test_123","statusCode":401,"timestamp":"2026-03-14 23:09:15:915"}
{"error":"Must provide your access_token to proceed","level":"\u001b[31merror\u001b[39m","message":"\u001b[31mErro ao criar pagamento PIX\u001b[39m","orderId":"","statusCode":401,"timestamp":"2026-03-14 23:09:15:915"}
{"error":"At least one policy returned UNAUTHORIZED.","level":"\u001b[31merror\u001b[39m","message":"\u001b[31mErro ao criar preferência Mercado Pago\u001b[39m","timestamp":"2026-03-14 23:09:16:916"}
{"error":"Si quieres conocer los recursos de la API que se encuentran disponibles visita el Sitio de Desarrolladores de MercadoLibre (https://developers.mercadopago.com)","level":"\u001b[31merror\u001b[39m","message":"\u001b[31mErro ao obter QR Code PIX\u001b[39m","paymentId":"test_pix_123456789","timestamp":"2026-03-14 23:09:18:918"}
{"error":"Si quieres conocer los recursos de la API que se encuentran disponibles visita el Sitio de Desarrolladores de MercadoLibre (https://developers.mercadopago.com)","level":"\u001b[31merror\u001b[39m","message":"\u001b[31mErro ao obter QR Code PIX\u001b[39m","paymentId":"nonexistent_payment","timestamp":"2026-03-14 23:09:21:921"}
{"error":"Must provide your access_token to proceed","level":"\u001b[31merror\u001b[39m","message":"\u001b[31mErro ao criar pagamento PIX\u001b[39m","orderId":"test_validation_123","statusCode":401,"timestamp":"2026-03-14 23:09:21:921"}
{"error":"Must provide your access_token to proceed","level":"\u001b[31merror\u001b[39m","message":"\u001b[31mErro ao criar pagamento PIX\u001b[39m","orderId":"test_amount_0.01","statusCode":401,"timestamp":"2026-03-14 23:09:21:921"}
{"error":"Must provide your access_token to proceed","level":"\u001b[31merror\u001b[39m","message":"\u001b[31mErro ao criar pagamento PIX\u001b[39m","orderId":"test_amount_100","statusCode":401,"timestamp":"2026-03-14 23:09:21:921"}
{"error":"Must provide your access_token to proceed","level":"\u001b[31merror\u001b[39m","message":"\u001b[31mErro ao criar pagamento PIX\u001b[39m","orderId":"test_amount_9999.99","statusCode":401,"timestamp":"2026-03-14 23:09:22:922"}
{"error":"invalid access token","level":"\u001b[31merror\u001b[39m","message":"\u001b[31mErro ao criar pagamento PIX\u001b[39m","orderId":"plan_monthly_1773541508462","timestamp":"2026-03-14 23:25:11:2511"}
{"error":"Si quieres conocer los recursos de la API que se encuentran disponibles visita el Sitio de Desarrolladores de MercadoLibre (https://developers.mercadopago.com)","level":"\u001b[31merror\u001b[39m","message":"\u001b[31mErro ao obter QR Code PIX\u001b[39m","paymentId":"test_pix_1773541511821","timestamp":"2026-03-14 23:25:15:2515"}
{"error":"auto_return invalid. back_url.success must be defined","level":"\u001b[31merror\u001b[39m","message":"\u001b[31mErro ao criar preferência de pagamento\u001b[39m","orderId":"test_fixed_123","timestamp":"2026-03-14 23:49:28:4928"}
{"error":"auto_return invalid. back_url.success must be defined","level":"\u001b[31merror\u001b[39m","message":"\u001b[31mErro ao criar sessão de checkout\u001b[39m","timestamp":"2026-03-14 23:49:28:4928"}
