{"level":"\u001b[32minfo\u001b[39m","message":"\u001b[32mMercado Pago configurado com sucesso (SDK v2)\u001b[39m","timestamp":"2026-03-14 15:41:27:4127"}
{"environment":"development","level":"\u001b[32minfo\u001b[39m","message":"\u001b[32mSORED Backend iniciado\u001b[39m","port":"3001","timestamp":"2026-03-14 15:41:27:4127"}
{"level":"\u001b[32minfo\u001b[39m","message":"\u001b[32mMongoDB conectado com sucesso\u001b[39m","timestamp":"2026-03-14 15:41:27:4127","uri":"mongodb://localhost:27017/sored"}
{"level":"\u001b[32minfo\u001b[39m","message":"\u001b[32mHealth check hit\u001b[39m","timestamp":"2026-03-14 15:42:26:4226"}
{"duration":"51ms","ip":"::1","level":"\u001b[35mhttp\u001b[39m","message":"\u001b[35mHTTP Request\u001b[39m","method":"GET","status":200,"timestamp":"2026-03-14 15:42:26:4226","url":"/api/health","userAgent":"Mozilla/5.0 (Windows NT 10.0; Win64; x64) AppleWebKit/537.36 (KHTML, like Gecko) Chrome/145.0.0.0 Safari/537.36"}
{"duration":"5ms","ip":"::1","level":"\u001b[35mhttp\u001b[39m","message":"\u001b[35mHTTP Request\u001b[39m","method":"GET","status":404,"timestamp":"2026-03-14 15:42:27:4227","url":"/favicon.ico","userAgent":"Mozilla/5.0 (Windows NT 10.0; Win64; x64) AppleWebKit/537.36 (KHTML, like Gecko) Chrome/145.0.0.0 Safari/537.36"}
{"level":"\u001b[32minfo\u001b[39m","message":"\u001b[32mMercado Pago configurado com sucesso (SDK v2)\u001b[39m","timestamp":"2026-03-14 15:47:32:4732"}
{"environment":"development","level":"\u001b[32minfo\u001b[39m","message":"\u001b[32mSORED Backend iniciado\u001b[39m","port":"3001","timestamp":"2026-03-14 15:47:33:4733"}
{"level":"\u001b[32minfo\u001b[39m","message":"\u001b[32mMongoDB conectado com sucesso\u001b[39m","timestamp":"2026-03-14 15:47:33:4733","uri":"mongodb://localhost:27017/sored"}
{"level":"\u001b[32minfo\u001b[39m","message":"\u001b[32mMercado Pago configurado com sucesso (SDK v2)\u001b[39m","timestamp":"2026-03-14 15:47:44:4744"}
{"environment":"development","level":"\u001b[32minfo\u001b[39m","message":"\u001b[32mSORED Backend iniciado\u001b[39m","port":"3001","timestamp":"2026-03-14 15:47:44:4744"}
{"level":"\u001b[32minfo\u001b[39m","message":"\u001b[32mMongoDB conectado com sucesso\u001b[39m","timestamp":"2026-03-14 15:47:44:4744","uri":"mongodb://localhost:27017/sored"}
{"level":"\u001b[32minfo\u001b[39m","message":"\u001b[32mMercado Pago configurado com sucesso (SDK v2)\u001b[39m","timestamp":"2026-03-14 16:01:00:10"}
{"environment":"development","level":"\u001b[32minfo\u001b[39m","message":"\u001b[32mSORED Backend iniciado\u001b[39m","port":"3001","timestamp":"2026-03-14 16:01:01:11"}
{"level":"\u001b[32minfo\u001b[39m","message":"\u001b[32mMongoDB conectado com sucesso\u001b[39m","timestamp":"2026-03-14 16:01:01:11","uri":"mongodb://localhost:27017/sored"}
{"level":"\u001b[32minfo\u001b[39m","message":"\u001b[32mMercado Pago configurado com sucesso (SDK v2)\u001b[39m","timestamp":"2026-03-14 16:02:44:244"}
{"environment":"development","level":"\u001b[32minfo\u001b[39m","message":"\u001b[32mSORED Backend iniciado\u001b[39m","port":"3001","timestamp":"2026-03-14 16:02:45:245"}
{"level":"\u001b[32minfo\u001b[39m","message":"\u001b[32mMongoDB conectado com sucesso\u001b[39m","timestamp":"2026-03-14 16:02:45:245","uri":"mongodb://localhost:27017/sored"}
{"level":"\u001b[32minfo\u001b[39m","message":"\u001b[32mMercado Pago configurado com sucesso (SDK v2)\u001b[39m","timestamp":"2026-03-14 16:05:41:541"}
{"environment":"development","level":"\u001b[32minfo\u001b[39m","message":"\u001b[32mSORED Backend iniciado\u001b[39m","port":"3001","timestamp":"2026-03-14 16:05:42:542"}
{"level":"\u001b[32minfo\u001b[39m","message":"\u001b[32mMongoDB conectado com sucesso\u001b[39m","timestamp":"2026-03-14 16:05:42:542","uri":"mongodb://localhost:27017/sored"}
{"level":"\u001b[32minfo\u001b[39m","message":"\u001b[32mMercado Pago configurado com sucesso (SDK v2)\u001b[39m","timestamp":"2026-03-14 16:24:32:2432"}
{"environment":"development","level":"\u001b[32minfo\u001b[39m","message":"\u001b[32mSORED Backend iniciado\u001b[39m","port":"3001","timestamp":"2026-03-14 16:24:32:2432"}
{"level":"\u001b[32minfo\u001b[39m","message":"\u001b[32mMongoDB conectado com sucesso\u001b[39m","timestamp":"2026-03-14 16:24:32:2432","uri":"mongodb://localhost:27017/sored"}
{"level":"\u001b[32minfo\u001b[39m","message":"\u001b[32mMercado Pago configurado com sucesso (SDK v2)\u001b[39m","timestamp":"2026-03-14 16:26:20:2620"}
{"environment":"development","level":"\u001b[32minfo\u001b[39m","message":"\u001b[32mSORED Backend iniciado\u001b[39m","port":"3001","timestamp":"2026-03-14 16:26:21:2621"}
{"level":"\u001b[32minfo\u001b[39m","message":"\u001b[32mMongoDB conectado com sucesso\u001b[39m","timestamp":"2026-03-14 16:26:21:2621","uri":"mongodb://localhost:27017/sored"}
{"level":"\u001b[32minfo\u001b[39m","message":"\u001b[32mMercado Pago configurado com sucesso (SDK v2)\u001b[39m","timestamp":"2026-03-14 16:42:48:4248"}
{"environment":"development","level":"\u001b[32minfo\u001b[39m","message":"\u001b[32mSORED Backend iniciado\u001b[39m","port":"3001","timestamp":"2026-03-14 16:42:48:4248"}
{"level":"\u001b[32minfo\u001b[39m","message":"\u001b[32mMongoDB conectado com sucesso\u001b[39m","timestamp":"2026-03-14 16:42:48:4248","uri":"mongodb://localhost:27017/sored"}
{"duration":"10ms","ip":"::1","level":"\u001b[35mhttp\u001b[39m","message":"\u001b[35mHTTP Request\u001b[39m","method":"GET","status":200,"timestamp":"2026-03-14 16:43:16:4316","url":"/public-key","userAgent":"curl/8.18.0"}
{"email":"test@email.com","ip":"::1","level":"\u001b[32minfo\u001b[39m","message":"\u001b[32mTentativa de login\u001b[39m","timestamp":"2026-03-14 16:55:53:5553"}
{"email":"test@email.com","ip":"::1","level":"\u001b[33mwarn\u001b[39m","message":"\u001b[33mTentativa de login com usuário não encontrado\u001b[39m","timestamp":"2026-03-14 16:55:53:5553"}
{"duration":"138ms","ip":"::1","level":"\u001b[35mhttp\u001b[39m","message":"\u001b[35mHTTP Request\u001b[39m","method":"POST","status":401,"timestamp":"2026-03-14 16:55:53:5553","url":"/login","userAgent":"curl/8.18.0"}
{"duration":"40ms","ip":"::1","level":"\u001b[35mhttp\u001b[39m","message":"\u001b[35mHTTP Request\u001b[39m","method":"POST","status":400,"timestamp":"2026-03-14 16:56:11:5611","url":"/register","userAgent":"curl/8.18.0"}
{"duration":"721ms","ip":"::1","level":"\u001b[35mhttp\u001b[39m","message":"\u001b[35mHTTP Request\u001b[39m","method":"POST","status":201,"timestamp":"2026-03-14 16:56:31:5631","url":"/register","userAgent":"curl/8.18.0"}
{"email":"user@sored.com","ip":"::1","level":"\u001b[32minfo\u001b[39m","message":"\u001b[32mTentativa de login\u001b[39m","timestamp":"2026-03-14 16:56:56:5656"}
{"email":"user@sored.com","level":"\u001b[32minfo\u001b[39m","message":"\u001b[32mLogin bem-sucedido\u001b[39m","timestamp":"2026-03-14 16:56:57:5657","userId":"69b5bd6f80a5daa71902758e"}
{"duration":"571ms","ip":"::1","level":"\u001b[35mhttp\u001b[39m","message":"\u001b[35mHTTP Request\u001b[39m","method":"POST","status":200,"timestamp":"2026-03-14 16:56:57:5657","url":"/login","userAgent":"curl/8.18.0"}
{"level":"\u001b[32minfo\u001b[39m","message":"\u001b[32mMercado Pago configurado com sucesso (SDK v2)\u001b[39m","timestamp":"2026-03-14 17:02:55:255"}
{"environment":"development","level":"\u001b[32minfo\u001b[39m","message":"\u001b[32mSORED Backend iniciado\u001b[39m","port":"3001","timestamp":"2026-03-14 17:02:55:255"}
{"level":"\u001b[32minfo\u001b[39m","message":"\u001b[32mMongoDB conectado com sucesso\u001b[39m","timestamp":"2026-03-14 17:02:55:255","uri":"mongodb://localhost:27017/sored"}
{"duration":"11ms","ip":"::1","level":"\u001b[35mhttp\u001b[39m","message":"\u001b[35mHTTP Request\u001b[39m","method":"GET","status":200,"timestamp":"2026-03-14 17:03:31:331","url":"/public-key","userAgent":"curl/8.18.0"}
{"level":"\u001b[32minfo\u001b[39m","message":"\u001b[32mMercado Pago configurado com sucesso (SDK v2)\u001b[39m","timestamp":"2026-03-14 17:28:56:2856"}
{"environment":"development","level":"\u001b[32minfo\u001b[39m","message":"\u001b[32mSORED Backend iniciado\u001b[39m","port":"3001","timestamp":"2026-03-14 17:28:57:2857"}
{"level":"\u001b[32minfo\u001b[39m","message":"\u001b[32mMongoDB conectado com sucesso\u001b[39m","timestamp":"2026-03-14 17:28:57:2857","uri":"mongodb://localhost:27017/sored"}
{"duration":"8ms","ip":"::1","level":"\u001b[35mhttp\u001b[39m","message":"\u001b[35mHTTP Request\u001b[39m","method":"GET","status":200,"timestamp":"2026-03-14 17:29:27:2927","url":"/public-key","userAgent":"curl/8.18.0"}
{"email":"user@sored.com","ip":"::1","level":"\u001b[32minfo\u001b[39m","message":"\u001b[32mTentativa de login\u001b[39m","timestamp":"2026-03-14 17:29:43:2943"}
{"email":"user@sored.com","level":"\u001b[32minfo\u001b[39m","message":"\u001b[32mLogin bem-sucedido\u001b[39m","timestamp":"2026-03-14 17:29:44:2944","userId":"69b5bd6f80a5daa71902758e"}
{"duration":"700ms","ip":"::1","level":"\u001b[35mhttp\u001b[39m","message":"\u001b[35mHTTP Request\u001b[39m","method":"POST","status":200,"timestamp":"2026-03-14 17:29:44:2944","url":"/login","userAgent":"curl/8.18.0"}
{"duration":"155ms","ip":"::1","level":"\u001b[35mhttp\u001b[39m","message":"\u001b[35mHTTP Request\u001b[39m","method":"POST","status":404,"tenantId":"69b5ce9ca4c08123de5c09a5","timestamp":"2026-03-14 18:23:11:2311","url":"/api/payments/create-preference","userAgent":"curl/8.18.0","userId":"69b5ce9ca4c08123de5c09a7"}
{"external_reference":"test_order_123456","items":[{"currency_id":"BRL","id":"plan_monthly","quantity":1,"title":"Plano Mensal SORED","unit_price":99.9}],"level":"\u001b[32minfo\u001b[39m","message":"\u001b[32mCreating checkout session with body:\u001b[39m","notification_url":"http://localhost:3000/api/payments/webhook","resolvedReturnUrl":"http://localhost:3000/subscription?success=true","timestamp":"2026-03-14 18:23:38:2338"}
{"error":"unit_price needed","level":"\u001b[31merror\u001b[39m","message":"\u001b[31mErro ao criar preferência de pagamento\u001b[39m","timestamp":"2026-03-14 18:23:42:2342"}
{"error":"unit_price needed","level":"\u001b[31merror\u001b[39m","message":"\u001b[31mErro ao criar sessão de checkout\u001b[39m","timestamp":"2026-03-14 18:23:42:2342"}
{"duration":"3798ms","ip":"::1","level":"\u001b[35mhttp\u001b[39m","message":"\u001b[35mHTTP Request\u001b[39m","method":"POST","status":500,"timestamp":"2026-03-14 18:23:42:2342","url":"/checkout","userAgent":"curl/8.18.0"}
{"amount":99.9,"description":"Teste Checkout","level":"\u001b[32minfo\u001b[39m","message":"\u001b[32mCreating checkout session with body:\u001b[39m","notificationUrl":"http://localhost:3000/api/payments/webhook","orderId":"test_order_123","payerEmail":"test@sored.com","payerFirstName":"Test","payerLastName":"User","payerPhone":"11999999999","resolvedReturnUrl":"http://localhost:3000/subscription?success=true","timestamp":"2026-03-14 18:48:48:4848"}
{"level":"\u001b[32minfo\u001b[39m","message":"\u001b[32mPreferência de pagamento criada\u001b[39m","orderId":"test_order_123","preferenceId":"194511733-45279cc4-23f5-403b-81c9-3d020f5e933f","timestamp":"2026-03-14 18:48:49:4849"}
{"level":"\u001b[32minfo\u001b[39m","message":"\u001b[32mPagamento interno criado para rastreamento\u001b[39m","paymentId":"69b5d7c1d5b0c870992185e4","preferenceId":"194511733-45279cc4-23f5-403b-81c9-3d020f5e933f","timestamp":"2026-03-14 18:48:49:4849"}
{"duration":"957ms","ip":"::1","level":"\u001b[35mhttp\u001b[39m","message":"\u001b[35mHTTP Request\u001b[39m","method":"POST","status":200,"timestamp":"2026-03-14 18:48:49:4849","url":"/checkout","userAgent":"curl/8.18.0"}
