{"level":"\u001b[33mwarn\u001b[39m","message":"\u001b[33mMERCADO_PAGO_ACCESS_TOKEN não configurado - Mercado Pago desativado\u001b[39m","timestamp":"2026-03-09 19:53:09:539"}
{"environment":"development","level":"\u001b[32minfo\u001b[39m","message":"\u001b[32mSORED Backend iniciado\u001b[39m","port":"3001","timestamp":"2026-03-09 19:53:09:539"}
{"level":"\u001b[32minfo\u001b[39m","message":"\u001b[32mMongoDB conectado com sucesso\u001b[39m","timestamp":"2026-03-09 19:53:10:5310","uri":"mongodb://localhost:27017/sored"}
{"environment":"development","level":"\u001b[32minfo\u001b[39m","message":"\u001b[32mSORED Backend iniciado\u001b[39m","port":"3001","timestamp":"2026-03-09 19:58:47:5847"}
{"level":"\u001b[32minfo\u001b[39m","message":"\u001b[32mMongoDB conectado com sucesso\u001b[39m","timestamp":"2026-03-09 19:58:47:5847","uri":"mongodb://localhost:27017/sored"}
{"email":"gilmar40dutra@gmail.com","ip":"::ffff:127.0.0.1","level":"\u001b[32minfo\u001b[39m","message":"\u001b[32mTentativa de login\u001b[39m","timestamp":"2026-03-09 19:59:21:5921"}
{"email":"gilmar40dutra@gmail.com","ip":"::ffff:127.0.0.1","level":"\u001b[33mwarn\u001b[39m","message":"\u001b[33mTentativa de login com senha incorreta\u001b[39m","timestamp":"2026-03-09 19:59:22:5922","userId":"697ec18a20506663093a7b16"}
{"duration":"1359ms","ip":"::ffff:127.0.0.1","level":"\u001b[35mhttp\u001b[39m","message":"\u001b[35mHTTP Request\u001b[39m","method":"POST","status":401,"timestamp":"2026-03-09 19:59:22:5922","url":"/login","userAgent":"Mozilla/5.0 (Windows NT 10.0; Win64; x64; rv:148.0) Gecko/20100101 Firefox/148.0"}
{"email":"gilmar42dutra@gmail.com","ip":"::ffff:127.0.0.1","level":"\u001b[32minfo\u001b[39m","message":"\u001b[32mTentativa de login\u001b[39m","timestamp":"2026-03-09 19:59:52:5952"}
{"email":"gilmar42dutra@gmail.com","level":"\u001b[32minfo\u001b[39m","message":"\u001b[32mLogin bem-sucedido\u001b[39m","timestamp":"2026-03-09 19:59:54:5954","userId":"69addb48fd1e8298518c43a0"}
{"duration":"3220ms","ip":"::ffff:127.0.0.1","level":"\u001b[35mhttp\u001b[39m","message":"\u001b[35mHTTP Request\u001b[39m","method":"POST","status":200,"timestamp":"2026-03-09 19:59:55:5955","url":"/login","userAgent":"Mozilla/5.0 (Windows NT 10.0; Win64; x64; rv:148.0) Gecko/20100101 Firefox/148.0"}
{"duration":"329ms","ip":"::ffff:127.0.0.1","level":"\u001b[35mhttp\u001b[39m","message":"\u001b[35mHTTP Request\u001b[39m","method":"GET","status":200,"tenantId":"69addb48fd1e8298518c439e","timestamp":"2026-03-09 19:59:58:5958","url":"/stats","userAgent":"Mozilla/5.0 (Windows NT 10.0; Win64; x64; rv:148.0) Gecko/20100101 Firefox/148.0","userId":"69addb48fd1e8298518c43a0"}
{"duration":"324ms","ip":"::ffff:127.0.0.1","level":"\u001b[35mhttp\u001b[39m","message":"\u001b[35mHTTP Request\u001b[39m","method":"GET","status":200,"tenantId":"69addb48fd1e8298518c439e","timestamp":"2026-03-09 19:59:58:5958","url":"/stats","userAgent":"Mozilla/5.0 (Windows NT 10.0; Win64; x64; rv:148.0) Gecko/20100101 Firefox/148.0","userId":"69addb48fd1e8298518c43a0"}
{"duration":"82ms","ip":"::ffff:127.0.0.1","level":"\u001b[35mhttp\u001b[39m","message":"\u001b[35mHTTP Request\u001b[39m","method":"GET","status":200,"tenantId":"69addb48fd1e8298518c439e","timestamp":"2026-03-09 20:00:13:013","url":"/","userAgent":"Mozilla/5.0 (Windows NT 10.0; Win64; x64; rv:148.0) Gecko/20100101 Firefox/148.0","userId":"69addb48fd1e8298518c43a0"}
{"duration":"95ms","ip":"::ffff:127.0.0.1","level":"\u001b[35mhttp\u001b[39m","message":"\u001b[35mHTTP Request\u001b[39m","method":"GET","status":304,"tenantId":"69addb48fd1e8298518c439e","timestamp":"2026-03-09 20:00:13:013","url":"/","userAgent":"Mozilla/5.0 (Windows NT 10.0; Win64; x64; rv:148.0) Gecko/20100101 Firefox/148.0","userId":"69addb48fd1e8298518c43a0"}
{"duration":"67ms","ip":"::ffff:127.0.0.1","level":"\u001b[35mhttp\u001b[39m","message":"\u001b[35mHTTP Request\u001b[39m","method":"GET","status":304,"tenantId":"69addb48fd1e8298518c439e","timestamp":"2026-03-09 20:00:17:017","url":"/","userAgent":"Mozilla/5.0 (Windows NT 10.0; Win64; x64; rv:148.0) Gecko/20100101 Firefox/148.0","userId":"69addb48fd1e8298518c43a0"}
{"duration":"69ms","ip":"::ffff:127.0.0.1","level":"\u001b[35mhttp\u001b[39m","message":"\u001b[35mHTTP Request\u001b[39m","method":"GET","status":200,"tenantId":"69addb48fd1e8298518c439e","timestamp":"2026-03-09 20:00:17:017","url":"/","userAgent":"Mozilla/5.0 (Windows NT 10.0; Win64; x64; rv:148.0) Gecko/20100101 Firefox/148.0","userId":"69addb48fd1e8298518c43a0"}
{"duration":"88ms","ip":"::ffff:127.0.0.1","level":"\u001b[35mhttp\u001b[39m","message":"\u001b[35mHTTP Request\u001b[39m","method":"GET","status":304,"tenantId":"69addb48fd1e8298518c439e","timestamp":"2026-03-09 20:00:22:022","url":"/stats","userAgent":"Mozilla/5.0 (Windows NT 10.0; Win64; x64; rv:148.0) Gecko/20100101 Firefox/148.0","userId":"69addb48fd1e8298518c43a0"}
{"duration":"118ms","ip":"::ffff:127.0.0.1","level":"\u001b[35mhttp\u001b[39m","message":"\u001b[35mHTTP Request\u001b[39m","method":"GET","status":200,"tenantId":"69addb48fd1e8298518c439e","timestamp":"2026-03-09 20:00:22:022","url":"/stats","userAgent":"Mozilla/5.0 (Windows NT 10.0; Win64; x64; rv:148.0) Gecko/20100101 Firefox/148.0","userId":"69addb48fd1e8298518c43a0"}
{"level":"\u001b[32minfo\u001b[39m","message":"\u001b[32mMongoDB desconectado\u001b[39m","timestamp":"2026-03-09 20:35:05:355"}
{"level":"\u001b[33mwarn\u001b[39m","message":"\u001b[33mMERCADO_PAGO_ACCESS_TOKEN não configurado - Mercado Pago desativado\u001b[39m","timestamp":"2026-03-09 21:03:41:341"}
{"environment":"development","level":"\u001b[32minfo\u001b[39m","message":"\u001b[32mSORED Backend iniciado\u001b[39m","port":"3001","timestamp":"2026-03-09 21:03:42:342"}
{"level":"\u001b[32minfo\u001b[39m","message":"\u001b[32mMongoDB conectado com sucesso\u001b[39m","timestamp":"2026-03-09 21:03:43:343","uri":"mongodb://localhost:27017/sored"}
{"error":"Expected property name or '}' in JSON at position 1 (line 1 column 2)","ip":"::1","level":"\u001b[31merror\u001b[39m","message":"\u001b[31mErro não tratado\u001b[39m","method":"POST","stack":"SyntaxError: Expected property name or '}' in JSON at position 1 (line 1 column 2)\n    at JSON.parse (<anonymous>)\n    at parse (C:\\Users\\gilmar dutra\\Documents\\sored-novo\\backend\\node_modules\\body-parser\\lib\\types\\json.js:92:19)\n    at C:\\Users\\gilmar dutra\\Documents\\sored-novo\\backend\\node_modules\\body-parser\\lib\\read.js:128:18\n    at AsyncResource.runInAsyncScope (node:async_hooks:214:14)\n    at invokeCallback (C:\\Users\\gilmar dutra\\Documents\\sored-novo\\backend\\node_modules\\raw-body\\index.js:238:16)\n    at done (C:\\Users\\gilmar dutra\\Documents\\sored-novo\\backend\\node_modules\\raw-body\\index.js:227:7)\n    at IncomingMessage.onEnd (C:\\Users\\gilmar dutra\\Documents\\sored-novo\\backend\\node_modules\\raw-body\\index.js:287:7)\n    at IncomingMessage.emit (node:events:519:28)\n    at IncomingMessage.emit (node:domain:489:12)\n    at endReadableNT (node:internal/streams/readable:1698:12)","timestamp":"2026-03-09 21:06:23:623","url":"/api/auth/register"}
{"duration":"20ms","ip":"::1","level":"\u001b[35mhttp\u001b[39m","message":"\u001b[35mHTTP Request\u001b[39m","method":"POST","status":400,"timestamp":"2026-03-09 21:06:44:644","url":"/register","userAgent":"curl/8.18.0"}
{"duration":"676ms","ip":"::1","level":"\u001b[35mhttp\u001b[39m","message":"\u001b[35mHTTP Request\u001b[39m","method":"POST","status":201,"timestamp":"2026-03-09 21:07:05:75","url":"/register","userAgent":"curl/8.18.0"}
{"level":"\u001b[33mwarn\u001b[39m","message":"\u001b[33mMERCADO_PAGO_ACCESS_TOKEN não configurado - Mercado Pago desativado\u001b[39m","timestamp":"2026-03-09 21:34:52:3452"}
{"environment":"development","level":"\u001b[32minfo\u001b[39m","message":"\u001b[32mSORED Backend iniciado\u001b[39m","port":"3001","timestamp":"2026-03-09 21:34:56:3456"}
{"level":"\u001b[32minfo\u001b[39m","message":"\u001b[32mMongoDB conectado com sucesso\u001b[39m","timestamp":"2026-03-09 21:34:56:3456","uri":"mongodb://localhost:27017/sored"}
{"duration":"102ms","ip":"::1","level":"\u001b[35mhttp\u001b[39m","message":"\u001b[35mHTTP Request\u001b[39m","method":"GET","status":401,"timestamp":"2026-03-09 22:25:45:2545","url":"/plans","userAgent":"curl/8.18.0"}
{"duration":"102ms","ip":"::1","level":"\u001b[35mhttp\u001b[39m","message":"\u001b[35mHTTP Request\u001b[39m","method":"GET","status":401,"timestamp":"2026-03-09 22:26:09:269","url":"/plans","userAgent":"curl/8.18.0"}
{"error":"Expected property name or '}' in JSON at position 1 (line 1 column 2)","ip":"::1","level":"\u001b[31merror\u001b[39m","message":"\u001b[31mErro não tratado\u001b[39m","method":"POST","stack":"SyntaxError: Expected property name or '}' in JSON at position 1 (line 1 column 2)\n    at JSON.parse (<anonymous>)\n    at parse (C:\\Users\\gilmar dutra\\Documents\\sored-novo\\backend\\node_modules\\body-parser\\lib\\types\\json.js:92:19)\n    at C:\\Users\\gilmar dutra\\Documents\\sored-novo\\backend\\node_modules\\body-parser\\lib\\read.js:128:18\n    at AsyncResource.runInAsyncScope (node:async_hooks:214:14)\n    at invokeCallback (C:\\Users\\gilmar dutra\\Documents\\sored-novo\\backend\\node_modules\\raw-body\\index.js:238:16)\n    at done (C:\\Users\\gilmar dutra\\Documents\\sored-novo\\backend\\node_modules\\raw-body\\index.js:227:7)\n    at IncomingMessage.onEnd (C:\\Users\\gilmar dutra\\Documents\\sored-novo\\backend\\node_modules\\raw-body\\index.js:287:7)\n    at IncomingMessage.emit (node:events:519:28)\n    at IncomingMessage.emit (node:domain:489:12)\n    at endReadableNT (node:internal/streams/readable:1698:12)","timestamp":"2026-03-09 22:26:19:2619","url":"/api/auth/login"}
{"email":"test@user.com","ip":"::1","level":"\u001b[32minfo\u001b[39m","message":"\u001b[32mTentativa de login\u001b[39m","timestamp":"2026-03-09 22:27:47:2747"}
{"email":"test@user.com","level":"\u001b[32minfo\u001b[39m","message":"\u001b[32mLogin bem-sucedido\u001b[39m","timestamp":"2026-03-09 22:27:48:2748","userId":"69af60a80c78812a2999fbea"}
{"duration":"832ms","ip":"::1","level":"\u001b[35mhttp\u001b[39m","message":"\u001b[35mHTTP Request\u001b[39m","method":"POST","status":200,"timestamp":"2026-03-09 22:27:48:2748","url":"/login","userAgent":"curl/8.18.0"}
{"duration":"2ms","ip":"::1","level":"\u001b[35mhttp\u001b[39m","message":"\u001b[35mHTTP Request\u001b[39m","method":"GET","status":401,"timestamp":"2026-03-09 22:27:56:2756","url":"/plans","userAgent":"curl/8.18.0"}
{"duration":"2ms","ip":"::1","level":"\u001b[35mhttp\u001b[39m","message":"\u001b[35mHTTP Request\u001b[39m","method":"GET","status":401,"timestamp":"2026-03-09 22:28:43:2843","url":"/plans","userAgent":"curl/8.18.0"}
{"error":"Expected property name or '}' in JSON at position 1 (line 1 column 2)","ip":"::1","level":"\u001b[31merror\u001b[39m","message":"\u001b[31mErro não tratado\u001b[39m","method":"POST","stack":"SyntaxError: Expected property name or '}' in JSON at position 1 (line 1 column 2)\n    at JSON.parse (<anonymous>)\n    at parse (C:\\Users\\gilmar dutra\\Documents\\sored-novo\\backend\\node_modules\\body-parser\\lib\\types\\json.js:92:19)\n    at C:\\Users\\gilmar dutra\\Documents\\sored-novo\\backend\\node_modules\\body-parser\\lib\\read.js:128:18\n    at AsyncResource.runInAsyncScope (node:async_hooks:214:14)\n    at invokeCallback (C:\\Users\\gilmar dutra\\Documents\\sored-novo\\backend\\node_modules\\raw-body\\index.js:238:16)\n    at done (C:\\Users\\gilmar dutra\\Documents\\sored-novo\\backend\\node_modules\\raw-body\\index.js:227:7)\n    at IncomingMessage.onEnd (C:\\Users\\gilmar dutra\\Documents\\sored-novo\\backend\\node_modules\\raw-body\\index.js:287:7)\n    at IncomingMessage.emit (node:events:519:28)\n    at IncomingMessage.emit (node:domain:489:12)\n    at endReadableNT (node:internal/streams/readable:1698:12)","timestamp":"2026-03-09 22:28:51:2851","url":"/api/auth/login"}
{"email":"test@user.com","ip":"::1","level":"\u001b[32minfo\u001b[39m","message":"\u001b[32mTentativa de login\u001b[39m","timestamp":"2026-03-09 22:29:13:2913"}
{"email":"test@user.com","level":"\u001b[32minfo\u001b[39m","message":"\u001b[32mLogin bem-sucedido\u001b[39m","timestamp":"2026-03-09 22:29:14:2914","userId":"69af60a80c78812a2999fbea"}
{"duration":"489ms","ip":"::1","level":"\u001b[35mhttp\u001b[39m","message":"\u001b[35mHTTP Request\u001b[39m","method":"POST","status":200,"timestamp":"2026-03-09 22:29:14:2914","url":"/login","userAgent":"curl/8.18.0"}
{"duration":"15ms","ip":"::1","level":"\u001b[35mhttp\u001b[39m","message":"\u001b[35mHTTP Request\u001b[39m","method":"GET","status":200,"tenantId":"69af60a80c78812a2999fbe8","timestamp":"2026-03-09 22:29:21:2921","url":"/plans","userAgent":"curl/8.18.0","userId":"69af60a80c78812a2999fbea"}
{"duration":"1ms","ip":"::1","level":"\u001b[35mhttp\u001b[39m","message":"\u001b[35mHTTP Request\u001b[39m","method":"GET","status":401,"timestamp":"2026-03-09 22:32:43:3243","url":"/plans","userAgent":"curl/8.18.0"}
{"duration":"11ms","ip":"::1","level":"\u001b[35mhttp\u001b[39m","message":"\u001b[35mHTTP Request\u001b[39m","method":"GET","status":200,"tenantId":"69af60a80c78812a2999fbe8","timestamp":"2026-03-09 22:32:52:3252","url":"/plans","userAgent":"curl/8.18.0","userId":"69af60a80c78812a2999fbea"}
{"duration":"15ms","ip":"::1","level":"\u001b[35mhttp\u001b[39m","message":"\u001b[35mHTTP Request\u001b[39m","method":"GET","status":200,"tenantId":"69af60a80c78812a2999fbe8","timestamp":"2026-03-09 22:35:46:3546","url":"/plans","userAgent":"curl/8.18.0","userId":"69af60a80c78812a2999fbea"}
{"duration":"49ms","ip":"::1","level":"\u001b[35mhttp\u001b[39m","message":"\u001b[35mHTTP Request\u001b[39m","method":"GET","status":200,"tenantId":"69af60a80c78812a2999fbe8","timestamp":"2026-03-09 22:35:55:3555","url":"/status","userAgent":"curl/8.18.0","userId":"69af60a80c78812a2999fbea"}
{"duration":"34ms","ip":"::1","level":"\u001b[35mhttp\u001b[39m","message":"\u001b[35mHTTP Request\u001b[39m","method":"GET","status":401,"timestamp":"2026-03-09 22:51:58:5158","url":"/status","userAgent":"curl/8.18.0"}
{"email":"test@user.com","ip":"::1","level":"\u001b[32minfo\u001b[39m","message":"\u001b[32mTentativa de login\u001b[39m","timestamp":"2026-03-09 22:52:06:526"}
{"email":"test@user.com","level":"\u001b[32minfo\u001b[39m","message":"\u001b[32mLogin bem-sucedido\u001b[39m","timestamp":"2026-03-09 22:52:06:526","userId":"69af60a80c78812a2999fbea"}
{"duration":"534ms","ip":"::1","level":"\u001b[35mhttp\u001b[39m","message":"\u001b[35mHTTP Request\u001b[39m","method":"POST","status":200,"timestamp":"2026-03-09 22:52:06:526","url":"/login","userAgent":"curl/8.18.0"}
{"duration":"1ms","ip":"::1","level":"\u001b[35mhttp\u001b[39m","message":"\u001b[35mHTTP Request\u001b[39m","method":"GET","status":401,"timestamp":"2026-03-09 22:52:25:5225","url":"/status","userAgent":"curl/8.18.0"}
{"duration":"0ms","ip":"::1","level":"\u001b[35mhttp\u001b[39m","message":"\u001b[35mHTTP Request\u001b[39m","method":"GET","status":401,"timestamp":"2026-03-09 22:52:35:5235","url":"/plans","userAgent":"curl/8.18.0"}
{"duration":"28ms","ip":"::1","level":"\u001b[35mhttp\u001b[39m","message":"\u001b[35mHTTP Request\u001b[39m","method":"GET","status":401,"timestamp":"2026-03-09 22:53:16:5316","url":"/status","userAgent":"curl/8.18.0"}
{"duration":"1ms","ip":"::1","level":"\u001b[35mhttp\u001b[39m","message":"\u001b[35mHTTP Request\u001b[39m","method":"GET","status":401,"timestamp":"2026-03-09 22:55:19:5519","url":"/plans","userAgent":"curl/8.18.0"}
{"duration":"1ms","ip":"::1","level":"\u001b[35mhttp\u001b[39m","message":"\u001b[35mHTTP Request\u001b[39m","method":"GET","status":401,"timestamp":"2026-03-09 22:55:27:5527","url":"/plans","userAgent":"curl/8.18.0"}
{"duration":"1ms","ip":"::1","level":"\u001b[35mhttp\u001b[39m","message":"\u001b[35mHTTP Request\u001b[39m","method":"GET","status":401,"timestamp":"2026-03-09 22:55:34:5534","url":"/status","userAgent":"curl/8.18.0"}
{"duration":"1ms","ip":"::1","level":"\u001b[35mhttp\u001b[39m","message":"\u001b[35mHTTP Request\u001b[39m","method":"GET","status":401,"timestamp":"2026-03-09 22:56:08:568","url":"/plans","userAgent":"curl/8.18.0"}
{"duration":"1ms","ip":"::1","level":"\u001b[35mhttp\u001b[39m","message":"\u001b[35mHTTP Request\u001b[39m","method":"GET","status":401,"timestamp":"2026-03-09 22:56:17:5617","url":"/plans","userAgent":"curl/8.18.0"}
{"duration":"2ms","ip":"::1","level":"\u001b[35mhttp\u001b[39m","message":"\u001b[35mHTTP Request\u001b[39m","method":"GET","status":401,"timestamp":"2026-03-09 22:56:37:5637","url":"/plans","userAgent":"curl/8.18.0"}
{"duration":"1ms","ip":"::1","level":"\u001b[35mhttp\u001b[39m","message":"\u001b[35mHTTP Request\u001b[39m","method":"GET","status":401,"timestamp":"2026-03-09 22:56:45:5645","url":"/plans","userAgent":"curl/8.18.0"}
{"duration":"0ms","ip":"::1","level":"\u001b[35mhttp\u001b[39m","message":"\u001b[35mHTTP Request\u001b[39m","method":"GET","status":401,"timestamp":"2026-03-09 22:56:53:5653","url":"/plans","userAgent":"curl/8.18.0"}
{"duration":"1ms","ip":"::1","level":"\u001b[35mhttp\u001b[39m","message":"\u001b[35mHTTP Request\u001b[39m","method":"GET","status":401,"timestamp":"2026-03-09 22:57:00:570","url":"/plans","userAgent":"curl/8.18.0"}
{"duration":"1ms","ip":"::1","level":"\u001b[35mhttp\u001b[39m","message":"\u001b[35mHTTP Request\u001b[39m","method":"GET","status":401,"timestamp":"2026-03-09 22:57:08:578","url":"/plans","userAgent":"curl/8.18.0"}
{"duration":"1ms","ip":"::1","level":"\u001b[35mhttp\u001b[39m","message":"\u001b[35mHTTP Request\u001b[39m","method":"GET","status":401,"timestamp":"2026-03-09 22:57:15:5715","url":"/plans","userAgent":"curl/8.18.0"}
{"duration":"1ms","ip":"::1","level":"\u001b[35mhttp\u001b[39m","message":"\u001b[35mHTTP Request\u001b[39m","method":"GET","status":401,"timestamp":"2026-03-09 22:57:27:5727","url":"/plans","userAgent":"curl/8.18.0"}
{"duration":"0ms","ip":"::1","level":"\u001b[35mhttp\u001b[39m","message":"\u001b[35mHTTP Request\u001b[39m","method":"GET","status":401,"timestamp":"2026-03-09 22:57:37:5737","url":"/plans","userAgent":"curl/8.18.0"}
{"duration":"1ms","ip":"::1","level":"\u001b[35mhttp\u001b[39m","message":"\u001b[35mHTTP Request\u001b[39m","method":"GET","status":401,"timestamp":"2026-03-09 22:57:44:5744","url":"/plans","userAgent":"curl/8.18.0"}
{"duration":"2ms","ip":"::1","level":"\u001b[35mhttp\u001b[39m","message":"\u001b[35mHTTP Request\u001b[39m","method":"GET","status":401,"timestamp":"2026-03-09 22:57:52:5752","url":"/plans","userAgent":"curl/8.18.0"}
{"duration":"1ms","ip":"::1","level":"\u001b[35mhttp\u001b[39m","message":"\u001b[35mHTTP Request\u001b[39m","method":"GET","status":401,"timestamp":"2026-03-09 22:57:59:5759","url":"/plans","userAgent":"curl/8.18.0"}
{"duration":"1ms","ip":"::1","level":"\u001b[35mhttp\u001b[39m","message":"\u001b[35mHTTP Request\u001b[39m","method":"GET","status":401,"timestamp":"2026-03-09 22:58:09:589","url":"/plans","userAgent":"curl/8.18.0"}
{"duration":"1ms","ip":"::1","level":"\u001b[35mhttp\u001b[39m","message":"\u001b[35mHTTP Request\u001b[39m","method":"GET","status":401,"timestamp":"2026-03-09 22:58:16:5816","url":"/plans","userAgent":"curl/8.18.0"}
{"duration":"0ms","ip":"::1","level":"\u001b[35mhttp\u001b[39m","message":"\u001b[35mHTTP Request\u001b[39m","method":"GET","status":401,"timestamp":"2026-03-09 22:58:29:5829","url":"/plans","userAgent":"curl/8.18.0"}
{"duration":"0ms","ip":"::1","level":"\u001b[35mhttp\u001b[39m","message":"\u001b[35mHTTP Request\u001b[39m","method":"GET","status":401,"timestamp":"2026-03-09 22:58:37:5837","url":"/plans","userAgent":"curl/8.18.0"}
{"duration":"0ms","ip":"::1","level":"\u001b[35mhttp\u001b[39m","message":"\u001b[35mHTTP Request\u001b[39m","method":"GET","status":401,"timestamp":"2026-03-09 22:58:45:5845","url":"/plans","userAgent":"curl/8.18.0"}
{"duration":"1ms","ip":"::1","level":"\u001b[35mhttp\u001b[39m","message":"\u001b[35mHTTP Request\u001b[39m","method":"GET","status":401,"timestamp":"2026-03-09 22:58:53:5853","url":"/plans","userAgent":"curl/8.18.0"}
{"duration":"1ms","ip":"::1","level":"\u001b[35mhttp\u001b[39m","message":"\u001b[35mHTTP Request\u001b[39m","method":"GET","status":401,"timestamp":"2026-03-09 22:59:00:590","url":"/plans","userAgent":"curl/8.18.0"}
{"duration":"1ms","ip":"::1","level":"\u001b[35mhttp\u001b[39m","message":"\u001b[35mHTTP Request\u001b[39m","method":"GET","status":401,"timestamp":"2026-03-09 22:59:07:597","url":"/plans","userAgent":"curl/8.18.0"}
{"duration":"1ms","ip":"::1","level":"\u001b[35mhttp\u001b[39m","message":"\u001b[35mHTTP Request\u001b[39m","method":"GET","status":401,"timestamp":"2026-03-09 22:59:26:5926","url":"/plans","userAgent":"curl/8.18.0"}
{"duration":"1ms","ip":"::1","level":"\u001b[35mhttp\u001b[39m","message":"\u001b[35mHTTP Request\u001b[39m","method":"GET","status":401,"timestamp":"2026-03-09 22:59:38:5938","url":"/plans","userAgent":"curl/8.18.0"}
{"duration":"1ms","ip":"::1","level":"\u001b[35mhttp\u001b[39m","message":"\u001b[35mHTTP Request\u001b[39m","method":"GET","status":401,"timestamp":"2026-03-09 23:05:13:513","url":"/plans","userAgent":"curl/8.18.0"}
{"duration":"1ms","ip":"::1","level":"\u001b[35mhttp\u001b[39m","message":"\u001b[35mHTTP Request\u001b[39m","method":"GET","status":401,"timestamp":"2026-03-09 23:05:21:521","url":"/plans","userAgent":"curl/8.18.0"}
{"duration":"1ms","ip":"::1","level":"\u001b[35mhttp\u001b[39m","message":"\u001b[35mHTTP Request\u001b[39m","method":"GET","status":401,"timestamp":"2026-03-09 23:05:30:530","url":"/plans","userAgent":"curl/8.18.0"}
{"duration":"1ms","ip":"::1","level":"\u001b[35mhttp\u001b[39m","message":"\u001b[35mHTTP Request\u001b[39m","method":"GET","status":401,"timestamp":"2026-03-09 23:05:37:537","url":"/plans","userAgent":"curl/8.18.0"}
{"level":"\u001b[33mwarn\u001b[39m","message":"\u001b[33mMERCADO_PAGO_ACCESS_TOKEN não configurado - Mercado Pago desativado\u001b[39m","timestamp":"2026-03-09 23:47:24:4724"}
{"environment":"development","level":"\u001b[32minfo\u001b[39m","message":"\u001b[32mSORED Backend iniciado\u001b[39m","port":"3001","timestamp":"2026-03-09 23:47:25:4725"}
{"level":"\u001b[32minfo\u001b[39m","message":"\u001b[32mMongoDB conectado com sucesso\u001b[39m","timestamp":"2026-03-09 23:47:25:4725","uri":"mongodb://localhost:27017/sored"}
{"level":"\u001b[32minfo\u001b[39m","message":"\u001b[32mMongoDB desconectado\u001b[39m","timestamp":"2026-03-09 23:55:04:554"}
