{"error":"Must provide your access_token to proceed","level":"\u001b[31merror\u001b[39m","message":"\u001b[31mErro ao criar pagamento PIX\u001b[39m","orderId":"test_123","statusCode":401,"timestamp":"2026-03-16 21:14:48:1448"}
{"error":"Must provide your access_token to proceed","level":"\u001b[31merror\u001b[39m","message":"\u001b[31mErro ao criar pagamento PIX\u001b[39m","orderId":"","statusCode":401,"timestamp":"2026-03-16 21:14:48:1448"}
{"error":"At least one policy returned UNAUTHORIZED.","level":"\u001b[31merror\u001b[39m","message":"\u001b[31mErro ao criar preferência Mercado Pago\u001b[39m","timestamp":"2026-03-16 21:14:48:1448"}
{"error":"Must provide your access_token to proceed","level":"\u001b[31merror\u001b[39m","message":"\u001b[31mErro ao criar pagamento PIX\u001b[39m","orderId":"test_123","statusCode":401,"timestamp":"2026-03-16 21:14:50:1450"}
{"details":{"cause":[{"code":5,"data":"17-03-2026T00:14:51UTC;f002c512-3005-4004-8cb6-89a49bba9a5d","description":"Must provide your access_token to proceed"}],"error":"unauthorized","message":"Must provide your access_token to proceed","status":401},"error":"Must provide your access_token to proceed","level":"\u001b[31merror\u001b[39m","message":"\u001b[31mErro ao criar pagamento PIX\u001b[39m","timestamp":"2026-03-16 21:14:50:1450"}
{"error":"Must provide your access_token to proceed","level":"\u001b[31merror\u001b[39m","message":"\u001b[31mErro ao criar pagamento PIX\u001b[39m","orderId":"test_validation_123","statusCode":401,"timestamp":"2026-03-16 21:14:53:1453"}
{"error":"Must provide your access_token to proceed","level":"\u001b[31merror\u001b[39m","message":"\u001b[31mErro ao criar pagamento PIX\u001b[39m","orderId":"test_amount_0.01","statusCode":401,"timestamp":"2026-03-16 21:14:53:1453"}
{"error":"Must provide your access_token to proceed","level":"\u001b[31merror\u001b[39m","message":"\u001b[31mErro ao criar pagamento PIX\u001b[39m","orderId":"test_qr_123","statusCode":401,"timestamp":"2026-03-16 21:14:55:1455"}
{"details":{"cause":[{"code":5,"data":"17-03-2026T00:14:57UTC;cb0552e6-0023-479c-863e-51759bd39111","description":"Must provide your access_token to proceed"}],"error":"unauthorized","message":"Must provide your access_token to proceed","status":401},"error":"Must provide your access_token to proceed","level":"\u001b[31merror\u001b[39m","message":"\u001b[31mErro ao criar pagamento PIX\u001b[39m","timestamp":"2026-03-16 21:14:55:1455"}
{"error":"Must provide your access_token to proceed","level":"\u001b[31merror\u001b[39m","message":"\u001b[31mErro ao criar pagamento PIX\u001b[39m","orderId":"test_123","statusCode":401,"timestamp":"2026-03-16 21:15:34:1534"}
{"details":{"cause":[{"code":5,"data":"17-03-2026T00:15:36UTC;b4991cc0-fd68-4fb9-a673-eb852502e2f9","description":"Must provide your access_token to proceed"}],"error":"unauthorized","message":"Must provide your access_token to proceed","status":401},"error":"Must provide your access_token to proceed","level":"\u001b[31merror\u001b[39m","message":"\u001b[31mErro ao criar pagamento PIX\u001b[39m","timestamp":"2026-03-16 21:15:34:1534"}
{"error":"Must provide your access_token to proceed","level":"\u001b[31merror\u001b[39m","message":"\u001b[31mErro ao criar pagamento PIX\u001b[39m","orderId":"test_123","statusCode":401,"timestamp":"2026-03-16 21:15:36:1536"}
{"error":"Must provide your access_token to proceed","level":"\u001b[31merror\u001b[39m","message":"\u001b[31mErro ao criar pagamento PIX\u001b[39m","orderId":"","statusCode":401,"timestamp":"2026-03-16 21:15:37:1537"}
{"error":"At least one policy returned UNAUTHORIZED.","level":"\u001b[31merror\u001b[39m","message":"\u001b[31mErro ao criar preferência Mercado Pago\u001b[39m","timestamp":"2026-03-16 21:15:37:1537"}
{"error":"Must provide your access_token to proceed","level":"\u001b[31merror\u001b[39m","message":"\u001b[31mErro ao criar pagamento PIX\u001b[39m","orderId":"test_qr_123","statusCode":401,"timestamp":"2026-03-16 21:15:39:1539"}
{"details":{"cause":[{"code":5,"data":"17-03-2026T00:15:41UTC;6912c606-15a9-446b-b1c8-04c3ad034dfb","description":"Must provide your access_token to proceed"}],"error":"unauthorized","message":"Must provide your access_token to proceed","status":401},"error":"Must provide your access_token to proceed","level":"\u001b[31merror\u001b[39m","message":"\u001b[31mErro ao criar pagamento PIX\u001b[39m","timestamp":"2026-03-16 21:15:39:1539"}
{"error":"Must provide your access_token to proceed","level":"\u001b[31merror\u001b[39m","message":"\u001b[31mErro ao criar pagamento PIX\u001b[39m","orderId":"test_validation_123","statusCode":401,"timestamp":"2026-03-16 21:15:42:1542"}
{"error":"Must provide your access_token to proceed","level":"\u001b[31merror\u001b[39m","message":"\u001b[31mErro ao criar pagamento PIX\u001b[39m","orderId":"test_amount_0.01","statusCode":401,"timestamp":"2026-03-16 21:15:42:1542"}
{"error":"Must provide your access_token to proceed","level":"\u001b[31merror\u001b[39m","message":"\u001b[31mErro ao criar pagamento PIX\u001b[39m","orderId":"test_123","statusCode":401,"timestamp":"2026-03-16 21:17:05:175"}
{"details":{"cause":[{"code":5,"data":"17-03-2026T00:17:07UTC;3264673a-5234-49ca-9040-8aed482e28b7","description":"Must provide your access_token to proceed"}],"error":"unauthorized","message":"Must provide your access_token to proceed","status":401},"error":"Must provide your access_token to proceed","level":"\u001b[31merror\u001b[39m","message":"\u001b[31mErro ao criar pagamento PIX\u001b[39m","timestamp":"2026-03-16 21:17:05:175"}
{"error":"Must provide your access_token to proceed","level":"\u001b[31merror\u001b[39m","message":"\u001b[31mErro ao criar pagamento PIX\u001b[39m","orderId":"test_123","statusCode":401,"timestamp":"2026-03-16 21:17:08:178"}
{"error":"Must provide your access_token to proceed","level":"\u001b[31merror\u001b[39m","message":"\u001b[31mErro ao criar pagamento PIX\u001b[39m","orderId":"","statusCode":401,"timestamp":"2026-03-16 21:17:08:178"}
{"error":"At least one policy returned UNAUTHORIZED.","level":"\u001b[31merror\u001b[39m","message":"\u001b[31mErro ao criar preferência Mercado Pago\u001b[39m","timestamp":"2026-03-16 21:17:08:178"}
{"error":"Must provide your access_token to proceed","level":"\u001b[31merror\u001b[39m","message":"\u001b[31mErro ao criar pagamento PIX\u001b[39m","orderId":"test_qr_123","statusCode":401,"timestamp":"2026-03-16 21:17:10:1710"}
{"details":{"cause":[{"code":5,"data":"17-03-2026T00:17:12UTC;b8ace77b-e76b-4df7-b474-c0280cb13785","description":"Must provide your access_token to proceed"}],"error":"unauthorized","message":"Must provide your access_token to proceed","status":401},"error":"Must provide your access_token to proceed","level":"\u001b[31merror\u001b[39m","message":"\u001b[31mErro ao criar pagamento PIX\u001b[39m","timestamp":"2026-03-16 21:17:10:1710"}
{"error":"Must provide your access_token to proceed","level":"\u001b[31merror\u001b[39m","message":"\u001b[31mErro ao criar pagamento PIX\u001b[39m","orderId":"test_validation_123","statusCode":401,"timestamp":"2026-03-16 21:17:13:1713"}
{"error":"Must provide your access_token to proceed","level":"\u001b[31merror\u001b[39m","message":"\u001b[31mErro ao criar pagamento PIX\u001b[39m","orderId":"test_amount_0.01","statusCode":401,"timestamp":"2026-03-16 21:17:13:1713"}
{"error":"Must provide your access_token to proceed","level":"\u001b[31merror\u001b[39m","message":"\u001b[31mErro ao criar pagamento PIX\u001b[39m","orderId":"test_123","statusCode":401,"timestamp":"2026-03-16 21:18:14:1814"}
{"details":{"cause":[{"code":5,"data":"17-03-2026T00:18:15UTC;10907b04-24d9-4d0b-921c-714c6736e106","description":"Must provide your access_token to proceed"}],"error":"unauthorized","message":"Must provide your access_token to proceed","status":401},"error":"Must provide your access_token to proceed","level":"\u001b[31merror\u001b[39m","message":"\u001b[31mErro ao criar pagamento PIX\u001b[39m","timestamp":"2026-03-16 21:18:14:1814"}
{"error":"Must provide your access_token to proceed","level":"\u001b[31merror\u001b[39m","message":"\u001b[31mErro ao criar pagamento PIX\u001b[39m","orderId":"test_123","statusCode":401,"timestamp":"2026-03-16 21:18:16:1816"}
{"error":"Must provide your access_token to proceed","level":"\u001b[31merror\u001b[39m","message":"\u001b[31mErro ao criar pagamento PIX\u001b[39m","orderId":"","statusCode":401,"timestamp":"2026-03-16 21:18:16:1816"}
{"error":"At least one policy returned UNAUTHORIZED.","level":"\u001b[31merror\u001b[39m","message":"\u001b[31mErro ao criar preferência Mercado Pago\u001b[39m","timestamp":"2026-03-16 21:18:16:1816"}
{"error":"Must provide your access_token to proceed","level":"\u001b[31merror\u001b[39m","message":"\u001b[31mErro ao criar pagamento PIX\u001b[39m","orderId":"test_qr_123","statusCode":401,"timestamp":"2026-03-16 21:18:19:1819"}
{"details":{"cause":[{"code":5,"data":"17-03-2026T00:18:21UTC;5c742582-5cf8-431e-8f78-9621d29aa06b","description":"Must provide your access_token to proceed"}],"error":"unauthorized","message":"Must provide your access_token to proceed","status":401},"error":"Must provide your access_token to proceed","level":"\u001b[31merror\u001b[39m","message":"\u001b[31mErro ao criar pagamento PIX\u001b[39m","timestamp":"2026-03-16 21:18:19:1819"}
{"error":"Must provide your access_token to proceed","level":"\u001b[31merror\u001b[39m","message":"\u001b[31mErro ao criar pagamento PIX\u001b[39m","orderId":"test_validation_123","statusCode":401,"timestamp":"2026-03-16 21:18:21:1821"}
{"error":"Must provide your access_token to proceed","level":"\u001b[31merror\u001b[39m","message":"\u001b[31mErro ao criar pagamento PIX\u001b[39m","orderId":"test_amount_0.01","statusCode":401,"timestamp":"2026-03-16 21:18:21:1821"}
